#
# A fatal error has been detected by the Java Runtime Environment:
#
#  EXCEPTION_ACCESS_VIOLATION (0xc0000005) at pc=0x00007ff819463dad, pid=19440, tid=16300
#
# JRE version: Java(TM) SE Runtime Environment (9.0+11) (build 9.0.4+11)
# Java VM: Java HotSpot(TM) 64-Bit Server VM (9.0.4+11, mixed mode, tiered, compressed oops, g1 gc, windows-amd64)
# Problematic frame:
# C  0x00007ff819463dad
#
# No core dump will be written. Minidumps are not enabled by default on client versions of Windows
#
# If you would like to submit a bug report, please visit:
#   http://bugreport.java.com/bugreport/crash.jsp
# The crash happened outside the Java Virtual Machine in native code.
# See problematic frame for where to report the bug.
#

---------------  S U M M A R Y ------------

Command Line: -Dsun.java2d.pmoffscreen=false -Dsun.java2d.xrender=false -Dsun.java2d.d3d=false -Dsun.awt.nopixfmt=true -Dsun.java2d.dpiaware=true -Dsun.java2d.uiScale.enabled=false -Xverify:none -Dswing.aatext=true -XX:-UsePerfData -Djdk.map.althashing.threshold=512 -XX:StringTableSize=4072 --add-opens=java.base/java.nio=ALL-UNNAMED --add-opens=java.desktop/sun.swing=ALL-UNNAMED --add-opens=java.desktop/javax.swing=ALL-UNNAMED --add-opens=java.desktop/javax.swing.tree=ALL-UNNAMED --add-opens=java.desktop/javax.swing.plaf.basic=ALL-UNNAMED --add-opens=java.desktop/javax.swing.plaf.synth=ALL-UNNAMED --add-opens=java.desktop/com.sun.awt=ALL-UNNAMED -XX:NewSize=60m -XX:MaxNewSize=60m -Xms128m -Xmx3072m -Xss5m -agentpath:C:\Program Files\SentinelOne\Sentinel Agent 25.1.3.334\SentinelJava64.dll=extendedCapabilities 

Host: Intel(R) Core(TM) Ultra 7 165U, 14 cores, 31G,  Windows 10 , 64 bit Build 26100 (10.0.26100.8521)
Time: Wed Jul 01 10:20:10 2026 Mitteleuropäische Sommerzeit elapsed time: 158986 seconds (1d 20h 9m 46s)

---------------  T H R E A D  ---------------

Current thread (0x000001e71f0f8000):  JavaThread "AWT-EventQueue-1" [_thread_in_native, id=16300, stack(0x0000005777800000,0x0000005777d00000)]

Stack: [0x0000005777800000,0x0000005777d00000],  sp=0x0000005777cfc880,  free space=5106k
Native frames: (J=compiled Java code, j=interpreted, Vv=VM code, C=native code)

Java frames: (J=compiled Java code, j=interpreted, Vv=VM code)
J 20771  ui.data.labtools.lthwdatai.HWDevice_getStatus(J)Ljava/lang/String; (0 bytes) @ 0x000001e70fc90ba1 [0x000001e70fc90b60+0x0000000000000041]
J 21178 c1 ui.data.labtools.d.cH()Ljava/lang/String; (8 bytes) @ 0x000001e707c5e5bc [0x000001e707c5e540+0x000000000000007c]
j  ui.b.t.ag.cTv()V+70
j  ui.b.t.ag.av(Lui/data/bh;)V+13
j  ui.b.c.bL.ax(Lui/data/bh;)V+7
j  ui.b.c.bl.ax(Lui/data/bh;)V+35
j  ui.views.cz.ax(Lui/data/bh;)V+5
j  ui.views.cz.display()V+107
j  ui.views.cz.fhz()V+52
j  ui.views.cz.df(Ljava/util/Collection;)V+260
j  ui.views.cz.bC(Lui/data/bh;)V+7
j  ui.views.cz.j(Ljava/lang/Object;)V+30
j  ui.views.bD.j(Ljava/lang/Object;)V+2
J 31688 c1 ui.data.u.a(Lui/data/aa;Lui/frmwork/b/i;)V (2320 bytes) @ 0x000001e70a496664 [0x000001e70a4853a0+0x00000000000112c4]
J 31687 c1 ui.data.Z.a(Lui/frmwork/b/i;)V (9 bytes) @ 0x000001e707d2fc6c [0x000001e707d2fbc0+0x00000000000000ac]
J 31760 c2 ui.frmwork.b.l.d(Lui/frmwork/b/i;)V (61 bytes) @ 0x000001e70ff202b4 [0x000001e70ff1fd80+0x0000000000000534]
J 31772 c2 ui.frmwork.HTclEventBroker.i(JZ)V (471 bytes) @ 0x000001e710a53424 [0x000001e710a51a80+0x00000000000019a4]
J 21656 c1 ui.frmwork.HTclEventBroker$$Lambda$205.run()V (12 bytes) @ 0x000001e709caa8f4 [0x000001e709caa800+0x00000000000000f4]
J 28076 c2 java.awt.EventQueue$3.run()Ljava/lang/Object; java.desktop@9.0.4 (5 bytes) @ 0x000001e7100fa9d0 [0x000001e7100fa000+0x00000000000009d0]
v  ~StubRoutines::call_stub
J 4483  java.security.AccessController.doPrivileged(Ljava/security/PrivilegedAction;Ljava/security/AccessControlContext;)Ljava/lang/Object; java.base@9.0.4 (0 bytes) @ 0x000001e70e8c9e46 [0x000001e70e8c9de0+0x0000000000000066]
J 15473 c2 java.awt.EventQueue.dispatchEvent(Ljava/awt/AWTEvent;)V java.desktop@9.0.4 (80 bytes) @ 0x000001e70f50a90c [0x000001e70f50a540+0x00000000000003cc]
J 27224 c2 ui.frmwork.b.d.dispatchEvent(Ljava/awt/AWTEvent;)V (34 bytes) @ 0x000001e710309cfc [0x000001e710309bc0+0x000000000000013c]
J 32339 c2 java.awt.EventDispatchThread.pumpOneEventForFilters(I)V java.desktop@9.0.4 (218 bytes) @ 0x000001e70eed8020 [0x000001e70eed7b00+0x0000000000000520]
J 20045% c2 java.awt.EventDispatchThread.pumpEventsForFilter(ILjava/awt/Conditional;Ljava/awt/EventFilter;)V java.desktop@9.0.4 (47 bytes) @ 0x000001e70fb614e8 [0x000001e70fb613c0+0x0000000000000128]
j  java.awt.EventDispatchThread.pumpEventsForHierarchy(ILjava/awt/Conditional;Ljava/awt/Component;)V+11 java.desktop@9.0.4
j  java.awt.EventDispatchThread.pumpEvents(ILjava/awt/Conditional;)V+4 java.desktop@9.0.4
j  java.awt.EventDispatchThread.pumpEvents(Ljava/awt/Conditional;)V+3 java.desktop@9.0.4
j  java.awt.EventDispatchThread.run()V+9 java.desktop@9.0.4
v  ~StubRoutines::call_stub

siginfo: EXCEPTION_ACCESS_VIOLATION (0xc0000005), reading address 0xffffffffffffffff


Register to memory mapping:

RIP=0x00007ff819463dad is an unknown value
RAX=0x0000005777cfc918 is pointing into the stack for thread: 0x000001e71f0f8000
RBX=0x006001580001fff5 is an unknown value
RCX=0x000001e7229356c0 is an unknown value
RDX=0x000000000000002b is an unknown value
RSP=0x0000005777cfc880 is pointing into the stack for thread: 0x000001e71f0f8000
RBP=0x0000000000000000 is an unknown value
RSI=0x000001e7229356c0 is an unknown value
RDI=0x000001e7289afff0 is an unknown value
R8 =0x0000000000000000 is an unknown value
R9 =0x0000000000000000 is an unknown value
R10=0x000001e771c10000 is an unknown value
R11=0x0000005777cfc870 is pointing into the stack for thread: 0x000001e71f0f8000
R12=0x0000000000000000 is an unknown value
R13=0x0000005777cfcb18 is pointing into the stack for thread: 0x000001e71f0f8000
R14=0x0000000000000000 is an unknown value
R15=0x000001e71f0f8000 is a thread


Registers:
RAX=0x0000005777cfc918, RBX=0x006001580001fff5, RCX=0x000001e7229356c0, RDX=0x000000000000002b
RSP=0x0000005777cfc880, RBP=0x0000000000000000, RSI=0x000001e7229356c0, RDI=0x000001e7289afff0
R8 =0x0000000000000000, R9 =0x0000000000000000, R10=0x000001e771c10000, R11=0x0000005777cfc870
R12=0x0000000000000000, R13=0x0000005777cfcb18, R14=0x0000000000000000, R15=0x000001e71f0f8000
RIP=0x00007ff819463dad, EFLAGS=0x0000000000010202

Top of Stack: (sp=0x0000005777cfc880)
0x0000005777cfc880:   0000005777cfc918 0000005777cfc918
0x0000005777cfc890:   0000005777cfcac0 000001e71f0f8218
0x0000005777cfc8a0:   fffffffffffffffe 00656c62616d6d61
0x0000005777cfc8b0:   0000000000000000 000001e7289afff0
0x0000005777cfc8c0:   000001e71f0f8218 00007ff8194a3aad
0x0000005777cfc8d0:   000001e7289afff0 00007ff80000002b
0x0000005777cfc8e0:   0000005777cfcac0 000001e70e923a74
0x0000005777cfc8f0:   fffffffffffffffe 0000000700000000
0x0000005777cfc900:   0000005777cfc9d0 00007ff81b813028
0x0000005777cfc910:   000000570000002b 000001e70000002b
0x0000005777cfc920:   0000000702dbdf80 e00f388100000000
0x0000005777cfc930:   0000000700000001 fffffffffffffffe
0x0000005777cfc940:   000001e72d907ae0 00007ff81ba56c57
0x0000005777cfc950:   000001e72a8f79a0 0000005777cfc9d0
0x0000005777cfc960:   0000000000000000 0000000702db9370
0x0000005777cfc970:   000001e71f0f8218 fffffffffffffffe 

Instructions: (pc=0x00007ff819463dad)
0x00007ff819463d8d:   c7 44 24 20 fe ff ff ff 48 89 5c 24 50 48 89 6c
0x00007ff819463d9d:   24 60 41 0f b6 e9 45 8b f0 48 8b f1 48 8b 59 08
0x00007ff819463dad:   48 8b 7b 08 80 7f 19 00 75 2d 66 0f 1f 84 00 00
0x00007ff819463dbd:   00 00 00 48 8d 4f 20 48 8d 54 24 58 e8 92 aa ff 



---------------  P R O C E S S  ---------------

Java Threads: ( => current thread )
  0x000001e72af9a000 JavaThread "Remove Sources" [_thread_blocked, id=9372, stack(0x000000577e300000,0x000000577e800000)]
  0x000001e78653e800 JavaThread "Monitor File Timestamp Swing Worker" [_thread_blocked, id=19444, stack(0x000000577de00000,0x000000577e300000)]
  0x000001e78653d000 JavaThread "Timer-9" [_thread_blocked, id=15840, stack(0x000000577d900000,0x000000577de00000)]
  0x000001e71e932800 JavaThread "Monitor File Timestamp Swing Worker" [_thread_blocked, id=21328, stack(0x000000577d400000,0x000000577d900000)]
  0x000001e71e935000 JavaThread "Timer-8" [_thread_blocked, id=1564, stack(0x000000577cf00000,0x000000577d400000)]
  0x000001e786540000 JavaThread "Monitor File Timestamp Swing Worker" [_thread_blocked, id=2456, stack(0x000000577ca00000,0x000000577cf00000)]
  0x000001e78653d800 JavaThread "Timer-6" [_thread_blocked, id=26328, stack(0x000000577c500000,0x000000577ca00000)]
  0x000001e72af96000 JavaThread "Thread-41517" [_thread_in_native, id=11532, stack(0x0000005776900000,0x0000005776a00000)]
  0x000001e78653a000 JavaThread "SyntheticaAnimation 50" daemon [_thread_blocked, id=3356, stack(0x0000005778700000,0x0000005778c00000)]
  0x000001e786536000 JavaThread "Image Animator 0" daemon [_thread_blocked, id=15324, stack(0x000000577c000000,0x000000577c500000)]
  0x000001e72af9b800 JavaThread "Swing-Shell" daemon [_thread_blocked, id=17080, stack(0x0000005779b00000,0x000000577a000000)]
  0x000001e72af9a800 JavaThread "SyntheticaAnimation 50" daemon [_thread_blocked, id=22540, stack(0x0000005777d00000,0x0000005778200000)]
  0x000001e72af95800 JavaThread "Update Runs Swing Worker" [_thread_blocked, id=3852, stack(0x000000577b900000,0x000000577be00000)]
  0x000001e72af97800 JavaThread "hw_ila_monitor" [_thread_blocked, id=15696, stack(0x000000577aa00000,0x000000577af00000)]
  0x000001e72af97000 JavaThread "Refresh Filesets Swing Worker" [_thread_blocked, id=5000, stack(0x000000577a500000,0x000000577aa00000)]
  0x000001e71e936800 JavaThread "SyntheticaAnimation 70" daemon [_thread_blocked, id=24564, stack(0x000000577a000000,0x000000577a500000)]
  0x000001e71e934000 JavaThread "SyntheticaAnimation 25" daemon [_thread_blocked, id=5380, stack(0x0000005779600000,0x0000005779b00000)]
  0x000001e71e937000 JavaThread "SyntheticaAnimation 50" daemon [_thread_blocked, id=23332, stack(0x0000005779100000,0x0000005779600000)]
  0x000001e71e930800 JavaThread "Monitor HEventQueue" [_thread_blocked, id=24484, stack(0x0000005778c00000,0x0000005779100000)]
  0x000001e71e932000 JavaThread "SyntheticaCleanerThread" daemon [_thread_blocked, id=14408, stack(0x0000005778200000,0x0000005778700000)]
  0x000001e71e931000 JavaThread "Batik CleanerThread" daemon [_thread_blocked, id=22788, stack(0x0000005775a00000,0x0000005775f00000)]
=>0x000001e71f0f8000 JavaThread "AWT-EventQueue-1" [_thread_in_native, id=16300, stack(0x0000005777800000,0x0000005777d00000)]
  0x000001e71f8e8800 JavaThread "AWT-Shutdown" [_thread_blocked, id=20684, stack(0x0000005777300000,0x0000005777800000)]
  0x000001e71f77f800 JavaThread "Process Messages" [_thread_blocked, id=13944, stack(0x0000005776e00000,0x0000005777300000)]
  0x000001e71ea63000 JavaThread "Thread-1" [_thread_in_native, id=21780, stack(0x000000576fa00000,0x0000005770e00000)]
  0x000001e776a75800 JavaThread "TimerQueue" daemon [_thread_blocked, id=18968, stack(0x0000005776400000,0x0000005776900000)]
  0x000001e776771000 JavaThread "AWT-Windows" daemon [_thread_in_native, id=3440, stack(0x0000005775f00000,0x0000005776400000)]
  0x000001e776532000 JavaThread "Java2D Disposer" daemon [_thread_blocked, id=2132, stack(0x0000005775500000,0x0000005775a00000)]
  0x000001e7762a6000 JavaThread "Service Thread" daemon [_thread_blocked, id=3572, stack(0x0000005774f00000,0x0000005775400000)]
  0x000001e77f58e000 JavaThread "Common-Cleaner" daemon [_thread_blocked, id=23148, stack(0x0000005774a00000,0x0000005774f00000)]
  0x000001e77408d000 JavaThread "Sweeper thread" daemon [_thread_blocked, id=18960, stack(0x0000005774500000,0x0000005774a00000)]
  0x000001e77a8fe000 JavaThread "C1 CompilerThread3" daemon [_thread_blocked, id=24448, stack(0x0000005774400000,0x0000005774500000)]
  0x000001e77f1e1800 JavaThread "C2 CompilerThread2" daemon [_thread_blocked, id=5064, stack(0x0000005774300000,0x0000005774400000)]
  0x000001e77f1df000 JavaThread "C2 CompilerThread1" daemon [_thread_blocked, id=18764, stack(0x0000005774200000,0x0000005774300000)]
  0x000001e77f1de800 JavaThread "C2 CompilerThread0" daemon [_thread_blocked, id=2980, stack(0x0000005774100000,0x0000005774200000)]
  0x000001e77f1dd000 JavaThread "Attach Listener" daemon [_thread_blocked, id=19464, stack(0x0000005773c00000,0x0000005774100000)]
  0x000001e77cfce000 JavaThread "Signal Dispatcher" daemon [_thread_blocked, id=11912, stack(0x0000005773700000,0x0000005773c00000)]
  0x000001e77cfc1800 JavaThread "Finalizer" daemon [_thread_blocked, id=10800, stack(0x0000005773200000,0x0000005773700000)]
  0x000001e77cfb9000 JavaThread "Reference Handler" daemon [_thread_blocked, id=19984, stack(0x0000005772d00000,0x0000005773200000)]
  0x000001e779db3800 JavaThread "main" [_thread_blocked, id=23364, stack(0x000000576f900000,0x000000576fa00000)]

Other Threads:
  0x000001e774828800 VMThread "VM Thread" [stack: 0x0000005772c00000,0x0000005772d00000] [id=14292]
  0x000001e776198000 WatcherThread [stack: 0x0000005775400000,0x0000005775500000] [id=22376]
  0x000001e779dd1000 GCTaskThread "GC Thread#0" [stack: 0x0000005771100000,0x0000005771200000] [id=23352]
  0x000001e7791ce800 GCTaskThread "GC Thread#1" [stack: 0x0000005771200000,0x0000005771300000] [id=23800]
  0x000001e7791d0800 GCTaskThread "GC Thread#2" [stack: 0x0000005771300000,0x0000005771400000] [id=24376]
  0x000001e7791d0000 GCTaskThread "GC Thread#3" [stack: 0x0000005771400000,0x0000005771500000] [id=12064]
  0x000001e7791cf800 GCTaskThread "GC Thread#4" [stack: 0x0000005771500000,0x0000005771600000] [id=13416]
  0x000001e7791d1000 GCTaskThread "GC Thread#5" [stack: 0x0000005771600000,0x0000005771700000] [id=13652]
  0x000001e7791ce000 GCTaskThread "GC Thread#6" [stack: 0x0000005771700000,0x0000005771800000] [id=17728]
  0x000001e779b4c000 GCTaskThread "GC Thread#7" [stack: 0x0000005771800000,0x0000005771900000] [id=10304]
  0x000001e779b4c800 GCTaskThread "GC Thread#8" [stack: 0x0000005771900000,0x0000005771a00000] [id=23976]
  0x000001e779b4b000 GCTaskThread "GC Thread#9" [stack: 0x0000005771a00000,0x0000005771b00000] [id=1796]
  0x000001e779b4a800 GCTaskThread "GC Thread#10" [stack: 0x0000005771b00000,0x0000005771c00000] [id=2240]
  0x000001e77d303800 ConcurrentGCThread "G1 Main Marker" [stack: 0x0000005772800000,0x0000005772900000] [id=23232]
  0x000001e779b49800 ConcurrentGCThread "G1 Marker#0" [stack: 0x0000005772900000,0x0000005772a00000] [id=10628]
  0x000001e779b4d000 ConcurrentGCThread "G1 Marker#1" [stack: 0x0000005772a00000,0x0000005772b00000] [id=21864]
  0x000001e779b4a000 ConcurrentGCThread "G1 Marker#2" [stack: 0x0000005772b00000,0x0000005772c00000] [id=7428]
  0x000001e77ed1d800 ConcurrentGCThread "G1 Refine#0" [stack: 0x0000005772600000,0x0000005772700000] [id=17336]
  0x000001e77ed1c800 ConcurrentGCThread "G1 Refine#1" [stack: 0x0000005772500000,0x0000005772600000] [id=11776]
  0x000001e77f1d4800 ConcurrentGCThread "G1 Refine#2" [stack: 0x0000005772400000,0x0000005772500000] [id=988]
  0x000001e77f1d4000 ConcurrentGCThread "G1 Refine#3" [stack: 0x0000005772300000,0x0000005772400000] [id=21668]
  0x000001e77f1d3800 ConcurrentGCThread "G1 Refine#4" [stack: 0x0000005772200000,0x0000005772300000] [id=23216]
  0x000001e779c5a800 ConcurrentGCThread "G1 Refine#5" [stack: 0x0000005772100000,0x0000005772200000] [id=5312]
  0x000001e77d48b800 ConcurrentGCThread "G1 Refine#6" [stack: 0x0000005772000000,0x0000005772100000] [id=7244]
  0x000001e77d48b000 ConcurrentGCThread "G1 Refine#7" [stack: 0x0000005771f00000,0x0000005772000000] [id=23928]
  0x000001e77d48a800 ConcurrentGCThread "G1 Refine#8" [stack: 0x0000005771e00000,0x0000005771f00000] [id=23568]
  0x000001e77f3e4800 ConcurrentGCThread "G1 Refine#9" [stack: 0x0000005771d00000,0x0000005771e00000] [id=20808]
  0x000001e77f3e4000 ConcurrentGCThread "G1 Refine#10" [stack: 0x0000005771c00000,0x0000005771d00000] [id=14624]
  0x000001e779456800 ConcurrentGCThread "G1 Young RemSet Sampling" [stack: 0x0000005772700000,0x0000005772800000] [id=17428]

Threads with active compile tasks:

VM state:not at safepoint (normal execution)

VM Mutex/Monitor currently owned by a thread: None

Heap address: 0x0000000700000000, size: 3072 MB, Compressed Oops mode: Zero based, Oop shift amount: 3
Narrow klass base: 0x0000000000000000, Narrow klass shift: 3
Compressed class space size: 1073741824 Address: 0x00000007c0000000

Heap:
 garbage-first heap   total 270336K, used 160611K [0x0000000700000000, 0x0000000700100840, 0x00000007c0000000)
  region size 1024K, 28 young (28672K), 3 survivors (3072K)
 Metaspace       used 97917K, capacity 101741K, committed 104524K, reserved 1138688K
  class space    used 13169K, capacity 13905K, committed 14464K, reserved 1048576K
Heap Regions: E=young(eden), S=young(survivor), O=old, HS=humongous(starts), HC=humongous(continues), CS=collection set, F=free, A=archive, TS=gc time stamp, AC=allocation context, TAMS=top-at-mark-start (previous, next)
|   0|0x0000000700000000, 0x00000007000fec90, 0x0000000700100000| 99%| O|  |TS  0|AC  0|TAMS 0x00000007000fec90, 0x00000007000fec90|
|   1|0x0000000700100000, 0x0000000700200000, 0x0000000700200000|100%|HS|  |TS  0|AC  0|TAMS 0x0000000700200000, 0x0000000700200000|
|   2|0x0000000700200000, 0x0000000700300000, 0x0000000700300000|100%|HC|  |TS  0|AC  0|TAMS 0x0000000700300000, 0x0000000700300000|
|   3|0x0000000700300000, 0x0000000700400000, 0x0000000700400000|100%|HS|  |TS  0|AC  0|TAMS 0x0000000700400000, 0x0000000700400000|
|   4|0x0000000700400000, 0x00000007004fd3a0, 0x0000000700500000| 98%| O|  |TS  0|AC  0|TAMS 0x00000007004fd3a0, 0x00000007004fd3a0|
|   5|0x0000000700500000, 0x0000000700600000, 0x0000000700600000|100%| O|  |TS  0|AC  0|TAMS 0x0000000700600000, 0x0000000700600000|
|   6|0x0000000700600000, 0x00000007006fffd8, 0x0000000700700000| 99%| O|  |TS  0|AC  0|TAMS 0x00000007006fffd8, 0x00000007006fffd8|
|   7|0x0000000700700000, 0x0000000700800000, 0x0000000700800000|100%| O|  |TS  0|AC  0|TAMS 0x0000000700800000, 0x0000000700800000|
|   8|0x0000000700800000, 0x00000007008ffd58, 0x0000000700900000| 99%| O|  |TS  0|AC  0|TAMS 0x00000007008ffd58, 0x00000007008ffd58|
|   9|0x0000000700900000, 0x00000007009f2be0, 0x0000000700a00000| 94%| O|  |TS  0|AC  0|TAMS 0x00000007009f2be0, 0x00000007009f2be0|
|  10|0x0000000700a00000, 0x0000000700aff430, 0x0000000700b00000| 99%| O|  |TS  0|AC  0|TAMS 0x0000000700aff430, 0x0000000700aff430|
|  11|0x0000000700b00000, 0x0000000700bfcab8, 0x0000000700c00000| 98%| O|  |TS  0|AC  0|TAMS 0x0000000700bfcab8, 0x0000000700bfcab8|
|  12|0x0000000700c00000, 0x0000000700cf09d8, 0x0000000700d00000| 93%| O|  |TS  0|AC  0|TAMS 0x0000000700cf09d8, 0x0000000700cf09d8|
|  13|0x0000000700d00000, 0x0000000700dffff8, 0x0000000700e00000| 99%| O|  |TS  0|AC  0|TAMS 0x0000000700dffff8, 0x0000000700dffff8|
|  14|0x0000000700e00000, 0x0000000700efffe0, 0x0000000700f00000| 99%| O|  |TS  0|AC  0|TAMS 0x0000000700efffe0, 0x0000000700efffe0|
|  15|0x0000000700f00000, 0x0000000700fffff0, 0x0000000701000000| 99%| O|  |TS  0|AC  0|TAMS 0x0000000700fffff0, 0x0000000700fffff0|
|  16|0x0000000701000000, 0x00000007010ffff0, 0x0000000701100000| 99%| O|  |TS  0|AC  0|TAMS 0x00000007010ffff0, 0x00000007010ffff0|
|  17|0x0000000701100000, 0x0000000701200000, 0x0000000701200000|100%| O|  |TS  0|AC  0|TAMS 0x0000000701200000, 0x0000000701200000|
|  18|0x0000000701200000, 0x0000000701300000, 0x0000000701300000|100%| O|  |TS  0|AC  0|TAMS 0x0000000701300000, 0x0000000701300000|
|  19|0x0000000701300000, 0x00000007013ea940, 0x0000000701400000| 91%| O|  |TS  0|AC  0|TAMS 0x00000007013ea940, 0x00000007013ea940|
|  20|0x0000000701400000, 0x00000007014fffe8, 0x0000000701500000| 99%| O|  |TS  0|AC  0|TAMS 0x00000007014fffe8, 0x00000007014fffe8|
|  21|0x0000000701500000, 0x00000007015ffff8, 0x0000000701600000| 99%| O|  |TS  0|AC  0|TAMS 0x00000007015ffff8, 0x00000007015ffff8|
|  22|0x0000000701600000, 0x00000007016ffff0, 0x0000000701700000| 99%| O|  |TS  0|AC  0|TAMS 0x00000007016ffff0, 0x00000007016ffff0|
|  23|0x0000000701700000, 0x00000007017fffc8, 0x0000000701800000| 99%| O|  |TS  0|AC  0|TAMS 0x00000007017fffc8, 0x00000007017fffc8|
|  24|0x0000000701800000, 0x0000000701900000, 0x0000000701900000|100%| O|  |TS  0|AC  0|TAMS 0x0000000701900000, 0x0000000701900000|
|  25|0x0000000701900000, 0x0000000701a00000, 0x0000000701a00000|100%| O|  |TS  0|AC  0|TAMS 0x0000000701a00000, 0x0000000701a00000|
|  26|0x0000000701a00000, 0x0000000701affff8, 0x0000000701b00000| 99%| O|  |TS  0|AC  0|TAMS 0x0000000701affff8, 0x0000000701affff8|
|  27|0x0000000701b00000, 0x0000000701bfff68, 0x0000000701c00000| 99%| O|  |TS  0|AC  0|TAMS 0x0000000701bfff68, 0x0000000701bfff68|
|  28|0x0000000701c00000, 0x0000000701cffff0, 0x0000000701d00000| 99%| O|  |TS  0|AC  0|TAMS 0x0000000701cffff0, 0x0000000701cffff0|
|  29|0x0000000701d00000, 0x0000000701dfffd8, 0x0000000701e00000| 99%| O|  |TS  0|AC  0|TAMS 0x0000000701dfffd8, 0x0000000701dfffd8|
|  30|0x0000000701e00000, 0x0000000701effff8, 0x0000000701f00000| 99%| O|  |TS  0|AC  0|TAMS 0x0000000701effff8, 0x0000000701effff8|
|  31|0x0000000701f00000, 0x0000000701fffff0, 0x0000000702000000| 99%| O|  |TS  0|AC  0|TAMS 0x0000000701fffff0, 0x0000000701fffff0|
|  32|0x0000000702000000, 0x00000007020ffa18, 0x0000000702100000| 99%| O|  |TS  0|AC  0|TAMS 0x00000007020ffa18, 0x00000007020ffa18|
|  33|0x0000000702100000, 0x0000000702200000, 0x0000000702200000|100%| O|  |TS  0|AC  0|TAMS 0x0000000702200000, 0x0000000702200000|
|  34|0x0000000702200000, 0x00000007022fff78, 0x0000000702300000| 99%| O|  |TS  0|AC  0|TAMS 0x00000007022fff78, 0x00000007022fff78|
|  35|0x0000000702300000, 0x00000007023fff48, 0x0000000702400000| 99%| O|  |TS  0|AC  0|TAMS 0x00000007023fff48, 0x00000007023fff48|
|  36|0x0000000702400000, 0x0000000702500000, 0x0000000702500000|100%| O|  |TS  0|AC  0|TAMS 0x0000000702500000, 0x0000000702500000|
|  37|0x0000000702500000, 0x00000007025ffdf0, 0x0000000702600000| 99%| O|  |TS  0|AC  0|TAMS 0x00000007025ffdf0, 0x00000007025ffdf0|
|  38|0x0000000702600000, 0x00000007026fffe0, 0x0000000702700000| 99%| O|  |TS  0|AC  0|TAMS 0x00000007026fffe0, 0x00000007026fffe0|
|  39|0x0000000702700000, 0x0000000702800000, 0x0000000702800000|100%| O|  |TS  0|AC  0|TAMS 0x0000000702800000, 0x0000000702800000|
|  40|0x0000000702800000, 0x00000007028fffe8, 0x0000000702900000| 99%| O|  |TS  0|AC  0|TAMS 0x00000007028fffe8, 0x00000007028fffe8|
|  41|0x0000000702900000, 0x00000007029efec8, 0x0000000702a00000| 93%| O|  |TS  0|AC  0|TAMS 0x00000007029efec8, 0x00000007029efec8|
|  42|0x0000000702a00000, 0x0000000702affaa8, 0x0000000702b00000| 99%| O|  |TS  0|AC  0|TAMS 0x0000000702affaa8, 0x0000000702affaa8|
|  43|0x0000000702b00000, 0x0000000702c00000, 0x0000000702c00000|100%| O|  |TS  0|AC  0|TAMS 0x0000000702c00000, 0x0000000702c00000|
|  44|0x0000000702c00000, 0x0000000702cfffe8, 0x0000000702d00000| 99%| O|  |TS  0|AC  0|TAMS 0x0000000702cfffe8, 0x0000000702cfffe8|
|  45|0x0000000702d00000, 0x0000000702dffff8, 0x0000000702e00000| 99%| O|  |TS  0|AC  0|TAMS 0x0000000702dffff8, 0x0000000702dffff8|
|  46|0x0000000702e00000, 0x0000000702effff0, 0x0000000702f00000| 99%| O|  |TS  0|AC  0|TAMS 0x0000000702effff0, 0x0000000702effff0|
|  47|0x0000000702f00000, 0x0000000702fffff8, 0x0000000703000000| 99%| O|  |TS  0|AC  0|TAMS 0x0000000702fffff8, 0x0000000702fffff8|
|  48|0x0000000703000000, 0x00000007030fff28, 0x0000000703100000| 99%| O|  |TS  0|AC  0|TAMS 0x00000007030fff28, 0x00000007030fff28|
|  49|0x0000000703100000, 0x00000007031ffe68, 0x0000000703200000| 99%| O|  |TS  0|AC  0|TAMS 0x00000007031ffe68, 0x00000007031ffe68|
|  50|0x0000000703200000, 0x00000007032fffd8, 0x0000000703300000| 99%| O|  |TS  0|AC  0|TAMS 0x00000007032fffd8, 0x00000007032fffd8|
|  51|0x0000000703300000, 0x00000007033fbae0, 0x0000000703400000| 98%| O|  |TS  0|AC  0|TAMS 0x00000007033fbae0, 0x00000007033fbae0|
|  52|0x0000000703400000, 0x00000007034fffe8, 0x0000000703500000| 99%| O|  |TS  0|AC  0|TAMS 0x00000007034fffe8, 0x00000007034fffe8|
|  53|0x0000000703500000, 0x00000007035ffff0, 0x0000000703600000| 99%| O|  |TS  0|AC  0|TAMS 0x00000007035ffff0, 0x00000007035ffff0|
|  54|0x0000000703600000, 0x00000007036ff960, 0x0000000703700000| 99%| O|  |TS  0|AC  0|TAMS 0x00000007036ff960, 0x00000007036ff960|
|  55|0x0000000703700000, 0x00000007037ffff0, 0x0000000703800000| 99%| O|  |TS  0|AC  0|TAMS 0x00000007037ffff0, 0x00000007037ffff0|
|  56|0x0000000703800000, 0x00000007038ffe60, 0x0000000703900000| 99%| O|  |TS  0|AC  0|TAMS 0x00000007038ffe60, 0x00000007038ffe60|
|  57|0x0000000703900000, 0x00000007039df750, 0x0000000703a00000| 87%| O|  |TS  0|AC  0|TAMS 0x00000007039df750, 0x00000007039df750|
|  58|0x0000000703a00000, 0x0000000703b00000, 0x0000000703b00000|100%| O|  |TS  0|AC  0|TAMS 0x0000000703b00000, 0x0000000703b00000|
|  59|0x0000000703b00000, 0x0000000703bffff8, 0x0000000703c00000| 99%| O|  |TS  0|AC  0|TAMS 0x0000000703bffff8, 0x0000000703bffff8|
|  60|0x0000000703c00000, 0x0000000703cffff0, 0x0000000703d00000| 99%| O|  |TS  0|AC  0|TAMS 0x0000000703cffff0, 0x0000000703cffff0|
|  61|0x0000000703d00000, 0x0000000703dfe538, 0x0000000703e00000| 99%| O|  |TS  0|AC  0|TAMS 0x0000000703dfe538, 0x0000000703dfe538|
|  62|0x0000000703e00000, 0x0000000703efffd0, 0x0000000703f00000| 99%| O|  |TS  0|AC  0|TAMS 0x0000000703efffd0, 0x0000000703efffd0|
|  63|0x0000000703f00000, 0x0000000704000000, 0x0000000704000000|100%| O|  |TS 23|AC  0|TAMS 0x0000000703f00000, 0x0000000703f00000|
|  64|0x0000000704000000, 0x0000000704100000, 0x0000000704100000|100%| O|  |TS  0|AC  0|TAMS 0x0000000704100000, 0x0000000704100000|
|  65|0x0000000704100000, 0x00000007041ffff8, 0x0000000704200000| 99%| O|  |TS  0|AC  0|TAMS 0x00000007041ffff8, 0x00000007041ffff8|
|  66|0x0000000704200000, 0x00000007042fffe8, 0x0000000704300000| 99%| O|  |TS  0|AC  0|TAMS 0x00000007042fffe8, 0x00000007042fffe8|
|  67|0x0000000704300000, 0x0000000704400000, 0x0000000704400000|100%| O|  |TS  0|AC  0|TAMS 0x0000000704400000, 0x0000000704400000|
|  68|0x0000000704400000, 0x00000007044fffe8, 0x0000000704500000| 99%| O|  |TS  0|AC  0|TAMS 0x00000007044fffe8, 0x00000007044fffe8|
|  69|0x0000000704500000, 0x00000007045ffff8, 0x0000000704600000| 99%| O|  |TS  0|AC  0|TAMS 0x00000007045ffff8, 0x00000007045ffff8|
|  70|0x0000000704600000, 0x0000000704700000, 0x0000000704700000|100%| O|  |TS  0|AC  0|TAMS 0x0000000704700000, 0x0000000704700000|
|  71|0x0000000704700000, 0x0000000704800000, 0x0000000704800000|100%| O|  |TS 21|AC  0|TAMS 0x0000000704726c00, 0x0000000704726c00|
|  72|0x0000000704800000, 0x0000000704900000, 0x0000000704900000|100%| O|  |TS  0|AC  0|TAMS 0x0000000704900000, 0x0000000704900000|
|  73|0x0000000704900000, 0x0000000704a00000, 0x0000000704a00000|100%| O|  |TS  0|AC  0|TAMS 0x0000000704a00000, 0x0000000704a00000|
|  74|0x0000000704a00000, 0x0000000704b00000, 0x0000000704b00000|100%| O|  |TS  0|AC  0|TAMS 0x0000000704b00000, 0x0000000704b00000|
|  75|0x0000000704b00000, 0x0000000704c00000, 0x0000000704c00000|100%| O|  |TS 29|AC  0|TAMS 0x0000000704b00000, 0x0000000704b00000|
|  76|0x0000000704c00000, 0x0000000704d00000, 0x0000000704d00000|100%| O|  |TS  0|AC  0|TAMS 0x0000000704d00000, 0x0000000704d00000|
|  77|0x0000000704d00000, 0x0000000704e00000, 0x0000000704e00000|100%| O|  |TS  0|AC  0|TAMS 0x0000000704e00000, 0x0000000704e00000|
|  78|0x0000000704e00000, 0x0000000704f00000, 0x0000000704f00000|100%| O|  |TS  0|AC  0|TAMS 0x0000000704f00000, 0x0000000704f00000|
|  79|0x0000000704f00000, 0x0000000705000000, 0x0000000705000000|100%| O|  |TS 29|AC  0|TAMS 0x0000000704f00000, 0x0000000704f00000|
|  80|0x0000000705000000, 0x0000000705100000, 0x0000000705100000|100%| O|  |TS 29|AC  0|TAMS 0x0000000705000000, 0x0000000705000000|
|  81|0x0000000705100000, 0x0000000705200000, 0x0000000705200000|100%| O|  |TS  0|AC  0|TAMS 0x0000000705200000, 0x0000000705200000|
|  82|0x0000000705200000, 0x0000000705300000, 0x0000000705300000|100%| O|  |TS  0|AC  0|TAMS 0x0000000705300000, 0x0000000705300000|
|  83|0x0000000705300000, 0x0000000705400000, 0x0000000705400000|100%| O|  |TS  0|AC  0|TAMS 0x0000000705400000, 0x0000000705400000|
|  84|0x0000000705400000, 0x0000000705500000, 0x0000000705500000|100%| O|  |TS  0|AC  0|TAMS 0x0000000705500000, 0x0000000705500000|
|  85|0x0000000705500000, 0x0000000705600000, 0x0000000705600000|100%| O|  |TS  0|AC  0|TAMS 0x0000000705600000, 0x0000000705600000|
|  86|0x0000000705600000, 0x0000000705700000, 0x0000000705700000|100%| O|  |TS  0|AC  0|TAMS 0x0000000705700000, 0x0000000705700000|
|  87|0x0000000705700000, 0x0000000705800000, 0x0000000705800000|100%| O|  |TS  0|AC  0|TAMS 0x0000000705800000, 0x0000000705800000|
|  88|0x0000000705800000, 0x0000000705900000, 0x0000000705900000|100%| O|  |TS  0|AC  0|TAMS 0x0000000705900000, 0x0000000705900000|
|  89|0x0000000705900000, 0x0000000705a00000, 0x0000000705a00000|100%| O|  |TS  0|AC  0|TAMS 0x0000000705a00000, 0x0000000705a00000|
|  90|0x0000000705a00000, 0x0000000705b00000, 0x0000000705b00000|100%| O|  |TS  0|AC  0|TAMS 0x0000000705b00000, 0x0000000705b00000|
|  91|0x0000000705b00000, 0x0000000705c00000, 0x0000000705c00000|100%| O|  |TS  0|AC  0|TAMS 0x0000000705c00000, 0x0000000705c00000|
|  92|0x0000000705c00000, 0x0000000705d00000, 0x0000000705d00000|100%| O|  |TS  0|AC  0|TAMS 0x0000000705d00000, 0x0000000705d00000|
|  93|0x0000000705d00000, 0x0000000705e00000, 0x0000000705e00000|100%| O|  |TS  0|AC  0|TAMS 0x0000000705e00000, 0x0000000705e00000|
|  94|0x0000000705e00000, 0x0000000705f00000, 0x0000000705f00000|100%| O|  |TS  0|AC  0|TAMS 0x0000000705f00000, 0x0000000705f00000|
|  95|0x0000000705f00000, 0x0000000706000000, 0x0000000706000000|100%| O|  |TS  0|AC  0|TAMS 0x0000000706000000, 0x0000000706000000|
|  96|0x0000000706000000, 0x0000000706100000, 0x0000000706100000|100%| O|  |TS  0|AC  0|TAMS 0x0000000706100000, 0x0000000706100000|
|  97|0x0000000706100000, 0x0000000706200000, 0x0000000706200000|100%|HS|  |TS  0|AC  0|TAMS 0x0000000706200000, 0x0000000706200000|
|  98|0x0000000706200000, 0x0000000706300000, 0x0000000706300000|100%|HC|  |TS  0|AC  0|TAMS 0x0000000706300000, 0x0000000706300000|
|  99|0x0000000706300000, 0x0000000706400000, 0x0000000706400000|100%|HC|  |TS  0|AC  0|TAMS 0x0000000706400000, 0x0000000706400000|
| 100|0x0000000706400000, 0x0000000706500000, 0x0000000706500000|100%|HC|  |TS  0|AC  0|TAMS 0x0000000706500000, 0x0000000706500000|
| 101|0x0000000706500000, 0x0000000706600000, 0x0000000706600000|100%|HC|  |TS  0|AC  0|TAMS 0x0000000706600000, 0x0000000706600000|
| 102|0x0000000706600000, 0x0000000706700000, 0x0000000706700000|100%|HC|  |TS  0|AC  0|TAMS 0x0000000706700000, 0x0000000706700000|
| 103|0x0000000706700000, 0x0000000706800000, 0x0000000706800000|100%| O|  |TS  0|AC  0|TAMS 0x0000000706800000, 0x0000000706800000|
| 104|0x0000000706800000, 0x0000000706900000, 0x0000000706900000|100%| O|  |TS  0|AC  0|TAMS 0x0000000706900000, 0x0000000706900000|
| 105|0x0000000706900000, 0x0000000706a00000, 0x0000000706a00000|100%| O|  |TS  0|AC  0|TAMS 0x0000000706a00000, 0x0000000706a00000|
| 106|0x0000000706a00000, 0x0000000706b00000, 0x0000000706b00000|100%| O|  |TS  0|AC  0|TAMS 0x0000000706b00000, 0x0000000706b00000|
| 107|0x0000000706b00000, 0x0000000706c00000, 0x0000000706c00000|100%| O|  |TS  0|AC  0|TAMS 0x0000000706c00000, 0x0000000706c00000|
| 108|0x0000000706c00000, 0x0000000706d00000, 0x0000000706d00000|100%| O|  |TS  0|AC  0|TAMS 0x0000000706d00000, 0x0000000706d00000|
| 109|0x0000000706d00000, 0x0000000706e00000, 0x0000000706e00000|100%| O|  |TS  0|AC  0|TAMS 0x0000000706e00000, 0x0000000706e00000|
| 110|0x0000000706e00000, 0x0000000706f00000, 0x0000000706f00000|100%| O|  |TS  0|AC  0|TAMS 0x0000000706f00000, 0x0000000706f00000|
| 111|0x0000000706f00000, 0x0000000707000000, 0x0000000707000000|100%| O|  |TS  0|AC  0|TAMS 0x0000000707000000, 0x0000000707000000|
| 112|0x0000000707000000, 0x0000000707100000, 0x0000000707100000|100%|HS|  |TS  0|AC  0|TAMS 0x0000000707100000, 0x0000000707100000|
| 113|0x0000000707100000, 0x0000000707200000, 0x0000000707200000|100%|HC|  |TS  0|AC  0|TAMS 0x0000000707200000, 0x0000000707200000|
| 114|0x0000000707200000, 0x0000000707300000, 0x0000000707300000|100%|HC|  |TS  0|AC  0|TAMS 0x0000000707300000, 0x0000000707300000|
| 115|0x0000000707300000, 0x0000000707400000, 0x0000000707400000|100%|HC|  |TS  0|AC  0|TAMS 0x0000000707400000, 0x0000000707400000|
| 116|0x0000000707400000, 0x0000000707500000, 0x0000000707500000|100%|HC|  |TS  0|AC  0|TAMS 0x0000000707500000, 0x0000000707500000|
| 117|0x0000000707500000, 0x0000000707600000, 0x0000000707600000|100%|HC|  |TS  0|AC  0|TAMS 0x0000000707600000, 0x0000000707600000|
| 118|0x0000000707600000, 0x0000000707700000, 0x0000000707700000|100%|HC|  |TS  0|AC  0|TAMS 0x0000000707700000, 0x0000000707700000|
| 119|0x0000000707700000, 0x0000000707800000, 0x0000000707800000|100%|HC|  |TS  0|AC  0|TAMS 0x0000000707800000, 0x0000000707800000|
| 120|0x0000000707800000, 0x0000000707900000, 0x0000000707900000|100%|HC|  |TS  0|AC  0|TAMS 0x0000000707900000, 0x0000000707900000|
| 121|0x0000000707900000, 0x0000000707a00000, 0x0000000707a00000|100%| O|  |TS 29|AC  0|TAMS 0x0000000707900000, 0x0000000707900000|
| 122|0x0000000707a00000, 0x0000000707b00000, 0x0000000707b00000|100%| O|  |TS 31|AC  0|TAMS 0x0000000707a00000, 0x0000000707a00000|
| 123|0x0000000707b00000, 0x0000000707c00000, 0x0000000707c00000|100%| O|  |TS 31|AC  0|TAMS 0x0000000707b00000, 0x0000000707b00000|
| 124|0x0000000707c00000, 0x0000000707d00000, 0x0000000707d00000|100%| O|  |TS 31|AC  0|TAMS 0x0000000707c00000, 0x0000000707c00000|
| 125|0x0000000707d00000, 0x0000000707e00000, 0x0000000707e00000|100%| O|  |TS 31|AC  0|TAMS 0x0000000707d00000, 0x0000000707d00000|
| 126|0x0000000707e00000, 0x0000000707f00000, 0x0000000707f00000|100%| O|  |TS 31|AC  0|TAMS 0x0000000707e00000, 0x0000000707e00000|
| 127|0x0000000707f00000, 0x0000000708000000, 0x0000000708000000|100%| O|  |TS 31|AC  0|TAMS 0x0000000707f00000, 0x0000000707f00000|
| 128|0x0000000708000000, 0x0000000708100000, 0x0000000708100000|100%| O|  |TS 31|AC  0|TAMS 0x0000000708000000, 0x0000000708000000|
| 129|0x0000000708100000, 0x0000000708200000, 0x0000000708200000|100%| O|  |TS 31|AC  0|TAMS 0x0000000708100000, 0x0000000708100000|
| 130|0x0000000708200000, 0x0000000708300000, 0x0000000708300000|100%| O|  |TS 37|AC  0|TAMS 0x0000000708200000, 0x0000000708200000|
| 131|0x0000000708300000, 0x0000000708309a00, 0x0000000708400000|  3%| O|  |TS 57|AC  0|TAMS 0x0000000708300000, 0x0000000708300000|
| 132|0x0000000708400000, 0x0000000708400000, 0x0000000708500000|  0%| F|  |TS  0|AC  0|TAMS 0x0000000708400000, 0x0000000708400000|
| 133|0x0000000708500000, 0x0000000708500000, 0x0000000708600000|  0%| F|  |TS  0|AC  0|TAMS 0x0000000708500000, 0x0000000708500000|
| 134|0x0000000708600000, 0x0000000708600000, 0x0000000708700000|  0%| F|  |TS  0|AC  0|TAMS 0x0000000708600000, 0x0000000708600000|
| 135|0x0000000708700000, 0x0000000708700000, 0x0000000708800000|  0%| F|  |TS  0|AC  0|TAMS 0x0000000708700000, 0x0000000708700000|
| 136|0x0000000708800000, 0x0000000708800000, 0x0000000708900000|  0%| F|  |TS  0|AC  0|TAMS 0x0000000708800000, 0x0000000708800000|
| 137|0x0000000708900000, 0x0000000708900000, 0x0000000708a00000|  0%| F|  |TS  0|AC  0|TAMS 0x0000000708900000, 0x0000000708900000|
| 138|0x0000000708a00000, 0x0000000708a00000, 0x0000000708b00000|  0%| F|  |TS  0|AC  0|TAMS 0x0000000708a00000, 0x0000000708a00000|
| 139|0x0000000708b00000, 0x0000000708b00000, 0x0000000708c00000|  0%| F|  |TS  0|AC  0|TAMS 0x0000000708b00000, 0x0000000708b00000|
| 140|0x0000000708c00000, 0x0000000708c00000, 0x0000000708d00000|  0%| F|  |TS  0|AC  0|TAMS 0x0000000708c00000, 0x0000000708c00000|
| 141|0x0000000708d00000, 0x0000000708d00000, 0x0000000708e00000|  0%| F|  |TS  0|AC  0|TAMS 0x0000000708d00000, 0x0000000708d00000|
| 142|0x0000000708e00000, 0x0000000708e00000, 0x0000000708f00000|  0%| F|  |TS  0|AC  0|TAMS 0x0000000708e00000, 0x0000000708e00000|
| 143|0x0000000708f00000, 0x0000000708f00000, 0x0000000709000000|  0%| F|  |TS  0|AC  0|TAMS 0x0000000708f00000, 0x0000000708f00000|
| 144|0x0000000709000000, 0x0000000709000000, 0x0000000709100000|  0%| F|  |TS  0|AC  0|TAMS 0x0000000709000000, 0x0000000709000000|
| 145|0x0000000709100000, 0x0000000709100000, 0x0000000709200000|  0%| F|  |TS  0|AC  0|TAMS 0x0000000709100000, 0x0000000709100000|
| 146|0x0000000709200000, 0x0000000709200000, 0x0000000709300000|  0%| F|  |TS  0|AC  0|TAMS 0x0000000709200000, 0x0000000709200000|
| 147|0x0000000709300000, 0x0000000709300000, 0x0000000709400000|  0%| F|  |TS  0|AC  0|TAMS 0x0000000709300000, 0x0000000709300000|
| 148|0x0000000709400000, 0x0000000709400000, 0x0000000709500000|  0%| F|  |TS  0|AC  0|TAMS 0x0000000709400000, 0x0000000709400000|
| 149|0x0000000709500000, 0x0000000709500000, 0x0000000709600000|  0%| F|  |TS  0|AC  0|TAMS 0x0000000709500000, 0x0000000709500000|
| 150|0x0000000709600000, 0x0000000709600000, 0x0000000709700000|  0%| F|  |TS  0|AC  0|TAMS 0x0000000709600000, 0x0000000709600000|
| 151|0x0000000709700000, 0x0000000709700000, 0x0000000709800000|  0%| F|  |TS  0|AC  0|TAMS 0x0000000709700000, 0x0000000709700000|
| 152|0x0000000709800000, 0x0000000709800000, 0x0000000709900000|  0%| F|  |TS  0|AC  0|TAMS 0x0000000709800000, 0x0000000709800000|
| 153|0x0000000709900000, 0x0000000709900000, 0x0000000709a00000|  0%| F|  |TS  0|AC  0|TAMS 0x0000000709900000, 0x0000000709900000|
| 154|0x0000000709a00000, 0x0000000709a00000, 0x0000000709b00000|  0%| F|  |TS  0|AC  0|TAMS 0x0000000709a00000, 0x0000000709a00000|
| 155|0x0000000709b00000, 0x0000000709b00000, 0x0000000709c00000|  0%| F|  |TS  0|AC  0|TAMS 0x0000000709b00000, 0x0000000709b00000|
| 156|0x0000000709c00000, 0x0000000709c00000, 0x0000000709d00000|  0%| F|  |TS  0|AC  0|TAMS 0x0000000709c00000, 0x0000000709c00000|
| 157|0x0000000709d00000, 0x0000000709d00000, 0x0000000709e00000|  0%| F|  |TS  0|AC  0|TAMS 0x0000000709d00000, 0x0000000709d00000|
| 158|0x0000000709e00000, 0x0000000709e00000, 0x0000000709f00000|  0%| F|  |TS  0|AC  0|TAMS 0x0000000709e00000, 0x0000000709e00000|
| 159|0x0000000709f00000, 0x0000000709f00000, 0x000000070a000000|  0%| F|  |TS  0|AC  0|TAMS 0x0000000709f00000, 0x0000000709f00000|
| 160|0x000000070a000000, 0x000000070a000000, 0x000000070a100000|  0%| F|  |TS  0|AC  0|TAMS 0x000000070a000000, 0x000000070a000000|
| 161|0x000000070a100000, 0x000000070a100000, 0x000000070a200000|  0%| F|  |TS  0|AC  0|TAMS 0x000000070a100000, 0x000000070a100000|
| 162|0x000000070a200000, 0x000000070a200000, 0x000000070a300000|  0%| F|  |TS  0|AC  0|TAMS 0x000000070a200000, 0x000000070a200000|
| 163|0x000000070a300000, 0x000000070a300000, 0x000000070a400000|  0%| F|  |TS  0|AC  0|TAMS 0x000000070a300000, 0x000000070a300000|
| 164|0x000000070a400000, 0x000000070a400000, 0x000000070a500000|  0%| F|  |TS  0|AC  0|TAMS 0x000000070a400000, 0x000000070a400000|
| 165|0x000000070a500000, 0x000000070a500000, 0x000000070a600000|  0%| F|  |TS  0|AC  0|TAMS 0x000000070a500000, 0x000000070a500000|
| 166|0x000000070a600000, 0x000000070a600000, 0x000000070a700000|  0%| F|  |TS  0|AC  0|TAMS 0x000000070a600000, 0x000000070a600000|
| 167|0x000000070a700000, 0x000000070a700000, 0x000000070a800000|  0%| F|  |TS  0|AC  0|TAMS 0x000000070a700000, 0x000000070a700000|
| 168|0x000000070a800000, 0x000000070a800000, 0x000000070a900000|  0%| F|  |TS  0|AC  0|TAMS 0x000000070a800000, 0x000000070a800000|
| 169|0x000000070a900000, 0x000000070a900000, 0x000000070aa00000|  0%| F|  |TS  0|AC  0|TAMS 0x000000070a900000, 0x000000070a900000|
| 170|0x000000070aa00000, 0x000000070aa00000, 0x000000070ab00000|  0%| F|  |TS  0|AC  0|TAMS 0x000000070aa00000, 0x000000070aa00000|
| 171|0x000000070ab00000, 0x000000070ab00000, 0x000000070ac00000|  0%| F|  |TS  0|AC  0|TAMS 0x000000070ab00000, 0x000000070ab00000|
| 172|0x000000070ac00000, 0x000000070ac00000, 0x000000070ad00000|  0%| F|  |TS  0|AC  0|TAMS 0x000000070ac00000, 0x000000070ac00000|
| 173|0x000000070ad00000, 0x000000070ad00000, 0x000000070ae00000|  0%| F|  |TS  0|AC  0|TAMS 0x000000070ad00000, 0x000000070ad00000|
| 174|0x000000070ae00000, 0x000000070ae00000, 0x000000070af00000|  0%| F|  |TS  0|AC  0|TAMS 0x000000070ae00000, 0x000000070ae00000|
| 175|0x000000070af00000, 0x000000070af00000, 0x000000070b000000|  0%| F|  |TS  0|AC  0|TAMS 0x000000070af00000, 0x000000070af00000|
| 176|0x000000070b000000, 0x000000070b000000, 0x000000070b100000|  0%| F|  |TS  0|AC  0|TAMS 0x000000070b000000, 0x000000070b000000|
| 177|0x000000070b100000, 0x000000070b100000, 0x000000070b200000|  0%| F|  |TS  0|AC  0|TAMS 0x000000070b100000, 0x000000070b100000|
| 178|0x000000070b200000, 0x000000070b200000, 0x000000070b300000|  0%| F|  |TS  0|AC  0|TAMS 0x000000070b200000, 0x000000070b200000|
| 179|0x000000070b300000, 0x000000070b300000, 0x000000070b400000|  0%| F|  |TS  0|AC  0|TAMS 0x000000070b300000, 0x000000070b300000|
| 180|0x000000070b400000, 0x000000070b400000, 0x000000070b500000|  0%| F|  |TS  0|AC  0|TAMS 0x000000070b400000, 0x000000070b400000|
| 181|0x000000070b500000, 0x000000070b500000, 0x000000070b600000|  0%| F|  |TS  0|AC  0|TAMS 0x000000070b500000, 0x000000070b500000|
| 182|0x000000070b600000, 0x000000070b600000, 0x000000070b700000|  0%| F|  |TS  0|AC  0|TAMS 0x000000070b600000, 0x000000070b600000|
| 183|0x000000070b700000, 0x000000070b700000, 0x000000070b800000|  0%| F|  |TS  0|AC  0|TAMS 0x000000070b700000, 0x000000070b700000|
| 184|0x000000070b800000, 0x000000070b800000, 0x000000070b900000|  0%| F|  |TS  0|AC  0|TAMS 0x000000070b800000, 0x000000070b800000|
| 185|0x000000070b900000, 0x000000070b900000, 0x000000070ba00000|  0%| F|  |TS  0|AC  0|TAMS 0x000000070b900000, 0x000000070b900000|
| 186|0x000000070ba00000, 0x000000070ba00000, 0x000000070bb00000|  0%| F|  |TS  0|AC  0|TAMS 0x000000070ba00000, 0x000000070ba00000|
| 187|0x000000070bb00000, 0x000000070bb00000, 0x000000070bc00000|  0%| F|  |TS  0|AC  0|TAMS 0x000000070bb00000, 0x000000070bb00000|
| 188|0x000000070bc00000, 0x000000070bc00000, 0x000000070bd00000|  0%| F|  |TS  0|AC  0|TAMS 0x000000070bc00000, 0x000000070bc00000|
| 189|0x000000070bd00000, 0x000000070bd00000, 0x000000070be00000|  0%| F|  |TS  0|AC  0|TAMS 0x000000070bd00000, 0x000000070bd00000|
| 190|0x000000070be00000, 0x000000070be00000, 0x000000070bf00000|  0%| F|  |TS  0|AC  0|TAMS 0x000000070be00000, 0x000000070be00000|
| 191|0x000000070bf00000, 0x000000070bf00000, 0x000000070c000000|  0%| F|  |TS  0|AC  0|TAMS 0x000000070bf00000, 0x000000070bf00000|
| 192|0x000000070c000000, 0x000000070c000000, 0x000000070c100000|  0%| F|  |TS  0|AC  0|TAMS 0x000000070c000000, 0x000000070c000000|
| 193|0x000000070c100000, 0x000000070c100000, 0x000000070c200000|  0%| F|  |TS  0|AC  0|TAMS 0x000000070c100000, 0x000000070c100000|
| 194|0x000000070c200000, 0x000000070c200000, 0x000000070c300000|  0%| F|  |TS  0|AC  0|TAMS 0x000000070c200000, 0x000000070c200000|
| 195|0x000000070c300000, 0x000000070c300000, 0x000000070c400000|  0%| F|  |TS  0|AC  0|TAMS 0x000000070c300000, 0x000000070c300000|
| 196|0x000000070c400000, 0x000000070c400000, 0x000000070c500000|  0%| F|  |TS 31|AC  0|TAMS 0x000000070c400000, 0x000000070c400000|
| 197|0x000000070c500000, 0x000000070c500000, 0x000000070c600000|  0%| F|  |TS 31|AC  0|TAMS 0x000000070c500000, 0x000000070c500000|
| 198|0x000000070c600000, 0x000000070c600000, 0x000000070c700000|  0%| F|  |TS 37|AC  0|TAMS 0x000000070c600000, 0x000000070c600000|
| 199|0x000000070c700000, 0x000000070c700000, 0x000000070c800000|  0%| F|  |TS 37|AC  0|TAMS 0x000000070c700000, 0x000000070c700000|
| 200|0x000000070c800000, 0x000000070c800000, 0x000000070c900000|  0%| F|  |TS 37|AC  0|TAMS 0x000000070c800000, 0x000000070c800000|
| 201|0x000000070c900000, 0x000000070c941d00, 0x000000070ca00000| 25%| S|CS|TS 57|AC  0|TAMS 0x000000070c900000, 0x000000070c900000|
| 202|0x000000070ca00000, 0x000000070ca00000, 0x000000070cb00000|  0%| F|  |TS 57|AC  0|TAMS 0x000000070ca00000, 0x000000070ca00000|
| 203|0x000000070cb00000, 0x000000070cb00000, 0x000000070cc00000|  0%| F|  |TS 57|AC  0|TAMS 0x000000070cb00000, 0x000000070cb00000|
| 204|0x000000070cc00000, 0x000000070cd00000, 0x000000070cd00000|100%| S|CS|TS 57|AC  0|TAMS 0x000000070cc00000, 0x000000070cc00000|
| 205|0x000000070cd00000, 0x000000070ce00000, 0x000000070ce00000|100%| S|CS|TS 57|AC  0|TAMS 0x000000070cd00000, 0x000000070cd00000|
| 206|0x000000070ce00000, 0x000000070ce00000, 0x000000070cf00000|  0%| F|  |TS 57|AC  0|TAMS 0x000000070ce00000, 0x000000070ce00000|
| 207|0x000000070cf00000, 0x000000070cf00000, 0x000000070d000000|  0%| F|  |TS 57|AC  0|TAMS 0x000000070cf00000, 0x000000070cf00000|
| 208|0x000000070d000000, 0x000000070d000000, 0x000000070d100000|  0%| F|  |TS 57|AC  0|TAMS 0x000000070d000000, 0x000000070d000000|
| 209|0x000000070d100000, 0x000000070d100000, 0x000000070d200000|  0%| F|  |TS 57|AC  0|TAMS 0x000000070d100000, 0x000000070d100000|
| 210|0x000000070d200000, 0x000000070d200000, 0x000000070d300000|  0%| F|  |TS 57|AC  0|TAMS 0x000000070d200000, 0x000000070d200000|
| 211|0x000000070d300000, 0x000000070d300000, 0x000000070d400000|  0%| F|  |TS 57|AC  0|TAMS 0x000000070d300000, 0x000000070d300000|
| 212|0x000000070d400000, 0x000000070d400000, 0x000000070d500000|  0%| F|  |TS 57|AC  0|TAMS 0x000000070d400000, 0x000000070d400000|
| 213|0x000000070d500000, 0x000000070d500000, 0x000000070d600000|  0%| F|  |TS 57|AC  0|TAMS 0x000000070d500000, 0x000000070d500000|
| 214|0x000000070d600000, 0x000000070d600000, 0x000000070d700000|  0%| F|  |TS 57|AC  0|TAMS 0x000000070d600000, 0x000000070d600000|
| 215|0x000000070d700000, 0x000000070d700000, 0x000000070d800000|  0%| F|  |TS 57|AC  0|TAMS 0x000000070d700000, 0x000000070d700000|
| 216|0x000000070d800000, 0x000000070d800000, 0x000000070d900000|  0%| F|  |TS 57|AC  0|TAMS 0x000000070d800000, 0x000000070d800000|
| 217|0x000000070d900000, 0x000000070d900000, 0x000000070da00000|  0%| F|  |TS 57|AC  0|TAMS 0x000000070d900000, 0x000000070d900000|
| 218|0x000000070da00000, 0x000000070da00000, 0x000000070db00000|  0%| F|  |TS 57|AC  0|TAMS 0x000000070da00000, 0x000000070da00000|
| 219|0x000000070db00000, 0x000000070db00000, 0x000000070dc00000|  0%| F|  |TS 57|AC  0|TAMS 0x000000070db00000, 0x000000070db00000|
| 220|0x000000070dc00000, 0x000000070dc00000, 0x000000070dd00000|  0%| F|  |TS 57|AC  0|TAMS 0x000000070dc00000, 0x000000070dc00000|
| 221|0x000000070dd00000, 0x000000070dd00000, 0x000000070de00000|  0%| F|  |TS 57|AC  0|TAMS 0x000000070dd00000, 0x000000070dd00000|
| 222|0x000000070de00000, 0x000000070de00000, 0x000000070df00000|  0%| F|  |TS 57|AC  0|TAMS 0x000000070de00000, 0x000000070de00000|
| 223|0x000000070df00000, 0x000000070df00000, 0x000000070e000000|  0%| F|  |TS 57|AC  0|TAMS 0x000000070df00000, 0x000000070df00000|
| 224|0x000000070e000000, 0x000000070e000000, 0x000000070e100000|  0%| F|  |TS 57|AC  0|TAMS 0x000000070e000000, 0x000000070e000000|
| 225|0x000000070e100000, 0x000000070e100000, 0x000000070e200000|  0%| F|  |TS 57|AC  0|TAMS 0x000000070e100000, 0x000000070e100000|
| 226|0x000000070e200000, 0x000000070e200000, 0x000000070e300000|  0%| F|  |TS 57|AC  0|TAMS 0x000000070e200000, 0x000000070e200000|
| 227|0x000000070e300000, 0x000000070e300000, 0x000000070e400000|  0%| F|  |TS 57|AC  0|TAMS 0x000000070e300000, 0x000000070e300000|
| 228|0x000000070e400000, 0x000000070e400000, 0x000000070e500000|  0%| F|  |TS 57|AC  0|TAMS 0x000000070e400000, 0x000000070e400000|
| 229|0x000000070e500000, 0x000000070e500000, 0x000000070e600000|  0%| F|  |TS 57|AC  0|TAMS 0x000000070e500000, 0x000000070e500000|
| 230|0x000000070e600000, 0x000000070e600000, 0x000000070e700000|  0%| F|  |TS 57|AC  0|TAMS 0x000000070e600000, 0x000000070e600000|
| 231|0x000000070e700000, 0x000000070e700000, 0x000000070e800000|  0%| F|  |TS 57|AC  0|TAMS 0x000000070e700000, 0x000000070e700000|
| 232|0x000000070e800000, 0x000000070e800000, 0x000000070e900000|  0%| F|  |TS 57|AC  0|TAMS 0x000000070e800000, 0x000000070e800000|
| 233|0x000000070e900000, 0x000000070e900000, 0x000000070ea00000|  0%| F|  |TS 57|AC  0|TAMS 0x000000070e900000, 0x000000070e900000|
| 234|0x000000070ea00000, 0x000000070ea00000, 0x000000070eb00000|  0%| F|  |TS 57|AC  0|TAMS 0x000000070ea00000, 0x000000070ea00000|
| 235|0x000000070eb00000, 0x000000070eb00000, 0x000000070ec00000|  0%| F|  |TS 57|AC  0|TAMS 0x000000070eb00000, 0x000000070eb00000|
| 236|0x000000070ec00000, 0x000000070ec00000, 0x000000070ed00000|  0%| F|  |TS 57|AC  0|TAMS 0x000000070ec00000, 0x000000070ec00000|
| 237|0x000000070ed00000, 0x000000070ed00000, 0x000000070ee00000|  0%| F|  |TS 57|AC  0|TAMS 0x000000070ed00000, 0x000000070ed00000|
| 238|0x000000070ee00000, 0x000000070ee00000, 0x000000070ef00000|  0%| F|  |TS 57|AC  0|TAMS 0x000000070ee00000, 0x000000070ee00000|
| 239|0x000000070ef00000, 0x000000070efef040, 0x000000070f000000| 93%| E|  |TS 57|AC  0|TAMS 0x000000070ef00000, 0x000000070ef00000|
| 240|0x000000070f000000, 0x000000070f100000, 0x000000070f100000|100%| E|CS|TS 57|AC  0|TAMS 0x000000070f000000, 0x000000070f000000|
| 241|0x000000070f100000, 0x000000070f200000, 0x000000070f200000|100%| E|CS|TS 57|AC  0|TAMS 0x000000070f100000, 0x000000070f100000|
| 242|0x000000070f200000, 0x000000070f300000, 0x000000070f300000|100%| E|CS|TS 57|AC  0|TAMS 0x000000070f200000, 0x000000070f200000|
| 243|0x000000070f300000, 0x000000070f400000, 0x000000070f400000|100%| E|CS|TS 57|AC  0|TAMS 0x000000070f300000, 0x000000070f300000|
| 244|0x000000070f400000, 0x000000070f500000, 0x000000070f500000|100%| E|CS|TS 57|AC  0|TAMS 0x000000070f400000, 0x000000070f400000|
| 245|0x000000070f500000, 0x000000070f600000, 0x000000070f600000|100%| E|CS|TS 57|AC  0|TAMS 0x000000070f500000, 0x000000070f500000|
| 246|0x000000070f600000, 0x000000070f700000, 0x000000070f700000|100%| E|CS|TS 57|AC  0|TAMS 0x000000070f600000, 0x000000070f600000|
| 247|0x000000070f700000, 0x000000070f800000, 0x000000070f800000|100%| E|CS|TS 57|AC  0|TAMS 0x000000070f700000, 0x000000070f700000|
| 248|0x000000070f800000, 0x000000070f900000, 0x000000070f900000|100%| E|CS|TS 57|AC  0|TAMS 0x000000070f800000, 0x000000070f800000|
| 249|0x000000070f900000, 0x000000070fa00000, 0x000000070fa00000|100%| E|CS|TS 57|AC  0|TAMS 0x000000070f900000, 0x000000070f900000|
| 250|0x000000070fa00000, 0x000000070fb00000, 0x000000070fb00000|100%| E|CS|TS 57|AC  0|TAMS 0x000000070fa00000, 0x000000070fa00000|
| 251|0x000000070fb00000, 0x000000070fc00000, 0x000000070fc00000|100%| E|CS|TS 57|AC  0|TAMS 0x000000070fb00000, 0x000000070fb00000|
| 252|0x000000070fc00000, 0x000000070fd00000, 0x000000070fd00000|100%| E|CS|TS 57|AC  0|TAMS 0x000000070fc00000, 0x000000070fc00000|
| 253|0x000000070fd00000, 0x000000070fe00000, 0x000000070fe00000|100%| E|CS|TS 57|AC  0|TAMS 0x000000070fd00000, 0x000000070fd00000|
| 254|0x000000070fe00000, 0x000000070ff00000, 0x000000070ff00000|100%| E|CS|TS 57|AC  0|TAMS 0x000000070fe00000, 0x000000070fe00000|
| 255|0x000000070ff00000, 0x0000000710000000, 0x0000000710000000|100%| E|CS|TS 57|AC  0|TAMS 0x000000070ff00000, 0x000000070ff00000|
| 256|0x0000000710000000, 0x0000000710100000, 0x0000000710100000|100%| E|CS|TS 57|AC  0|TAMS 0x0000000710000000, 0x0000000710000000|
| 257|0x0000000710100000, 0x0000000710200000, 0x0000000710200000|100%| E|CS|TS 57|AC  0|TAMS 0x0000000710100000, 0x0000000710100000|
| 258|0x0000000710200000, 0x0000000710300000, 0x0000000710300000|100%| E|CS|TS 57|AC  0|TAMS 0x0000000710200000, 0x0000000710200000|
| 259|0x0000000710300000, 0x0000000710400000, 0x0000000710400000|100%| E|CS|TS 57|AC  0|TAMS 0x0000000710300000, 0x0000000710300000|
| 260|0x0000000710400000, 0x0000000710500000, 0x0000000710500000|100%| E|CS|TS 57|AC  0|TAMS 0x0000000710400000, 0x0000000710400000|
| 261|0x0000000710500000, 0x0000000710600000, 0x0000000710600000|100%| E|CS|TS 57|AC  0|TAMS 0x0000000710500000, 0x0000000710500000|
| 262|0x0000000710600000, 0x0000000710700000, 0x0000000710700000|100%| E|CS|TS 57|AC  0|TAMS 0x0000000710600000, 0x0000000710600000|
| 263|0x0000000710700000, 0x0000000710800000, 0x0000000710800000|100%| E|CS|TS 57|AC  0|TAMS 0x0000000710700000, 0x0000000710700000|

Card table byte_map: [0x000001e77dca0000,0x000001e77e2a0000] byte_map_base: 0x000001e77a4a0000

Marking Bits (Prev, Next): (CMBitMap*) 0x000001e7794577e8, (CMBitMap*) 0x000001e7794577b0
 Prev Bits: [0x000001e718b40000, 0x000001e71bb40000)
 Next Bits: [0x000001e715b40000, 0x000001e718b40000)

Polling page: 0x000001e773d60000

CodeHeap 'non-profiled nmethods': size=120000Kb used=34709Kb max_used=38899Kb free=85290Kb
 bounds [0x000001e70e610000, 0x000001e710c20000, 0x000001e715b40000]
CodeHeap 'profiled nmethods': size=120000Kb used=51314Kb max_used=53684Kb free=68685Kb
 bounds [0x000001e7070e0000, 0x000001e70a610000, 0x000001e70e610000]
CodeHeap 'non-nmethods': size=5760Kb used=1910Kb max_used=1990Kb free=3849Kb
 bounds [0x000001e706b40000, 0x000001e706db0000, 0x000001e7070e0000]
 total_blobs=49625 nmethods=22715 adapters=1303
 compilation: enabled

Compilation events (10 events):
Event: 158986.362 Thread 0x000001e77f1e1800 32518       4       ui.views.c.x.c::dVe (25 bytes)
Event: 158986.362 Thread 0x000001e77f1df000 32517       4       ui.views.c.x.b::dVe (25 bytes)
Event: 158986.363 Thread 0x000001e77f1e1800 nmethod 32518 0x000001e70f275990 code [0x000001e70f275b40, 0x000001e70f275e18]
Event: 158986.364 Thread 0x000001e77f1df000 nmethod 32517 0x000001e70f275390 code [0x000001e70f275540, 0x000001e70f275818]
Event: 158986.370 Thread 0x000001e77f1de800 32519       4       com.jidesoft.grid.QuickFilterField::getSearchingText (27 bytes)
Event: 158986.375 Thread 0x000001e77f1e1800 32520       4       com.jidesoft.grid.DefaultTableModelWrapper::getEditorContextAt (11 bytes)
Event: 158986.377 Thread 0x000001e77f1e1800 nmethod 32520 0x000001e70f2d9c90 code [0x000001e70f2d9e20, 0x000001e70f2da298]
Event: 158986.378 Thread 0x000001e77f1de800 nmethod 32519 0x000001e70f2f3410 code [0x000001e70f2f3620, 0x000001e70f2f3ed8]
Event: 158986.378 Thread 0x000001e77f1de800 32521   !   4       javax.swing.plaf.basic.BasicTextUI::getPreferredSize (271 bytes)
Event: 158986.383 Thread 0x000001e77f1de800 nmethod 32521 0x000001e70f30e610 code [0x000001e70f30e820, 0x000001e70f30f2f8]

GC Heap History (10 events):
Event: 158913.675 GC heap before
{Heap before GC invocations=2276 (full 294):
 garbage-first heap   total 270336K, used 194499K [0x0000000700000000, 0x0000000700100840, 0x00000007c0000000)
  region size 1024K, 60 young (61440K), 3 survivors (3072K)
 Metaspace       used 97759K, capacity 101389K, committed 104524K, reserved 1138688K
  class space    used 13128K, capacity 13845K, committed 14464K, reserved 1048576K
}
Event: 158913.679 GC heap after
{Heap after GC invocations=2277 (full 294):
 garbage-first heap   total 270336K, used 135605K [0x0000000700000000, 0x0000000700100840, 0x00000007c0000000)
  region size 1024K, 2 young (2048K), 2 survivors (2048K)
 Metaspace       used 97759K, capacity 101389K, committed 104524K, reserved 1138688K
  class space    used 13128K, capacity 13845K, committed 14464K, reserved 1048576K
}
Event: 158915.579 GC heap before
{Heap before GC invocations=2277 (full 294):
 garbage-first heap   total 270336K, used 194997K [0x0000000700000000, 0x0000000700100840, 0x00000007c0000000)
  region size 1024K, 60 young (61440K), 2 survivors (2048K)
 Metaspace       used 97759K, capacity 101389K, committed 104524K, reserved 1138688K
  class space    used 13128K, capacity 13845K, committed 14464K, reserved 1048576K
}
Event: 158915.582 GC heap after
{Heap after GC invocations=2278 (full 294):
 garbage-first heap   total 270336K, used 135771K [0x0000000700000000, 0x0000000700100840, 0x00000007c0000000)
  region size 1024K, 2 young (2048K), 2 survivors (2048K)
 Metaspace       used 97759K, capacity 101389K, committed 104524K, reserved 1138688K
  class space    used 13128K, capacity 13845K, committed 14464K, reserved 1048576K
}
Event: 158926.617 GC heap before
{Heap before GC invocations=2278 (full 294):
 garbage-first heap   total 270336K, used 195163K [0x0000000700000000, 0x0000000700100840, 0x00000007c0000000)
  region size 1024K, 60 young (61440K), 2 survivors (2048K)
 Metaspace       used 97759K, capacity 101389K, committed 104524K, reserved 1138688K
  class space    used 13128K, capacity 13845K, committed 14464K, reserved 1048576K
}
Event: 158926.623 GC heap after
{Heap after GC invocations=2279 (full 294):
 garbage-first heap   total 270336K, used 135700K [0x0000000700000000, 0x0000000700100840, 0x00000007c0000000)
  region size 1024K, 2 young (2048K), 2 survivors (2048K)
 Metaspace       used 97759K, capacity 101389K, committed 104524K, reserved 1138688K
  class space    used 13128K, capacity 13845K, committed 14464K, reserved 1048576K
}
Event: 158974.687 GC heap before
{Heap before GC invocations=2279 (full 294):
 garbage-first heap   total 270336K, used 195092K [0x0000000700000000, 0x0000000700100840, 0x00000007c0000000)
  region size 1024K, 60 young (61440K), 2 survivors (2048K)
 Metaspace       used 97759K, capacity 101389K, committed 104524K, reserved 1138688K
  class space    used 13128K, capacity 13845K, committed 14464K, reserved 1048576K
}
Event: 158974.691 GC heap after
{Heap after GC invocations=2280 (full 294):
 garbage-first heap   total 270336K, used 135716K [0x0000000700000000, 0x0000000700100840, 0x00000007c0000000)
  region size 1024K, 2 young (2048K), 2 survivors (2048K)
 Metaspace       used 97759K, capacity 101389K, committed 104524K, reserved 1138688K
  class space    used 13128K, capacity 13845K, committed 14464K, reserved 1048576K
}
Event: 158986.019 GC heap before
{Heap before GC invocations=2280 (full 294):
 garbage-first heap   total 270336K, used 195108K [0x0000000700000000, 0x0000000700100840, 0x00000007c0000000)
  region size 1024K, 60 young (61440K), 2 survivors (2048K)
 Metaspace       used 97911K, capacity 101741K, committed 104524K, reserved 1138688K
  class space    used 13168K, capacity 13905K, committed 14464K, reserved 1048576K
}
Event: 158986.023 GC heap after
{Heap after GC invocations=2281 (full 294):
 garbage-first heap   total 270336K, used 136035K [0x0000000700000000, 0x0000000700100840, 0x00000007c0000000)
  region size 1024K, 3 young (3072K), 3 survivors (3072K)
 Metaspace       used 97911K, capacity 101741K, committed 104524K, reserved 1138688K
  class space    used 13168K, capacity 13905K, committed 14464K, reserved 1048576K
}

Deoptimization events (10 events):
Event: 158864.531 Thread 0x000001e71f0f8000 Uncommon trap: reason=class_check action=maybe_recompile pc=0x000001e7105ea7e8 method=de.javasoft.plaf.synthetica.painter.ScrollPanePainter.paintScrollPaneBackground(Ljavax/swing/plaf/synth/SynthContext;Ljava/awt/Graphics;IIII)V @ 318 c2
Event: 158867.091 Thread 0x000001e71f0f8000 Uncommon trap: reason=unstable_if action=reinterpret pc=0x000001e70eecd0b4 method=javax.swing.tree.VariableHeightLayoutCache$TreeStateNode.isVisible()Z @ 29 c2
Event: 158867.092 Thread 0x000001e71f0f8000 Uncommon trap: reason=unstable_if action=reinterpret pc=0x000001e70f17ef98 method=javax.swing.tree.VariableHeightLayoutCache$TreeStateNode.isVisible()Z @ 29 c2
Event: 158867.116 Thread 0x000001e71f0f8000 Uncommon trap: reason=class_check action=maybe_recompile pc=0x000001e7105ea7e8 method=de.javasoft.plaf.synthetica.painter.ScrollPanePainter.paintScrollPaneBackground(Ljavax/swing/plaf/synth/SynthContext;Ljava/awt/Graphics;IIII)V @ 318 c2
Event: 158867.172 Thread 0x000001e71f0f8000 Uncommon trap: reason=class_check action=maybe_recompile pc=0x000001e7105ea7e8 method=de.javasoft.plaf.synthetica.painter.ScrollPanePainter.paintScrollPaneBackground(Ljavax/swing/plaf/synth/SynthContext;Ljava/awt/Graphics;IIII)V @ 318 c2
Event: 158871.524 Thread 0x000001e71f0f8000 Uncommon trap: reason=unstable_if action=reinterpret pc=0x000001e70f2fd4b8 method=javax.swing.tree.TreePath.isDescendant(Ljavax/swing/tree/TreePath;)Z @ 2 c2
Event: 158874.555 Thread 0x000001e71f0f8000 Uncommon trap: reason=unstable_if action=reinterpret pc=0x000001e70e9ecfe8 method=javax.swing.plaf.basic.BasicTreeUI.shouldPaintExpandControl(Ljavax/swing/tree/TreePath;IZZZ)Z @ 37 c2
Event: 158897.551 Thread 0x000001e71f0f8000 Uncommon trap: reason=unstable_if action=reinterpret pc=0x000001e710431e30 method=ui.views.p.a.getTreeCellRendererComponent(Ljavax/swing/JTree;Ljava/lang/Object;ZZZIZ)Ljava/awt/Component; @ 27 c2
Event: 158977.104 Thread 0x000001e71f0f8000 Uncommon trap: reason=class_check action=maybe_recompile pc=0x000001e710267800 method=javax.swing.plaf.basic.BasicListUI$Handler.propertyChange(Ljava/beans/PropertyChangeEvent;)V @ 97 c2
Event: 158979.200 Thread 0x000001e71f0f8000 Uncommon trap: reason=class_check action=maybe_recompile pc=0x000001e710b60328 method=de.javasoft.plaf.synthetica.styles.MenuItemStyle.getIcon(Ljavax/swing/plaf/synth/SynthContext;Ljava/lang/Object;)Ljavax/swing/Icon; @ 30 c2

Classes redefined (0 events):
No events

Internal exceptions (10 events):
Event: 158815.005 Thread 0x000001e71f0f8000 Exception <a 'de/concept/nlview/NlviewException'{0x000000070f7c2780}> (0x000000070f7c2780) thrown at [t:/workspace/hotspot/src/share/vm/prims/jni.cpp, line 604]
Event: 158815.005 Thread 0x000001e71f0f8000 Exception <a 'de/concept/nlview/NlviewException'{0x000000070f7c33b8}> (0x000000070f7c33b8) thrown at [t:/workspace/hotspot/src/share/vm/prims/jni.cpp, line 604]
Event: 158815.005 Thread 0x000001e71f0f8000 Exception <a 'de/concept/nlview/NlviewException'{0x000000070f7c3b20}> (0x000000070f7c3b20) thrown at [t:/workspace/hotspot/src/share/vm/prims/jni.cpp, line 604]
Event: 158815.005 Thread 0x000001e71f0f8000 Exception <a 'de/concept/nlview/NlviewException'{0x000000070f7c45c8}> (0x000000070f7c45c8) thrown at [t:/workspace/hotspot/src/share/vm/prims/jni.cpp, line 604]
Event: 158815.005 Thread 0x000001e71f0f8000 Exception <a 'de/concept/nlview/NlviewException'{0x000000070f7c5078}> (0x000000070f7c5078) thrown at [t:/workspace/hotspot/src/share/vm/prims/jni.cpp, line 604]
Event: 158863.796 Thread 0x000001e71f0f8000 Implicit null exception at 0x000001e7105c9754 to 0x000001e7105c9ca9
Event: 158915.634 Thread 0x000001e78653f000 Exception <a 'java/lang/InterruptedException'{0x0000000710498fc8}: sleep interrupted> (0x0000000710498fc8) thrown at [t:/workspace/hotspot/src/share/vm/prims/jvm.cpp, line 2984]
Event: 158984.333 Thread 0x000001e71f0f8000 Exception <a 'java/lang/NoSuchMethodError'{0x000000070e9cda68}: java.lang.invoke.DirectMethodHandle$Holder.invokeSpecial(Ljava/lang/Object;Ljava/lang/Object;IILjava/lang/Object;Ljava/lang/Object;Ljava/lang/Object;Ljava/lang/Object;Ljava/lang/Object;)Ljava
Event: 158984.333 Thread 0x000001e71f0f8000 Exception <a 'java/lang/NoSuchMethodError'{0x000000070e9d1698}: java.lang.invoke.DelegatingMethodHandle$Holder.reinvoke_L(Ljava/lang/Object;IILjava/lang/Object;Ljava/lang/Object;Ljava/lang/Object;Ljava/lang/Object;Ljava/lang/Object;)Ljava/lang/Object;> (0
Event: 158986.178 Thread 0x000001e71f0f8000 Exception <a 'java/io/FileNotFoundException'{0x000000070f6d01c8}> (0x000000070f6d01c8) thrown at [t:/workspace/hotspot/src/share/vm/prims/jni.cpp, line 604]

Events (10 events):
Event: 158985.936 loading class ui/b/i/f/aG done
Event: 158985.939 Executing VM operation: BulkRevokeBias
Event: 158985.939 Executing VM operation: BulkRevokeBias done
Event: 158985.942 Thread 0x000001e72af9a000 Thread added: 0x000001e72af9a000
Event: 158986.019 Executing VM operation: G1IncCollectionPause
Event: 158986.023 Executing VM operation: G1IncCollectionPause done
Event: 158986.388 loading class ui/views/S/R
Event: 158986.388 loading class ui/views/S/R done
Event: 158986.389 loading class ui/views/S/az
Event: 158986.389 loading class ui/views/S/az done


Dynamic libraries:
0x00007ff64a5e0000 - 0x00007ff64a610000 	C:\Xilinx\Vivado\2019.1\bin\unwrapped\win64.o\vivado.exe
0x000001e771fd0000 - 0x000001e772236000 	C:\WINDOWS\SYSTEM32\ntd1l.dll
0x000001e772240000 - 0x000001e772309000 	C:\WINDOWS\System32\kern3l32.dll
0x00007ff8f99c0000 - 0x00007ff8f9c26000 	C:\WINDOWS\SYSTEM32\ntdll.dll
0x00007ff8f7a00000 - 0x00007ff8f7ac9000 	C:\WINDOWS\System32\KERNEL32.DLL
0x00007ff8f7330000 - 0x00007ff8f772a000 	C:\WINDOWS\System32\KERNELBASE.dll
0x00007ff8f6740000 - 0x00007ff8f6b1b000 	C:\Program Files\SentinelOne\Sentinel Agent 25.1.3.334\InProcessClient64.dll
0x00007ff8f8ee0000 - 0x00007ff8f8f96000 	C:\WINDOWS\System32\ADVAPI32.dll
0x00007ff8f8fa0000 - 0x00007ff8f9049000 	C:\WINDOWS\System32\msvcrt.dll
0x00007ff8f6730000 - 0x00007ff8f673b000 	C:\WINDOWS\SYSTEM32\VERSION.dll
0x00007ff8f98d0000 - 0x00007ff8f997a000 	C:\WINDOWS\System32\sechost.dll
0x00007ff8f95b0000 - 0x00007ff8f96c8000 	C:\WINDOWS\System32\RPCRT4.dll
0x00007ff8f7100000 - 0x00007ff8f724c000 	C:\WINDOWS\System32\ucrtbase.dll
0x00007ff8c7bb0000 - 0x00007ff8c7c3d000 	C:\WINDOWS\SYSTEM32\MSVCP140.dll
0x00007ff8cc530000 - 0x00007ff8cc544000 	C:\Xilinx\Vivado\2019.1\lib\win64.o\libboost_signals.dll
0x00007ff8c7b90000 - 0x00007ff8c7bae000 	C:\WINDOWS\SYSTEM32\VCRUNTIME140.dll
0x00007ff8c83d0000 - 0x00007ff8c83dc000 	C:\WINDOWS\SYSTEM32\VCRUNTIME140_1.dll
0x00007ff8ca9f0000 - 0x00007ff8caa04000 	C:\Xilinx\Vivado\2019.1\lib\win64.o\librdi_commonmain.dll
0x00007ff8c8d80000 - 0x00007ff8c8da6000 	C:\Xilinx\Vivado\2019.1\lib\win64.o\libboost_filesystem.dll
0x00007ff8f1230000 - 0x00007ff8f123a000 	C:\Xilinx\Vivado\2019.1\lib\win64.o\librdi_commonversion.dll
0x00007ff8a5fa0000 - 0x00007ff8a60c1000 	C:\Xilinx\Vivado\2019.1\lib\win64.o\librdi_commonxillic.dll
0x00007ff8f93e0000 - 0x00007ff8f95a7000 	C:\WINDOWS\System32\USER32.dll
0x00007ff8f7300000 - 0x00007ff8f7327000 	C:\WINDOWS\System32\win32u.dll
0x00007ff8f7830000 - 0x00007ff8f785b000 	C:\WINDOWS\System32\GDI32.dll
0x00007ff8f6fd0000 - 0x00007ff8f70fb000 	C:\WINDOWS\System32\gdi32full.dll
0x00007ff850fd0000 - 0x00007ff851eb2000 	C:\Xilinx\Vivado\2019.1\lib\win64.o\librdi_common.dll
0x00007ff8f7250000 - 0x00007ff8f72f3000 	C:\WINDOWS\System32\msvcp_win.dll
0x00007ff8f7ff0000 - 0x00007ff8f8774000 	C:\WINDOWS\System32\SHELL32.dll
0x0000000075dd0000 - 0x0000000075efb000 	C:\Xilinx\Vivado\2019.1\lib\win64.o\tcl85t.dll
0x00007ff8f9340000 - 0x00007ff8f93c0000 	C:\WINDOWS\System32\WS2_32.dll
0x00007ff8e2370000 - 0x00007ff8e237b000 	C:\Xilinx\Vivado\2019.1\lib\win64.o\libboost_system.dll
0x00007ff8816e0000 - 0x00007ff8819b8000 	C:\Xilinx\Vivado\2019.1\lib\win64.o\libXil_lmgr11.dll
0x00007ff8f7730000 - 0x00007ff8f7822000 	C:\WINDOWS\System32\COMDLG32.dll
0x00007ff8f8780000 - 0x00007ff8f8b03000 	C:\WINDOWS\System32\combase.dll
0x00007ff8f7900000 - 0x00007ff8f79f6000 	C:\WINDOWS\System32\shcore.dll
0x00007ff8864c0000 - 0x00007ff8865d4000 	C:\Xilinx\Vivado\2019.1\lib\win64.o\libboost_regex.dll
0x00007ff8f9830000 - 0x00007ff8f9897000 	C:\WINDOWS\System32\SHLWAPI.dll
0x00007ff8c9490000 - 0x00007ff8c94a4000 	C:\Xilinx\Vivado\2019.1\lib\win64.o\libboost_date_time.dll
0x00007ff8f9050000 - 0x00007ff8f9129000 	C:\WINDOWS\System32\OLEAUT32.dll
0x00007ff850c60000 - 0x00007ff850fce000 	C:\Xilinx\Vivado\2019.1\lib\win64.o\libCOIN-all.dll
0x00007ff8b3240000 - 0x00007ff8b32bf000 	C:\Xilinx\Vivado\2019.1\lib\win64.o\libboost_program_options.dll
0x00007ff8c7290000 - 0x00007ff8c72b1000 	C:\Xilinx\Vivado\2019.1\lib\win64.o\libboost_thread.dll
0x00007ff8e2120000 - 0x00007ff8e212f000 	C:\Xilinx\Vivado\2019.1\lib\win64.o\libboost_xilinx.dll
0x00007ff885d80000 - 0x00007ff885e02000 	C:\Xilinx\Vivado\2019.1\lib\win64.o\libhdlpsolve.dll
0x00007ff885cd0000 - 0x00007ff885d75000 	C:\Xilinx\Vivado\2019.1\lib\win64.o\libhdxml.dll
0x00007ff8c38d0000 - 0x00007ff8c38fe000 	C:\Xilinx\Vivado\2019.1\lib\win64.o\libisl_sysinfo.dll
0x00007ff8a2250000 - 0x00007ff8a22b5000 	C:\Xilinx\Vivado\2019.1\lib\win64.o\liblmx6.0.dll
0x00007ff8c8b50000 - 0x00007ff8c8b6a000 	C:\Xilinx\Vivado\2019.1\lib\win64.o\pthreadVC2.dll
0x00007ff8c48e0000 - 0x00007ff8c48fc000 	C:\Xilinx\Vivado\2019.1\lib\win64.o\librdiconfig.dll
0x00007ff8b87c0000 - 0x00007ff8b87e1000 	C:\Xilinx\Vivado\2019.1\lib\win64.o\librdizlib.dll
0x00007ff8f8ce0000 - 0x00007ff8f8e78000 	C:\WINDOWS\System32\ole32.dll
0x0000000012000000 - 0x0000000012270000 	C:\Xilinx\Vivado\2019.1\lib\win64.o\xerces-c_3_1.dll
0x00007ff8f6dd0000 - 0x00007ff8f6e53000 	C:\WINDOWS\System32\WINTRUST.dll
0x00007ff8f6c50000 - 0x00007ff8f6dc8000 	C:\WINDOWS\System32\CRYPT32.dll
0x00007ff84a6f0000 - 0x00007ff84b29f400 	C:\Xilinx\Vivado\2019.1\lib\win64.o\libisl_iostreams.dll
0x00007ff8dfcc0000 - 0x00007ff8dfcda000 	C:\WINDOWS\SYSTEM32\NETAPI32.dll
0x00007ff8d6610000 - 0x00007ff8d68a5000 	C:\WINDOWS\SYSTEM32\WININET.dll
0x00007ff8e1e60000 - 0x00007ff8e203d000 	C:\WINDOWS\SYSTEM32\urlmon.dll
0x00007ff8efe60000 - 0x00007ff8eff89000 	C:\WINDOWS\SYSTEM32\WINHTTP.dll
0x00007ff8dc970000 - 0x00007ff8dc97a000 	C:\WINDOWS\SYSTEM32\WSOCK32.dll
0x00007ff8b7df0000 - 0x00007ff8b7e20000 	C:\WINDOWS\SYSTEM32\VCOMP140.DLL
0x00007ff849850000 - 0x00007ff84a6e1000 	C:\Xilinx\Vivado\2019.1\lib\win64.o\gurobi65.dll
0x00007ff8c8910000 - 0x00007ff8c89c5000 	C:\WINDOWS\WinSxS\amd64_microsoft.windows.common-controls_6595b64144ccf1df_5.82.26100.8328_none_87eede957a2ccddd\COMCTL32.dll
0x00007ff8e2080000 - 0x00007ff8e208d000 	C:\Xilinx\Vivado\2019.1\lib\win64.o\libboost_chrono.dll
0x00007ff8f0a60000 - 0x00007ff8f0a85000 	C:\WINDOWS\SYSTEM32\dhcpcsvc.DLL
0x00007ff8c38b0000 - 0x00007ff8c38cb000 	C:\Xilinx\Vivado\2019.1\lib\win64.o\libboost_iostreams.dll
0x00007ff8e1b90000 - 0x00007ff8e1e55000 	C:\WINDOWS\SYSTEM32\iertutil.dll
0x00007ff8f43d0000 - 0x00007ff8f4c50000 	C:\WINDOWS\SYSTEM32\windows.storage.dll
0x00007ff8b66f0000 - 0x00007ff8b6715000 	C:\Xilinx\Vivado\2019.1\lib\win64.o\libisl_iosutils.dll
0x00007ff8e1b60000 - 0x00007ff8e1b89000 	C:\WINDOWS\SYSTEM32\srvcli.dll
0x00007ff8f4dd0000 - 0x00007ff8f4ddd000 	C:\WINDOWS\SYSTEM32\NETUTILS.DLL
0x00007ff8f66b0000 - 0x00007ff8f66bc000 	C:\WINDOWS\SYSTEM32\FLTLIB.DLL
0x00007ff8f7860000 - 0x00007ff8f7892000 	C:\WINDOWS\System32\IMM32.DLL
0x00007ff8f5f50000 - 0x00007ff8f5f63000 	C:\WINDOWS\SYSTEM32\MSASN1.dll
0x00007ff8f55a0000 - 0x00007ff8f55bb000 	C:\WINDOWS\SYSTEM32\kernel.appcore.dll
0x00007ff84d820000 - 0x00007ff84dd37000 	C:\Xilinx\Vivado\2019.1\lib\win64.o\librdi_commontasks.dll
0x00000000753a0000 - 0x0000000075dc5000 	C:\Xilinx\Vivado\2019.1\tps\win64\jre9.0.4\bin\server\jvm.dll
0x00007ff8f98a0000 - 0x00007ff8f98a8000 	C:\WINDOWS\System32\PSAPI.DLL
0x00007ff853710000 - 0x00007ff853996000 	C:\Xilinx\Vivado\2019.1\lib\win64.o\librdi_sio.dll
0x00007ff8e51b0000 - 0x00007ff8e51e6000 	C:\WINDOWS\SYSTEM32\WINMM.dll
0x00007ff8855f0000 - 0x00007ff8856df000 	C:\Xilinx\Vivado\2019.1\tps\win64\jre9.0.4\bin\MSVCR120.dll
0x00007ff8f50c0000 - 0x00007ff8f50f3000 	C:\WINDOWS\SYSTEM32\IPHLPAPI.DLL
0x00007ff8f5af0000 - 0x00007ff8f5b5c000 	C:\WINDOWS\SYSTEM32\MSWSOCK.DLL
0x00007ff845cb0000 - 0x00007ff84816c000 	C:\Xilinx\Vivado\2019.1\lib\win64.o\librdi_tcltasks.dll
0x00007ff84d410000 - 0x00007ff84d818000 	C:\Xilinx\Vivado\2019.1\lib\win64.o\librdi_bitstream.dll
0x00007ff8797f0000 - 0x00007ff879981000 	C:\Xilinx\Vivado\2019.1\lib\win64.o\librdi_board.dll
0x00007ff886440000 - 0x00007ff8864b8000 	C:\Xilinx\Vivado\2019.1\lib\win64.o\librdi_boarddep.dll
0x00007ff882370000 - 0x00007ff88245b000 	C:\Xilinx\Vivado\2019.1\lib\win64.o\librdi_chipscope.dll
0x00007ff850aa0000 - 0x00007ff850c5d000 	C:\Xilinx\Vivado\2019.1\lib\win64.o\librdi_chipscopeimpl.dll
0x00007ff8442c0000 - 0x00007ff845caa000 	C:\Xilinx\Vivado\2019.1\lib\win64.o\librdi_constraints.dll
0x00007ff854650000 - 0x00007ff8547a6000 	C:\Xilinx\Vivado\2019.1\lib\win64.o\librdi_containers.dll
0x00007ff842400000 - 0x00007ff8442b1000 	C:\Xilinx\Vivado\2019.1\lib\win64.o\librdi_coregen.dll
0x00007ff849170000 - 0x00007ff84984a000 	C:\Xilinx\Vivado\2019.1\lib\win64.o\librdi_coregenipxact.dll
0x00007ff83e3b0000 - 0x00007ff8423f3000 	C:\Xilinx\Vivado\2019.1\lib\win64.o\librdi_designutils.dll
0x00007ff82bf80000 - 0x00007ff83e3ac000 	C:\Xilinx\Vivado\2019.1\lib\win64.o\librdi_device.dll
0x00007ff84cbe0000 - 0x00007ff84cefe000 	C:\Xilinx\Vivado\2019.1\lib\win64.o\librdi_dlyest.dll
0x00007ff848bd0000 - 0x00007ff84916a000 	C:\Xilinx\Vivado\2019.1\lib\win64.o\librdi_drc.dll
0x00007ff8811f0000 - 0x00007ff8812b4000 	C:\Xilinx\Vivado\2019.1\lib\win64.o\librdi_dsp.dll
0x00007ff82b930000 - 0x00007ff82bf7d000 	C:\Xilinx\Vivado\2019.1\lib\win64.o\librdi_filemgmt.dll
0x00007ff8488e0000 - 0x00007ff848bc3000 	C:\Xilinx\Vivado\2019.1\lib\win64.o\librdi_guitools.dll
0x00007ff8866a0000 - 0x00007ff886705000 	C:\Xilinx\Vivado\2019.1\lib\win64.o\librdi_hdf.dll
0x00007ff82a370000 - 0x00007ff82b930000 	C:\Xilinx\Vivado\2019.1\lib\win64.o\librdi_implflow.dll
0x00007ff829d50000 - 0x00007ff82a365000 	C:\Xilinx\Vivado\2019.1\lib\win64.o\librdi_memdata.dll
0x00007ff885c50000 - 0x00007ff885cc3000 	C:\Xilinx\Vivado\2019.1\lib\win64.o\librdi_memoryarray.dll
0x00007ff827060000 - 0x00007ff829d46000 	C:\Xilinx\Vivado\2019.1\lib\win64.o\librdi_mig.dll
0x00007ff8269b0000 - 0x00007ff827052000 	C:\Xilinx\Vivado\2019.1\lib\win64.o\librdi_netlist.dll
0x00007ff8b3400000 - 0x00007ff8b344b000 	C:\Xilinx\Vivado\2019.1\lib\win64.o\librdi_pfi.dll
0x00007ff824330000 - 0x00007ff8269a6000 	C:\Xilinx\Vivado\2019.1\lib\win64.o\librdi_place.dll
0x00007ff824020000 - 0x00007ff82432f000 	C:\Xilinx\Vivado\2019.1\lib\win64.o\librdi_platform.dll
0x00007ff8238d0000 - 0x00007ff82401a000 	C:\Xilinx\Vivado\2019.1\lib\win64.o\librdi_power.dll
0x00007ff823350000 - 0x00007ff8238cf000 	C:\Xilinx\Vivado\2019.1\lib\win64.o\librdi_project.dll
0x00007ff822c40000 - 0x00007ff823349000 	C:\Xilinx\Vivado\2019.1\lib\win64.o\librdi_psta.dll
0x00007ff822530000 - 0x00007ff822c36000 	C:\Xilinx\Vivado\2019.1\lib\win64.o\librdi_rsb.dll
0x00007ff822130000 - 0x00007ff822521000 	C:\Xilinx\Vivado\2019.1\lib\win64.o\librdi_runs.dll
0x00007ff880c00000 - 0x00007ff880cfa000 	C:\Xilinx\Vivado\2019.1\lib\win64.o\librdi_runsbase.dll
0x00007ff848680000 - 0x00007ff8488d6000 	C:\Xilinx\Vivado\2019.1\lib\win64.o\librdi_simdata.dll
0x00007ff821310000 - 0x00007ff822121000 	C:\Xilinx\Vivado\2019.1\lib\win64.o\librdi_timing.dll
0x00007ff8541e0000 - 0x00007ff854352000 	C:\Xilinx\Vivado\2019.1\lib\win64.o\librdi_advchipscopeimpl.dll
0x00007ff8b31f0000 - 0x00007ff8b323c000 	C:\Xilinx\Vivado\2019.1\lib\win64.o\libboost_serialization.dll
0x00007ff84d270000 - 0x00007ff84d40f000 	C:\Xilinx\Vivado\2019.1\lib\win64.o\librdi_hip_devdesign.dll
0x00007ff87f570000 - 0x00007ff87f632000 	C:\Xilinx\Vivado\2019.1\lib\win64.o\librdi_ipconfig_readwrite.dll
0x00007ff8ab3a0000 - 0x00007ff8ab3e3000 	C:\Xilinx\Vivado\2019.1\lib\win64.o\librdi_noc_frameworks.dll
0x00007ff8207c0000 - 0x00007ff821307000 	C:\Xilinx\Vivado\2019.1\lib\win64.o\libverific.dll
0x00007ff8203d0000 - 0x00007ff8207b5000 	C:\Xilinx\Vivado\2019.1\lib\win64.o\librdi_hip_config.dll
0x00007ff81fe80000 - 0x00007ff8203ce000 	C:\Xilinx\Vivado\2019.1\lib\win64.o\librdi_xdm.dll
0x00007ff8857a0000 - 0x00007ff88583e000 	C:\Xilinx\Vivado\2019.1\lib\win64.o\libise.dll
0x00007ff81f880000 - 0x00007ff81fe7c000 	C:\Xilinx\Vivado\2019.1\lib\win64.o\librdi_wavedata.dll
0x00007ff8b5ea0000 - 0x00007ff8b5ee0000 	C:\Xilinx\Vivado\2019.1\lib\win64.o\librdi_wavedata_SimpleApi.dll

VM Arguments:
jvm_args: -Dsun.java2d.pmoffscreen=false -Dsun.java2d.xrender=false -Dsun.java2d.d3d=false -Dsun.awt.nopixfmt=true -Dsun.java2d.dpiaware=true -Dsun.java2d.uiScale.enabled=false -Xverify:none -Dswing.aatext=true -XX:-UsePerfData -Djdk.map.althashing.threshold=512 -XX:StringTableSize=4072 --add-opens=java.base/java.nio=ALL-UNNAMED --add-opens=java.desktop/sun.swing=ALL-UNNAMED --add-opens=java.desktop/javax.swing=ALL-UNNAMED --add-opens=java.desktop/javax.swing.tree=ALL-UNNAMED --add-opens=java.desktop/javax.swing.plaf.basic=ALL-UNNAMED --add-opens=java.desktop/javax.swing.plaf.synth=ALL-UNNAMED --add-opens=java.desktop/com.sun.awt=ALL-UNNAMED -XX:NewSize=60m -XX:MaxNewSize=60m -Xms128m -Xmx3072m -Xss5m -agentpath:C:\Program Files\SentinelOne\Sentinel Agent 25.1.3.334\SentinelJava64.dll=extendedCapabilities 
java_command: <unknown>
java_class_path (initial): C:/Xilinx/Vivado/2019.1\lib\classes\alloy.jar;C:/Xilinx/Vivado/2019.1\lib\classes\autopilot.scelaborator.jar;C:/Xilinx/Vivado/2019.1\lib\classes\autopilot.sourceprocessor.jar;C:/Xilinx/Vivado/2019.1\lib\classes\autopilot.tbprocessor.jar;C:/Xilinx/Vivado/2019.1\lib\classes\batik-anim.jar;C:/Xilinx/Vivado/2019.1\lib\classes\batik-awt-util.jar;C:/Xilinx/Vivado/2019.1\lib\classes\batik-bridge.jar;C:/Xilinx/Vivado/2019.1\lib\classes\batik-codec.jar;C:/Xilinx/Vivado/2019.1\lib\classes\batik-css.jar;C:/Xilinx/Vivado/2019.1\lib\classes\batik-dom.jar;C:/Xilinx/Vivado/2019.1\lib\classes\batik-ext.jar;C:/Xilinx/Vivado/2019.1\lib\classes\batik-gui-util.jar;C:/Xilinx/Vivado/2019.1\lib\classes\batik-gvt.jar;C:/Xilinx/Vivado/2019.1\lib\classes\batik-parser.jar;C:/Xilinx/Vivado/2019.1\lib\classes\batik-script.jar;C:/Xilinx/Vivado/2019.1\lib\classes\batik-svg-dom.jar;C:/Xilinx/Vivado/2019.1\lib\classes\batik-swing.jar;C:/Xilinx/Vivado/2019.1\lib\classes\batik-transcoder.jar;C:/Xilinx/Vivado/2019.1\lib\classes\batik-util.jar;C:/Xilinx/Vivado/2019.1\lib\classes\batik-xml.jar;C:/Xilinx/Vivado/2019.1\lib\classes\com.google.gson_2.7.0.v20170129-0911.jar;C:/Xilinx/Vivado/2019.1\lib\classes\com.google.guava_21.0.0.v20170206-1425.jar;C:/Xilinx/Vivado/2019.1\lib\classes\com.google.inject_3.0.0.v201605172100.jar;C:/Xilinx/Vivado/2019.1\lib\classes\com.ibm.icu_4.4.2.v20110208.jar;C:/Xilinx/Vivado/2019.1\lib\classes\com.sigasi.hdt.annotations.runtime_4.3.0.201903071210.jar;C:/Xilinx/Vivado/2019.1\lib\classes\com.sigasi.hdt.blockdiagram.model_4.3.0.201903071210.jar;C:/Xilinx/Vivado/2019.1\lib\classes\com.sigasi.hdt.connection_4.3.0.201903071210.jar;C:/Xilinx/Vivado/2019.1\lib\classes\com.sigasi.hdt.dependencies.model_4.3.0.201903071210.jar;C:/Xilinx/Vivado/2019.1\lib\classes\com.sigasi.hdt.epl_4.3.0.201903071210.jar;C:/Xilinx/Vivado/2019.1\lib\classes\com.sigasi.hdt.graphics.model_4.3.0.201903071210.jar;C:/Xilinx/Vivado/2019.1\lib\classes\com.sigasi.hdt.project_4.3.0
Launcher Type: generic

Logging:
Log output configuration:
#0: stdout all=warning uptime,level,tags
#1: stderr all=off uptime,level,tags

Environment Variables:
PATH=C:/Xilinx/Vivado/2019.1/bin;C:/Xilinx/Vivado/2019.1/lib/win64.o;C:/Xilinx/Vivado/2019.1/tps/win64/jre9.0.4/bin/server;C:/Xilinx/Vivado/2019.1/tps/win64/jre9.0.4/bin;C:/Xilinx/SDK/2019.1/bin;C:/Xilinx/Vivado/2019.1/ids_lite/ISE/bin/nt64;C:/Xilinx/Vivado/2019.1/ids_lite/ISE/lib/nt64;C:\WINDOWS\system32;C:\WINDOWS;C:\WINDOWS\System32\Wbem;C:\WINDOWS\System32\WindowsPowerShell\v1.0\;C:\WINDOWS\System32\OpenSSH\;C:\Program Files\MiKTeX\miktex\bin\x64\;C:\Program Files\PuTTY\;C:\Program Files\dotnet\;C:\Users\vollratj\AppData\Local\Microsoft\WindowsApps;C:\Users\vollratj\AppData\Local\GitHubDesktop\bin;C:/Xilinx/Vivado/2019.1\tps\mingw\6.2.0\win64.o\nt\bin;C:/Xilinx/Vivado/2019.1\tps\mingw\6.2.0\win64.o\nt\libexec\gcc\x86_64-w64-mingw32\6.2.0;C:/Xilinx/Vivado/2019.1\tps\win64\python-2.7.5;C:/Xilinx/Vivado/2019.1\tps\win64\python-2.7.5\lib;C:/Xilinx/Vivado/2019.1\tps\win64\python-2.7.5\Lib\lib-tk;C:/Xilinx/Vivado/2019.1\tps\win64\python-2.7.5\lib\site-packages
USERNAME=vollratj
OS=Windows_NT
PROCESSOR_IDENTIFIER=Intel64 Family 6 Model 170 Stepping 4, GenuineIntel



---------------  S Y S T E M  ---------------

OS: Windows 10 , 64 bit Build 26100 (10.0.26100.8521)

CPU:total 14 (initial active 14) (7 cores per cpu, 2 threads per core) family 6 model 170 stepping 4, cmov, cx8, fxsr, mmx, sse, sse2, sse3, ssse3, sse4.1, sse4.2, popcnt, avx, avx2, aes, clmul, erms, 3dnowpref, lzcnt, ht, tsc, tscinvbit, bmi1, bmi2, adx, sha, fma

Memory: 4k page, physical 32990300k(18612092k free), swap 37971036k(20734864k free)

vm_info: Java HotSpot(TM) 64-Bit Server VM (9.0.4+11) for windows-amd64 JRE (9.0.4+11), built on Dec 20 2017 02:18:54 by "mach5one" with MS VC++ 12.0 (VS2013)

END.
