#-----------------------------------------------------------
# Vivado v2019.1 (64-bit)
# SW Build 2552052 on Fri May 24 14:49:42 MDT 2019
# IP Build 2548770 on Fri May 24 18:01:18 MDT 2019
# Start of session at: Wed Jul  1 10:20:30 2026
# Process ID: 4604
# Current directory: C:/temp/NodeEEBench/Xilinx/EEBench
# Command line: vivado.exe -gui_launcher_event rodinguilauncherevent1924 C:\temp\NodeEEBench\Xilinx\EEBench\EEBench.xpr
# Log file: C:/temp/NodeEEBench/Xilinx/EEBench/vivado.log
# Journal file: C:/temp/NodeEEBench/Xilinx/EEBench\vivado.jou
#-----------------------------------------------------------
start_gui
open_project C:/temp/NodeEEBench/Xilinx/EEBench/EEBench.xpr
Scanning sources...
Finished scanning sources
INFO: [IP_Flow 19-234] Refreshing IP repositories
INFO: [IP_Flow 19-1704] No user IP repositories specified
INFO: [IP_Flow 19-2313] Loaded Vivado IP repository 'C:/Xilinx/Vivado/2019.1/data/ip'.
open_project: Time (s): cpu = 00:00:10 ; elapsed = 00:00:05 . Memory (MB): peak = 823.320 ; gain = 83.605
update_compile_order -fileset sources_1
export_ip_user_files -of_objects  [get_files C:/temp/NodeEEBench/Xilinx/EEBench/EEBench.srcs/sources_1/ip/clk_wiz_0/clk_wiz_0.xci] -no_script -reset -force -quiet
remove_files  -fileset clk_wiz_0 C:/temp/NodeEEBench/Xilinx/EEBench/EEBench.srcs/sources_1/ip/clk_wiz_0/clk_wiz_0.xci
INFO: [Project 1-386] Moving file 'C:/temp/NodeEEBench/Xilinx/EEBench/EEBench.srcs/sources_1/ip/clk_wiz_0/clk_wiz_0.xci' from fileset 'clk_wiz_0' to fileset 'sources_1'.
create_ip -name clk_wiz -vendor xilinx.com -library ip -version 6.0 -module_name clk_wiz_0 -dir c:/temp/NodeEEBench/Xilinx/EEBench/EEBench.srcs/sources_1/ip
generate_target {instantiation_template} [get_files c:/temp/NodeEEBench/Xilinx/EEBench/EEBench.srcs/sources_1/ip/clk_wiz_0_1/clk_wiz_0.xci]
INFO: [IP_Flow 19-1686] Generating 'Instantiation Template' target for IP 'clk_wiz_0'...
update_compile_order -fileset sources_1
set_property generate_synth_checkpoint false [get_files  c:/temp/NodeEEBench/Xilinx/EEBench/EEBench.srcs/sources_1/ip/clk_wiz_0_1/clk_wiz_0.xci]
generate_target all [get_files  c:/temp/NodeEEBench/Xilinx/EEBench/EEBench.srcs/sources_1/ip/clk_wiz_0_1/clk_wiz_0.xci]
INFO: [IP_Flow 19-1686] Generating 'Instantiation Template' target for IP 'clk_wiz_0'...
INFO: [IP_Flow 19-1686] Generating 'Synthesis' target for IP 'clk_wiz_0'...
INFO: [IP_Flow 19-1686] Generating 'Simulation' target for IP 'clk_wiz_0'...
INFO: [IP_Flow 19-1686] Generating 'Implementation' target for IP 'clk_wiz_0'...
INFO: [IP_Flow 19-1686] Generating 'Change Log' target for IP 'clk_wiz_0'...
export_ip_user_files -of_objects [get_files c:/temp/NodeEEBench/Xilinx/EEBench/EEBench.srcs/sources_1/ip/clk_wiz_0_1/clk_wiz_0.xci] -no_script -sync -force -quiet
export_simulation -of_objects [get_files c:/temp/NodeEEBench/Xilinx/EEBench/EEBench.srcs/sources_1/ip/clk_wiz_0_1/clk_wiz_0.xci] -directory C:/temp/NodeEEBench/Xilinx/EEBench/EEBench.ip_user_files/sim_scripts -ip_user_files_dir C:/temp/NodeEEBench/Xilinx/EEBench/EEBench.ip_user_files -ipstatic_source_dir C:/temp/NodeEEBench/Xilinx/EEBench/EEBench.ip_user_files/ipstatic -lib_map_path [list {modelsim=C:/temp/NodeEEBench/Xilinx/EEBench/EEBench.cache/compile_simlib/modelsim} {questa=C:/temp/NodeEEBench/Xilinx/EEBench/EEBench.cache/compile_simlib/questa} {riviera=C:/temp/NodeEEBench/Xilinx/EEBench/EEBench.cache/compile_simlib/riviera} {activehdl=C:/temp/NodeEEBench/Xilinx/EEBench/EEBench.cache/compile_simlib/activehdl}] -use_ip_compiled_libs -force -quiet
set_property top EEBenchCA7 [current_fileset]
update_compile_order -fileset sources_1
reset_run synth_1
launch_runs impl_1 -to_step write_bitstream -jobs 7
[Wed Jul  1 10:31:46 2026] Launched synth_1...
Run output will be captured here: C:/temp/NodeEEBench/Xilinx/EEBench/EEBench.runs/synth_1/runme.log
[Wed Jul  1 10:31:46 2026] Launched impl_1...
Run output will be captured here: C:/temp/NodeEEBench/Xilinx/EEBench/EEBench.runs/impl_1/runme.log
export_ip_user_files -of_objects  [get_files C:/temp/NodeEEBench/Xilinx/EEBench/EEBench.srcs/constrs_1/imports/V03/Basys3_Master.xdc] -no_script -reset -force -quiet
remove_files  -fileset constrs_1 C:/temp/NodeEEBench/Xilinx/EEBench/EEBench.srcs/constrs_1/imports/V03/Basys3_Master.xdc
reset_run synth_1
launch_runs impl_1 -to_step write_bitstream -jobs 7
[Wed Jul  1 10:32:28 2026] Launched synth_1...
Run output will be captured here: C:/temp/NodeEEBench/Xilinx/EEBench/EEBench.runs/synth_1/runme.log
[Wed Jul  1 10:32:28 2026] Launched impl_1...
Run output will be captured here: C:/temp/NodeEEBench/Xilinx/EEBench/EEBench.runs/impl_1/runme.log
reset_run synth_1
launch_runs impl_1 -to_step write_bitstream -jobs 7
[Wed Jul  1 10:34:50 2026] Launched synth_1...
Run output will be captured here: C:/temp/NodeEEBench/Xilinx/EEBench/EEBench.runs/synth_1/runme.log
[Wed Jul  1 10:34:51 2026] Launched impl_1...
Run output will be captured here: C:/temp/NodeEEBench/Xilinx/EEBench/EEBench.runs/impl_1/runme.log
reset_run synth_1
launch_runs impl_1 -to_step write_bitstream -jobs 7
[Wed Jul  1 10:35:48 2026] Launched synth_1...
Run output will be captured here: C:/temp/NodeEEBench/Xilinx/EEBench/EEBench.runs/synth_1/runme.log
[Wed Jul  1 10:35:49 2026] Launched impl_1...
Run output will be captured here: C:/temp/NodeEEBench/Xilinx/EEBench/EEBench.runs/impl_1/runme.log
exit
INFO: [Common 17-206] Exiting Vivado at Wed Jul  1 11:04:09 2026...
