#-----------------------------------------------------------
# Vivado v2019.1 (64-bit)
# SW Build 2552052 on Fri May 24 14:49:42 MDT 2019
# IP Build 2548770 on Fri May 24 18:01:18 MDT 2019
# Start of session at: Wed Mar 25 13:17:23 2026
# Process ID: 28396
# Current directory: C:/temp/NodeEEBench/Xilinx/EEBench
# Command line: vivado.exe -gui_launcher_event rodinguilauncherevent33684 C:\temp\NodeEEBench\Xilinx\EEBench\EEBench.xpr
# Log file: C:/temp/NodeEEBench/Xilinx/EEBench/vivado.log
# Journal file: C:/temp/NodeEEBench/Xilinx/EEBench\vivado.jou
#-----------------------------------------------------------
start_gui
open_project C:/temp/NodeEEBench/Xilinx/EEBench/EEBench.xpr
INFO: [Project 1-313] Project file moved from 'C:/temp/DT/EEBench' since last save.
Scanning sources...
Finished scanning sources
WARNING: [Project 1-509] GeneratedRun file for 'synth_1' not found
WARNING: [Project 1-509] GeneratedRun file for 'impl_1' not found
INFO: [IP_Flow 19-234] Refreshing IP repositories
INFO: [IP_Flow 19-1704] No user IP repositories specified
INFO: [IP_Flow 19-2313] Loaded Vivado IP repository 'C:/Xilinx/Vivado/2019.1/data/ip'.
update_compile_order -fileset sources_1
reset_run impl_1
launch_runs impl_1 -jobs 7
[Wed Mar 25 13:18:35 2026] Launched synth_1...
Run output will be captured here: C:/temp/NodeEEBench/Xilinx/EEBench/EEBench.runs/synth_1/runme.log
[Wed Mar 25 13:18:35 2026] Launched impl_1...
Run output will be captured here: C:/temp/NodeEEBench/Xilinx/EEBench/EEBench.runs/impl_1/runme.log
launch_runs impl_1 -to_step write_bitstream -jobs 7
[Wed Mar 25 13:24:45 2026] Launched impl_1...
Run output will be captured here: C:/temp/NodeEEBench/Xilinx/EEBench/EEBench.runs/impl_1/runme.log
open_hw
connect_hw_server
INFO: [Labtools 27-2285] Connecting to hw_server url TCP:localhost:3121
INFO: [Labtools 27-2222] Launching hw_server...
INFO: [Labtools 27-2221] Launch Output:

****** Xilinx hw_server v2019.1
  **** Build date : May 24 2019 at 15:13:31
    ** Copyright 1986-2019 Xilinx, Inc. All Rights Reserved.


open_hw_target
INFO: [Labtoolstcl 44-466] Opening hw_target localhost:3121/xilinx_tcf/Digilent/210183AB3BE1A
set_property PROGRAM.FILE {C:/temp/NodeEEBench/Xilinx/EEBench/EEBench.runs/impl_1/EEBench.bit} [get_hw_devices xc7a35t_0]
current_hw_device [get_hw_devices xc7a35t_0]
refresh_hw_device -update_hw_probes false [lindex [get_hw_devices xc7a35t_0] 0]
INFO: [Labtools 27-1434] Device xc7a35t (JTAG device index = 0) is programmed with a design that has no supported debug core(s) in it.
create_hw_cfgmem -hw_device [lindex [get_hw_devices xc7a35t_0] 0] [lindex [get_cfgmem_parts {mx25l3233f-spi-x1_x2_x4}] 0]
set_property PROGRAM.BLANK_CHECK  0 [ get_property PROGRAM.HW_CFGMEM [lindex [get_hw_devices xc7a35t_0] 0]]
set_property PROGRAM.ERASE  1 [ get_property PROGRAM.HW_CFGMEM [lindex [get_hw_devices xc7a35t_0] 0]]
set_property PROGRAM.CFG_PROGRAM  1 [ get_property PROGRAM.HW_CFGMEM [lindex [get_hw_devices xc7a35t_0] 0]]
set_property PROGRAM.VERIFY  1 [ get_property PROGRAM.HW_CFGMEM [lindex [get_hw_devices xc7a35t_0] 0]]
set_property PROGRAM.CHECKSUM  0 [ get_property PROGRAM.HW_CFGMEM [lindex [get_hw_devices xc7a35t_0] 0]]
refresh_hw_device [lindex [get_hw_devices xc7a35t_0] 0]
INFO: [Labtools 27-1434] Device xc7a35t (JTAG device index = 0) is programmed with a design that has no supported debug core(s) in it.
set_property PROGRAM.ADDRESS_RANGE  {use_file} [ get_property PROGRAM.HW_CFGMEM [lindex [get_hw_devices xc7a35t_0] 0]]
set_property PROGRAM.FILES [list "C:/temp/NodeEEBench/Xilinx/EEBench.bin" ] [ get_property PROGRAM.HW_CFGMEM [lindex [get_hw_devices xc7a35t_0] 0]]
set_property PROGRAM.PRM_FILE {} [ get_property PROGRAM.HW_CFGMEM [lindex [get_hw_devices xc7a35t_0] 0]]
set_property PROGRAM.UNUSED_PIN_TERMINATION {pull-none} [ get_property PROGRAM.HW_CFGMEM [lindex [get_hw_devices xc7a35t_0] 0]]
set_property PROGRAM.BLANK_CHECK  0 [ get_property PROGRAM.HW_CFGMEM [lindex [get_hw_devices xc7a35t_0] 0]]
set_property PROGRAM.ERASE  1 [ get_property PROGRAM.HW_CFGMEM [lindex [get_hw_devices xc7a35t_0] 0]]
set_property PROGRAM.CFG_PROGRAM  1 [ get_property PROGRAM.HW_CFGMEM [lindex [get_hw_devices xc7a35t_0] 0]]
set_property PROGRAM.VERIFY  1 [ get_property PROGRAM.HW_CFGMEM [lindex [get_hw_devices xc7a35t_0] 0]]
set_property PROGRAM.CHECKSUM  0 [ get_property PROGRAM.HW_CFGMEM [lindex [get_hw_devices xc7a35t_0] 0]]
startgroup 
create_hw_bitstream -hw_device [lindex [get_hw_devices xc7a35t_0] 0] [get_property PROGRAM.HW_CFGMEM_BITFILE [ lindex [get_hw_devices xc7a35t_0] 0]]; program_hw_devices [lindex [get_hw_devices xc7a35t_0] 0]; refresh_hw_device [lindex [get_hw_devices xc7a35t_0] 0];
INFO: [Labtools 27-3164] End of startup status: HIGH
INFO: [Labtools 27-2302] Device xc7a35t (JTAG device index = 0) is programmed with a design that has 1 SPI core(s).
program_hw_cfgmem -hw_cfgmem [ get_property PROGRAM.HW_CFGMEM [lindex [get_hw_devices xc7a35t_0] 0]]
Mfg ID : c2   Memory Type : 20   Memory Capacity : 16   Device ID 1 : 0   Device ID 2 : 0
Performing Erase Operation...
Erase Operation successful.
Performing Program and Verify Operations...
Program/Verify Operation successful.
INFO: [Labtoolstcl 44-377] Flash programming completed successfully
program_hw_cfgmem: Time (s): cpu = 00:00:01 ; elapsed = 00:00:25 . Memory (MB): peak = 2013.449 ; gain = 0.000
endgroup
reset_run impl_1 -prev_step 
launch_runs impl_1 -to_step write_bitstream -jobs 7
[Wed Mar 25 13:40:24 2026] Launched impl_1...
Run output will be captured here: C:/temp/NodeEEBench/Xilinx/EEBench/EEBench.runs/impl_1/runme.log
write_cfgmem  -format bin -size 4 -interface SPIx1 -loadbit {up 0x00000000 "C:/temp/NodeEEBench/Xilinx/EEBench/EEBench.bit" } -checksum -force -file "C:/temp/NodeEEBench/Xilinx/EEBench/test.bin"
Command: write_cfgmem -format bin -size 4 -interface SPIx1 -loadbit {up 0x00000000 "C:/temp/NodeEEBench/Xilinx/EEBench/EEBench.bit" } -checksum -force -file C:/temp/NodeEEBench/Xilinx/EEBench/test.bin
Creating config memory files...
Creating bitstream load up from address 0x00000000
Loading bitfile C:/temp/NodeEEBench/Xilinx/EEBench/EEBench.bit
ERROR: [Writecfgmem 68-20] SPI_BUSWIDTH property is set to "4" on bitfile C:/temp/NodeEEBench/Xilinx/EEBench/EEBench.bit. This property has to be set to "1" to generate a configuration memory file for the SPIX1 interface. Please ensure that a valid value has been set for the property BITSTREAM.Config.SPI_buswidth and rerun this command.
0 Infos, 0 Warnings, 0 Critical Warnings and 1 Errors encountered.
write_cfgmem failed
ERROR: [Common 17-39] 'write_cfgmem' failed due to earlier errors.
reset_run impl_1 -prev_step 
launch_runs impl_1 -to_step write_bitstream -jobs 7
[Wed Mar 25 13:44:44 2026] Launched impl_1...
Run output will be captured here: C:/temp/NodeEEBench/Xilinx/EEBench/EEBench.runs/impl_1/runme.log
set_property PROGRAM.ADDRESS_RANGE  {use_file} [ get_property PROGRAM.HW_CFGMEM [lindex [get_hw_devices xc7a35t_0] 0]]
set_property PROGRAM.FILES [list "C:/temp/NodeEEBench/Xilinx/EEBench.bin" ] [ get_property PROGRAM.HW_CFGMEM [lindex [get_hw_devices xc7a35t_0] 0]]
set_property PROGRAM.PRM_FILE {} [ get_property PROGRAM.HW_CFGMEM [lindex [get_hw_devices xc7a35t_0] 0]]
set_property PROGRAM.UNUSED_PIN_TERMINATION {pull-none} [ get_property PROGRAM.HW_CFGMEM [lindex [get_hw_devices xc7a35t_0] 0]]
set_property PROGRAM.BLANK_CHECK  0 [ get_property PROGRAM.HW_CFGMEM [lindex [get_hw_devices xc7a35t_0] 0]]
set_property PROGRAM.ERASE  1 [ get_property PROGRAM.HW_CFGMEM [lindex [get_hw_devices xc7a35t_0] 0]]
set_property PROGRAM.CFG_PROGRAM  1 [ get_property PROGRAM.HW_CFGMEM [lindex [get_hw_devices xc7a35t_0] 0]]
set_property PROGRAM.VERIFY  1 [ get_property PROGRAM.HW_CFGMEM [lindex [get_hw_devices xc7a35t_0] 0]]
set_property PROGRAM.CHECKSUM  0 [ get_property PROGRAM.HW_CFGMEM [lindex [get_hw_devices xc7a35t_0] 0]]
startgroup 
create_hw_bitstream -hw_device [lindex [get_hw_devices xc7a35t_0] 0] [get_property PROGRAM.HW_CFGMEM_BITFILE [ lindex [get_hw_devices xc7a35t_0] 0]]; program_hw_devices [lindex [get_hw_devices xc7a35t_0] 0]; refresh_hw_device [lindex [get_hw_devices xc7a35t_0] 0];
INFO: [Labtools 27-3164] End of startup status: HIGH
INFO: [Labtools 27-2302] Device xc7a35t (JTAG device index = 0) is programmed with a design that has 1 SPI core(s).
program_hw_cfgmem -hw_cfgmem [ get_property PROGRAM.HW_CFGMEM [lindex [get_hw_devices xc7a35t_0] 0]]
Mfg ID : c2   Memory Type : 20   Memory Capacity : 16   Device ID 1 : 0   Device ID 2 : 0
Performing Erase Operation...
Erase Operation successful.
Performing Program and Verify Operations...
Program/Verify Operation successful.
INFO: [Labtoolstcl 44-377] Flash programming completed successfully
program_hw_cfgmem: Time (s): cpu = 00:00:00 ; elapsed = 00:00:24 . Memory (MB): peak = 2150.609 ; gain = 0.000
endgroup
set_property STEPS.WRITE_BITSTREAM.ARGS.BIN_FILE true [get_runs impl_1]
reset_run impl_1 -prev_step 
launch_runs impl_1 -to_step write_bitstream -jobs 7
[Wed Mar 25 13:48:22 2026] Launched impl_1...
Run output will be captured here: C:/temp/NodeEEBench/Xilinx/EEBench/EEBench.runs/impl_1/runme.log
write_cfgmem  -format bin -size 4 -interface SPIx1 -loadbit {up 0x00000000 "C:/temp/NodeEEBench/Xilinx/EEBench/EEBench.bit" } -checksum -force -file "C:/temp/NodeEEBench/Xilinx/EEBench/test.bin"
Command: write_cfgmem -format bin -size 4 -interface SPIx1 -loadbit {up 0x00000000 "C:/temp/NodeEEBench/Xilinx/EEBench/EEBench.bit" } -checksum -force -file C:/temp/NodeEEBench/Xilinx/EEBench/test.bin
Creating config memory files...
Creating bitstream load up from address 0x00000000
Loading bitfile C:/temp/NodeEEBench/Xilinx/EEBench/EEBench.bit
ERROR: [Writecfgmem 68-20] SPI_BUSWIDTH property is set to "4" on bitfile C:/temp/NodeEEBench/Xilinx/EEBench/EEBench.bit. This property has to be set to "1" to generate a configuration memory file for the SPIX1 interface. Please ensure that a valid value has been set for the property BITSTREAM.Config.SPI_buswidth and rerun this command.
0 Infos, 0 Warnings, 0 Critical Warnings and 1 Errors encountered.
write_cfgmem failed
ERROR: [Common 17-39] 'write_cfgmem' failed due to earlier errors.
reset_run impl_1 -prev_step 
launch_runs impl_1 -to_step write_bitstream -jobs 7
[Wed Mar 25 13:49:39 2026] Launched impl_1...
Run output will be captured here: C:/temp/NodeEEBench/Xilinx/EEBench/EEBench.runs/impl_1/runme.log
write_cfgmem  -format bin -size 4 -interface SPIx4 -loadbit {up 0x00000000 "C:/temp/NodeEEBench/Xilinx/EEBench/EEBench.bit" } -checksum -force -file "C:/temp/NodeEEBench/Xilinx/EEBench/test.bin"
Command: write_cfgmem -format bin -size 4 -interface SPIx4 -loadbit {up 0x00000000 "C:/temp/NodeEEBench/Xilinx/EEBench/EEBench.bit" } -checksum -force -file C:/temp/NodeEEBench/Xilinx/EEBench/test.bin
Creating config memory files...
Creating bitstream load up from address 0x00000000
Loading bitfile C:/temp/NodeEEBench/Xilinx/EEBench/EEBench.bit
Writing file C:/temp/NodeEEBench/Xilinx/EEBench/test.bin
Writing log file C:/temp/NodeEEBench/Xilinx/EEBench/test.prm
===================================
Configuration Memory information
===================================
File Format        BIN
Interface          SPIX4
Size               4M
Start Address      0x00000000
End Address        0x003FFFFF
Checksum           0x318DE885
Fill Value         0xFF

Addr1         Addr2         Date                    File(s)                                           Checksum
0x00000000    0x000ECE57    Dec 14 12:52:02 2022    C:/temp/NodeEEBench/Xilinx/EEBench/EEBench.bit    0x008D722D
File Checksum Total                                                                                   0x008D722D
0 Infos, 0 Warnings, 0 Critical Warnings and 0 Errors encountered.
write_cfgmem completed successfully
set_property PROGRAM.ADDRESS_RANGE  {use_file} [ get_property PROGRAM.HW_CFGMEM [lindex [get_hw_devices xc7a35t_0] 0]]
set_property PROGRAM.FILES [list "C:/temp/NodeEEBench/Xilinx/EEBench/test.bin" ] [ get_property PROGRAM.HW_CFGMEM [lindex [get_hw_devices xc7a35t_0] 0]]
set_property PROGRAM.PRM_FILE {} [ get_property PROGRAM.HW_CFGMEM [lindex [get_hw_devices xc7a35t_0] 0]]
set_property PROGRAM.UNUSED_PIN_TERMINATION {pull-none} [ get_property PROGRAM.HW_CFGMEM [lindex [get_hw_devices xc7a35t_0] 0]]
set_property PROGRAM.BLANK_CHECK  0 [ get_property PROGRAM.HW_CFGMEM [lindex [get_hw_devices xc7a35t_0] 0]]
set_property PROGRAM.ERASE  1 [ get_property PROGRAM.HW_CFGMEM [lindex [get_hw_devices xc7a35t_0] 0]]
set_property PROGRAM.CFG_PROGRAM  1 [ get_property PROGRAM.HW_CFGMEM [lindex [get_hw_devices xc7a35t_0] 0]]
set_property PROGRAM.VERIFY  1 [ get_property PROGRAM.HW_CFGMEM [lindex [get_hw_devices xc7a35t_0] 0]]
set_property PROGRAM.CHECKSUM  0 [ get_property PROGRAM.HW_CFGMEM [lindex [get_hw_devices xc7a35t_0] 0]]
startgroup 
create_hw_bitstream -hw_device [lindex [get_hw_devices xc7a35t_0] 0] [get_property PROGRAM.HW_CFGMEM_BITFILE [ lindex [get_hw_devices xc7a35t_0] 0]]; program_hw_devices [lindex [get_hw_devices xc7a35t_0] 0]; refresh_hw_device [lindex [get_hw_devices xc7a35t_0] 0];
INFO: [Labtools 27-3164] End of startup status: HIGH
INFO: [Labtools 27-2302] Device xc7a35t (JTAG device index = 0) is programmed with a design that has 1 SPI core(s).
program_hw_cfgmem -hw_cfgmem [ get_property PROGRAM.HW_CFGMEM [lindex [get_hw_devices xc7a35t_0] 0]]
Mfg ID : c2   Memory Type : 20   Memory Capacity : 16   Device ID 1 : 0   Device ID 2 : 0
Performing Erase Operation...
Erase Operation successful.
Performing Program and Verify Operations...
Program/Verify Operation successful.
INFO: [Labtoolstcl 44-377] Flash programming completed successfully
program_hw_cfgmem: Time (s): cpu = 00:00:00 ; elapsed = 00:00:24 . Memory (MB): peak = 2206.227 ; gain = 0.000
endgroup
exit
INFO: [Common 17-206] Exiting Vivado at Wed Mar 25 13:54:10 2026...
