#-----------------------------------------------------------
# Vivado v2019.1 (64-bit)
# SW Build 2552052 on Fri May 24 14:49:42 MDT 2019
# IP Build 2548770 on Fri May 24 18:01:18 MDT 2019
# Start of session at: Wed Jul  1 11:04:14 2026
# Process ID: 11932
# Current directory: C:/temp/NodeEEBench/Xilinx/EEBench
# Command line: vivado.exe -gui_launcher_event rodinguilauncherevent16468 C:\temp\NodeEEBench\Xilinx\EEBench\EEBench.xpr
# Log file: C:/temp/NodeEEBench/Xilinx/EEBench/vivado.log
# Journal file: C:/temp/NodeEEBench/Xilinx/EEBench\vivado.jou
#-----------------------------------------------------------
start_gui
open_project C:/temp/NodeEEBench/Xilinx/EEBench/EEBench.xpr
Scanning sources...
Finished scanning sources
INFO: [IP_Flow 19-234] Refreshing IP repositories
INFO: [IP_Flow 19-1704] No user IP repositories specified
INFO: [IP_Flow 19-2313] Loaded Vivado IP repository 'C:/Xilinx/Vivado/2019.1/data/ip'.
open_project: Time (s): cpu = 00:00:09 ; elapsed = 00:00:05 . Memory (MB): peak = 800.059 ; gain = 144.324
update_compile_order -fileset sources_1
reset_run synth_1
launch_runs impl_1 -to_step write_bitstream -jobs 7
[Wed Jul  1 11:04:50 2026] Launched synth_1...
Run output will be captured here: C:/temp/NodeEEBench/Xilinx/EEBench/EEBench.runs/synth_1/runme.log
[Wed Jul  1 11:04:50 2026] Launched impl_1...
Run output will be captured here: C:/temp/NodeEEBench/Xilinx/EEBench/EEBench.runs/impl_1/runme.log
reset_run impl_1 -prev_step 
launch_runs impl_1 -to_step write_bitstream -jobs 7
[Wed Jul  1 11:20:05 2026] Launched impl_1...
Run output will be captured here: C:/temp/NodeEEBench/Xilinx/EEBench/EEBench.runs/impl_1/runme.log
create_fileset -constrset BASYS3
add_files -fileset BASYS3 -norecurse C:/temp/NodeEEBench/Xilinx/EEBench_Old/2026_07/Basys3_Master.xdc
import_files -fileset BASYS3 C:/temp/NodeEEBench/Xilinx/EEBench_Old/2026_07/Basys3_Master.xdc
set_property NAME {CMOD A7} [get_filesets constrs_1]
reset_run synth_1
launch_runs impl_1 -to_step write_bitstream -jobs 7
[Wed Jul  1 11:42:33 2026] Launched synth_1...
Run output will be captured here: C:/temp/NodeEEBench/Xilinx/EEBench/EEBench.runs/synth_1/runme.log
[Wed Jul  1 11:42:33 2026] Launched impl_1...
Run output will be captured here: C:/temp/NodeEEBench/Xilinx/EEBench/EEBench.runs/impl_1/runme.log
reset_run synth_1
launch_runs impl_1 -to_step write_bitstream -jobs 7
[Wed Jul  1 11:53:23 2026] Launched synth_1...
Run output will be captured here: C:/temp/NodeEEBench/Xilinx/EEBench/EEBench.runs/synth_1/runme.log
[Wed Jul  1 11:53:23 2026] Launched impl_1...
Run output will be captured here: C:/temp/NodeEEBench/Xilinx/EEBench/EEBench.runs/impl_1/runme.log
reset_run synth_1
launch_runs impl_1 -to_step write_bitstream -jobs 7
[Wed Jul  1 12:36:49 2026] Launched synth_1...
Run output will be captured here: C:/temp/NodeEEBench/Xilinx/EEBench/EEBench.runs/synth_1/runme.log
[Wed Jul  1 12:36:49 2026] Launched impl_1...
Run output will be captured here: C:/temp/NodeEEBench/Xilinx/EEBench/EEBench.runs/impl_1/runme.log
reset_run synth_1
launch_runs impl_1 -to_step write_bitstream -jobs 7
[Wed Jul  1 13:13:00 2026] Launched synth_1...
Run output will be captured here: C:/temp/NodeEEBench/Xilinx/EEBench/EEBench.runs/synth_1/runme.log
[Wed Jul  1 13:13:00 2026] Launched impl_1...
Run output will be captured here: C:/temp/NodeEEBench/Xilinx/EEBench/EEBench.runs/impl_1/runme.log
reset_run impl_1 -prev_step 
launch_runs impl_1 -to_step write_bitstream -jobs 7
[Wed Jul  1 13:20:32 2026] Launched impl_1...
Run output will be captured here: C:/temp/NodeEEBench/Xilinx/EEBench/EEBench.runs/impl_1/runme.log
reset_run synth_1
launch_runs impl_1 -to_step write_bitstream -jobs 7
[Wed Jul  1 14:59:34 2026] Launched synth_1...
Run output will be captured here: C:/temp/NodeEEBench/Xilinx/EEBench/EEBench.runs/synth_1/runme.log
[Wed Jul  1 14:59:34 2026] Launched impl_1...
Run output will be captured here: C:/temp/NodeEEBench/Xilinx/EEBench/EEBench.runs/impl_1/runme.log
reset_run impl_1 -prev_step 
launch_runs impl_1 -to_step write_bitstream -jobs 7
[Wed Jul  1 15:27:05 2026] Launched impl_1...
Run output will be captured here: C:/temp/NodeEEBench/Xilinx/EEBench/EEBench.runs/impl_1/runme.log
reset_run synth_1
launch_runs impl_1 -to_step write_bitstream -jobs 7
[Wed Jul  1 15:31:03 2026] Launched synth_1...
Run output will be captured here: C:/temp/NodeEEBench/Xilinx/EEBench/EEBench.runs/synth_1/runme.log
[Wed Jul  1 15:31:03 2026] Launched impl_1...
Run output will be captured here: C:/temp/NodeEEBench/Xilinx/EEBench/EEBench.runs/impl_1/runme.log
reset_run synth_1
launch_runs impl_1 -to_step write_bitstream -jobs 7
[Wed Jul  1 17:45:59 2026] Launched synth_1...
Run output will be captured here: C:/temp/NodeEEBench/Xilinx/EEBench/EEBench.runs/synth_1/runme.log
[Wed Jul  1 17:45:59 2026] Launched impl_1...
Run output will be captured here: C:/temp/NodeEEBench/Xilinx/EEBench/EEBench.runs/impl_1/runme.log
reset_run synth_1
launch_runs impl_1 -to_step write_bitstream -jobs 7
[Wed Jul  1 17:47:15 2026] Launched synth_1...
Run output will be captured here: C:/temp/NodeEEBench/Xilinx/EEBench/EEBench.runs/synth_1/runme.log
[Wed Jul  1 17:47:16 2026] Launched impl_1...
Run output will be captured here: C:/temp/NodeEEBench/Xilinx/EEBench/EEBench.runs/impl_1/runme.log
reset_run synth_1
launch_runs impl_1 -to_step write_bitstream -jobs 7
[Wed Jul  1 18:03:14 2026] Launched synth_1...
Run output will be captured here: C:/temp/NodeEEBench/Xilinx/EEBench/EEBench.runs/synth_1/runme.log
[Wed Jul  1 18:03:14 2026] Launched impl_1...
Run output will be captured here: C:/temp/NodeEEBench/Xilinx/EEBench/EEBench.runs/impl_1/runme.log
reset_run synth_1
launch_runs impl_1 -to_step write_bitstream -jobs 7
[Wed Jul  1 18:04:00 2026] Launched synth_1...
Run output will be captured here: C:/temp/NodeEEBench/Xilinx/EEBench/EEBench.runs/synth_1/runme.log
[Wed Jul  1 18:04:00 2026] Launched impl_1...
Run output will be captured here: C:/temp/NodeEEBench/Xilinx/EEBench/EEBench.runs/impl_1/runme.log
reset_run synth_1
launch_runs impl_1 -to_step write_bitstream -jobs 7
[Wed Jul  1 18:15:54 2026] Launched synth_1...
Run output will be captured here: C:/temp/NodeEEBench/Xilinx/EEBench/EEBench.runs/synth_1/runme.log
[Wed Jul  1 18:15:54 2026] Launched impl_1...
Run output will be captured here: C:/temp/NodeEEBench/Xilinx/EEBench/EEBench.runs/impl_1/runme.log
reset_run synth_1
launch_runs impl_1 -to_step write_bitstream -jobs 7
[Wed Jul  1 18:21:18 2026] Launched synth_1...
Run output will be captured here: C:/temp/NodeEEBench/Xilinx/EEBench/EEBench.runs/synth_1/runme.log
[Wed Jul  1 18:21:18 2026] Launched impl_1...
Run output will be captured here: C:/temp/NodeEEBench/Xilinx/EEBench/EEBench.runs/impl_1/runme.log
reset_run synth_1
launch_runs impl_1 -to_step write_bitstream -jobs 7
[Wed Jul  1 18:22:18 2026] Launched synth_1...
Run output will be captured here: C:/temp/NodeEEBench/Xilinx/EEBench/EEBench.runs/synth_1/runme.log
[Wed Jul  1 18:22:19 2026] Launched impl_1...
Run output will be captured here: C:/temp/NodeEEBench/Xilinx/EEBench/EEBench.runs/impl_1/runme.log
reset_run synth_1
launch_runs impl_1 -to_step write_bitstream -jobs 7
[Wed Jul  1 20:32:07 2026] Launched synth_1...
Run output will be captured here: C:/temp/NodeEEBench/Xilinx/EEBench/EEBench.runs/synth_1/runme.log
[Wed Jul  1 20:32:07 2026] Launched impl_1...
Run output will be captured here: C:/temp/NodeEEBench/Xilinx/EEBench/EEBench.runs/impl_1/runme.log
reset_run impl_1
reset_run synth_1
launch_runs impl_1 -to_step write_bitstream -jobs 7
[Wed Jul  1 20:34:09 2026] Launched synth_1...
Run output will be captured here: C:/temp/NodeEEBench/Xilinx/EEBench/EEBench.runs/synth_1/runme.log
[Wed Jul  1 20:34:09 2026] Launched impl_1...
Run output will be captured here: C:/temp/NodeEEBench/Xilinx/EEBench/EEBench.runs/impl_1/runme.log
reset_run synth_1
launch_runs impl_1 -to_step write_bitstream -jobs 7
[Wed Jul  1 20:43:27 2026] Launched synth_1...
Run output will be captured here: C:/temp/NodeEEBench/Xilinx/EEBench/EEBench.runs/synth_1/runme.log
[Wed Jul  1 20:43:27 2026] Launched impl_1...
Run output will be captured here: C:/temp/NodeEEBench/Xilinx/EEBench/EEBench.runs/impl_1/runme.log
reset_run synth_1
launch_runs impl_1 -to_step write_bitstream -jobs 7
[Wed Jul  1 20:54:57 2026] Launched synth_1...
Run output will be captured here: C:/temp/NodeEEBench/Xilinx/EEBench/EEBench.runs/synth_1/runme.log
[Wed Jul  1 20:54:57 2026] Launched impl_1...
Run output will be captured here: C:/temp/NodeEEBench/Xilinx/EEBench/EEBench.runs/impl_1/runme.log
open_run impl_1
INFO: [Device 21-403] Loading part xc7a35tcpg236-1
INFO: [Netlist 29-17] Analyzing 471 Unisim elements for replacement
INFO: [Netlist 29-28] Unisim Transformation completed in 0 CPU seconds
INFO: [Project 1-479] Netlist was created with Vivado 2019.1
INFO: [Project 1-570] Preparing netlist for logic optimization
INFO: [Timing 38-478] Restoring timing data from binary archive.
INFO: [Common 17-41] Interrupt caught. Command should exit soon.
INFO: [Timing 38-479] Binary timing data restore complete.
INFO: [Project 1-856] Restoring constraints from binary archive.
INFO: [Project 1-853] Binary constraint restore complete.
Reading XDEF placement.
Reading placer database...
Reading XDEF routing.
Restored from archive | CPU: 1.000000 secs | Memory: 0.000000 MB |
Finished XDEF File Restore: Time (s): cpu = 00:00:01 ; elapsed = 00:00:00.992 . Memory (MB): peak = 3811.539 ; gain = 0.000
open_run: Time (s): cpu = 00:00:20 ; elapsed = 00:00:22 . Memory (MB): peak = 3811.539 ; gain = 0.000
INFO: [Common 17-344] 'open_run' was cancelled
reset_run impl_1
launch_runs impl_1 -jobs 7
[Thu Jul  2 07:43:26 2026] Launched impl_1...
Run output will be captured here: C:/temp/NodeEEBench/Xilinx/EEBench/EEBench.runs/impl_1/runme.log
reset_run synth_1
launch_runs impl_1 -to_step write_bitstream -jobs 7
[Mon Jul  6 13:31:40 2026] Launched synth_1...
Run output will be captured here: C:/temp/NodeEEBench/Xilinx/EEBench/EEBench.runs/synth_1/runme.log
[Mon Jul  6 13:31:40 2026] Launched impl_1...
Run output will be captured here: C:/temp/NodeEEBench/Xilinx/EEBench/EEBench.runs/impl_1/runme.log
open_hw
connect_hw_server
INFO: [Labtools 27-2285] Connecting to hw_server url TCP:localhost:3121
INFO: [Labtools 27-2222] Launching hw_server...
INFO: [Labtools 27-2221] Launch Output:

****** Xilinx hw_server v2019.1
  **** Build date : May 24 2019 at 15:13:31
    ** Copyright 1986-2019 Xilinx, Inc. All Rights Reserved.


open_hw_target
INFO: [Labtoolstcl 44-466] Opening hw_target localhost:3121/xilinx_tcf/Digilent/210328BB16F1A
set_property PROGRAM.FILE {C:/temp/NodeEEBench/Xilinx/EEBench/EEBench.runs/impl_1/EEBenchCA7.bit} [get_hw_devices xc7a35t_0]
current_hw_device [get_hw_devices xc7a35t_0]
refresh_hw_device -update_hw_probes false [lindex [get_hw_devices xc7a35t_0] 0]
INFO: [Labtools 27-1434] Device xc7a35t (JTAG device index = 0) is programmed with a design that has no supported debug core(s) in it.
create_hw_cfgmem -hw_device [get_hw_devices xc7a35t_0] -mem_dev [lindex [get_cfgmem_parts {mx25l3233f-spi-x1_x2_x4}] 0]
set_property PROBES.FILE {} [get_hw_devices xc7a35t_0]
set_property FULL_PROBES.FILE {} [get_hw_devices xc7a35t_0]
set_property PROGRAM.FILE {C:/temp/NodeEEBench/Xilinx/EEBench/EEBench.runs/impl_1/EEBenchCA7.bit} [get_hw_devices xc7a35t_0]
program_hw_devices [get_hw_devices xc7a35t_0]
INFO: [Labtools 27-3164] End of startup status: HIGH
refresh_hw_device [lindex [get_hw_devices xc7a35t_0] 0]
INFO: [Labtools 27-1434] Device xc7a35t (JTAG device index = 0) is programmed with a design that has no supported debug core(s) in it.
reset_run synth_1
launch_runs impl_1 -to_step write_bitstream -jobs 7
[Tue Jul  7 10:17:10 2026] Launched synth_1...
Run output will be captured here: C:/temp/NodeEEBench/Xilinx/EEBench/EEBench.runs/synth_1/runme.log
[Tue Jul  7 10:17:10 2026] Launched impl_1...
Run output will be captured here: C:/temp/NodeEEBench/Xilinx/EEBench/EEBench.runs/impl_1/runme.log
set_property PROBES.FILE {} [get_hw_devices xc7a35t_0]
set_property FULL_PROBES.FILE {} [get_hw_devices xc7a35t_0]
set_property PROGRAM.FILE {C:/temp/NodeEEBench/Xilinx/EEBench/EEBench.runs/impl_1/EEBenchCA7.bit} [get_hw_devices xc7a35t_0]
program_hw_devices [get_hw_devices xc7a35t_0]
INFO: [Labtools 27-3164] End of startup status: HIGH
refresh_hw_device [lindex [get_hw_devices xc7a35t_0] 0]
INFO: [Labtools 27-1434] Device xc7a35t (JTAG device index = 0) is programmed with a design that has no supported debug core(s) in it.
reset_run synth_1
launch_runs impl_1 -to_step write_bitstream -jobs 7
[Tue Jul  7 10:40:24 2026] Launched synth_1...
Run output will be captured here: C:/temp/NodeEEBench/Xilinx/EEBench/EEBench.runs/synth_1/runme.log
[Tue Jul  7 10:40:24 2026] Launched impl_1...
Run output will be captured here: C:/temp/NodeEEBench/Xilinx/EEBench/EEBench.runs/impl_1/runme.log
set_property PROBES.FILE {} [get_hw_devices xc7a35t_0]
set_property FULL_PROBES.FILE {} [get_hw_devices xc7a35t_0]
set_property PROGRAM.FILE {C:/temp/NodeEEBench/Xilinx/EEBench/EEBench.runs/impl_1/EEBenchCA7.bit} [get_hw_devices xc7a35t_0]
program_hw_devices [get_hw_devices xc7a35t_0]
INFO: [Labtools 27-3164] End of startup status: HIGH
refresh_hw_device [lindex [get_hw_devices xc7a35t_0] 0]
INFO: [Labtools 27-1434] Device xc7a35t (JTAG device index = 0) is programmed with a design that has no supported debug core(s) in it.
INFO: [Vivado 12-5777] IP Instance 'clk_wiz_0' cannot be used in a module reference: The 'xilinx.com:ip:clk_wiz:6.0' core does not support module reference.
INFO: [Vivado 12-5777] IP Instance 'clk_wiz_0' cannot be used in a module reference: The 'xilinx.com:ip:clk_wiz:6.0' core does not support module reference.
INFO: [Vivado 12-5777] IP Instance 'clk_wiz_0' cannot be used in a module reference: The 'xilinx.com:ip:clk_wiz:6.0' core does not support module reference.
INFO: [Vivado 12-5777] IP Instance 'clk_wiz_0' cannot be used in a module reference: The 'xilinx.com:ip:clk_wiz:6.0' core does not support module reference.
INFO: [Vivado 12-5777] IP Instance 'clk_wiz_0' cannot be used in a module reference: The 'xilinx.com:ip:clk_wiz:6.0' core does not support module reference.
INFO: [Vivado 12-5777] IP Instance 'clk_wiz_0' cannot be used in a module reference: The 'xilinx.com:ip:clk_wiz:6.0' core does not support module reference.
INFO: [Vivado 12-5777] IP Instance 'clk_wiz_0' cannot be used in a module reference: The 'xilinx.com:ip:clk_wiz:6.0' core does not support module reference.
INFO: [Vivado 12-5777] IP Instance 'clk_wiz_0' cannot be used in a module reference: The 'xilinx.com:ip:clk_wiz:6.0' core does not support module reference.
INFO: [Vivado 12-5777] IP Instance 'clk_wiz_0' cannot be used in a module reference: The 'xilinx.com:ip:clk_wiz:6.0' core does not support module reference.
INFO: [Vivado 12-5777] IP Instance 'clk_wiz_0' cannot be used in a module reference: The 'xilinx.com:ip:clk_wiz:6.0' core does not support module reference.
INFO: [Vivado 12-5777] IP Instance 'clk_wiz_0' cannot be used in a module reference: The 'xilinx.com:ip:clk_wiz:6.0' core does not support module reference.
INFO: [Vivado 12-5777] IP Instance 'clk_wiz_0' cannot be used in a module reference: The 'xilinx.com:ip:clk_wiz:6.0' core does not support module reference.
set_property -dict [list CONFIG.PRIM_IN_FREQ {12.500} CONFIG.CLKIN1_JITTER_PS {800.0} CONFIG.MMCM_CLKFBOUT_MULT_F {64.000} CONFIG.MMCM_CLKIN1_PERIOD {80.000} CONFIG.MMCM_CLKIN2_PERIOD {10.0} CONFIG.MMCM_CLKOUT0_DIVIDE_F {8.000} CONFIG.CLKOUT1_JITTER {444.844} CONFIG.CLKOUT1_PHASE_ERROR {651.718}] [get_ips clk_wiz_0]
generate_target all [get_files  C:/temp/NodeEEBench/Xilinx/EEBench/EEBench.srcs/sources_1/ip/clk_wiz_0_1/clk_wiz_0.xci]
INFO: [IP_Flow 19-1686] Generating 'Instantiation Template' target for IP 'clk_wiz_0'...
INFO: [IP_Flow 19-1686] Generating 'Synthesis' target for IP 'clk_wiz_0'...
INFO: [IP_Flow 19-1686] Generating 'Simulation' target for IP 'clk_wiz_0'...
INFO: [IP_Flow 19-1686] Generating 'Implementation' target for IP 'clk_wiz_0'...
INFO: [IP_Flow 19-1686] Generating 'Change Log' target for IP 'clk_wiz_0'...
export_ip_user_files -of_objects [get_files C:/temp/NodeEEBench/Xilinx/EEBench/EEBench.srcs/sources_1/ip/clk_wiz_0_1/clk_wiz_0.xci] -no_script -sync -force -quiet
export_simulation -of_objects [get_files C:/temp/NodeEEBench/Xilinx/EEBench/EEBench.srcs/sources_1/ip/clk_wiz_0_1/clk_wiz_0.xci] -directory C:/temp/NodeEEBench/Xilinx/EEBench/EEBench.ip_user_files/sim_scripts -ip_user_files_dir C:/temp/NodeEEBench/Xilinx/EEBench/EEBench.ip_user_files -ipstatic_source_dir C:/temp/NodeEEBench/Xilinx/EEBench/EEBench.ip_user_files/ipstatic -lib_map_path [list {modelsim=C:/temp/NodeEEBench/Xilinx/EEBench/EEBench.cache/compile_simlib/modelsim} {questa=C:/temp/NodeEEBench/Xilinx/EEBench/EEBench.cache/compile_simlib/questa} {riviera=C:/temp/NodeEEBench/Xilinx/EEBench/EEBench.cache/compile_simlib/riviera} {activehdl=C:/temp/NodeEEBench/Xilinx/EEBench/EEBench.cache/compile_simlib/activehdl}] -use_ip_compiled_libs -force -quiet
ERROR: [Labtoolstcl 44-513] HW Target shutdown. Closing target: localhost:3121/xilinx_tcf/Digilent/210328BB16F1A
INFO: [Labtoolstcl 44-466] Opening hw_target localhost:3121/xilinx_tcf/Digilent/210328BB16F1A
INFO: [Labtools 27-1434] Device xc7a35t (JTAG device index = 0) is programmed with a design that has no supported debug core(s) in it.
WARNING: [Labtoolstcl 44-129] No matching hw_ila_data was found.
set_property generate_synth_checkpoint true [get_files  C:/temp/NodeEEBench/Xilinx/EEBench/EEBench.srcs/sources_1/ip/clk_wiz_0_1/clk_wiz_0.xci]
generate_target all [get_files  C:/temp/NodeEEBench/Xilinx/EEBench/EEBench.srcs/sources_1/ip/clk_wiz_0_1/clk_wiz_0.xci]
INFO: [IP_Flow 19-1686] Generating 'Instantiation Template' target for IP 'clk_wiz_0'...
INFO: [IP_Flow 19-1686] Generating 'Synthesis' target for IP 'clk_wiz_0'...
INFO: [IP_Flow 19-1686] Generating 'Simulation' target for IP 'clk_wiz_0'...
INFO: [IP_Flow 19-1686] Generating 'Implementation' target for IP 'clk_wiz_0'...
INFO: [IP_Flow 19-1686] Generating 'Change Log' target for IP 'clk_wiz_0'...
catch { config_ip_cache -export [get_ips -all clk_wiz_0] }
INFO: [IP_Flow 19-4838] Using cached IP synthesis design for IP clk_wiz_0, cache-ID = 08bd838e41e18b7d.
export_ip_user_files -of_objects [get_files C:/temp/NodeEEBench/Xilinx/EEBench/EEBench.srcs/sources_1/ip/clk_wiz_0_1/clk_wiz_0.xci] -no_script -sync -force -quiet
create_ip_run [get_files -of_objects [get_fileset sources_1] C:/temp/NodeEEBench/Xilinx/EEBench/EEBench.srcs/sources_1/ip/clk_wiz_0_1/clk_wiz_0.xci]
INFO: [Vivado 12-3453] The given sub-design is up-to-date, no action was taken.  If a run is still desired, use the '-force' option for the file:'C:/temp/NodeEEBench/Xilinx/EEBench/EEBench.srcs/sources_1/ip/clk_wiz_0_1/clk_wiz_0.xci'
export_ip_user_files -of_objects  [get_files C:/temp/NodeEEBench/Xilinx/EEBench/EEBench.srcs/sources_1/ip/clk_wiz_0_1/clk_wiz_0.xci] -no_script -reset -force -quiet
remove_files  C:/temp/NodeEEBench/Xilinx/EEBench/EEBench.srcs/sources_1/ip/clk_wiz_0_1/clk_wiz_0.xci
create_ip -name clk_wiz -vendor xilinx.com -library ip -version 6.0 -module_name clk_wiz_0 -dir c:/temp/NodeEEBench/Xilinx/EEBench/EEBench.srcs/sources_1/ip
set_property -dict [list CONFIG.PRIM_IN_FREQ {12.5} CONFIG.CLKIN1_JITTER_PS {800.0} CONFIG.MMCM_CLKFBOUT_MULT_F {64.000} CONFIG.MMCM_CLKIN1_PERIOD {80.000} CONFIG.MMCM_CLKIN2_PERIOD {10.0} CONFIG.MMCM_CLKOUT0_DIVIDE_F {8.000} CONFIG.CLKOUT1_JITTER {444.844} CONFIG.CLKOUT1_PHASE_ERROR {651.718}] [get_ips clk_wiz_0]
generate_target {instantiation_template} [get_files c:/temp/NodeEEBench/Xilinx/EEBench/EEBench.srcs/sources_1/ip/clk_wiz_0_2/clk_wiz_0.xci]
INFO: [IP_Flow 19-1686] Generating 'Instantiation Template' target for IP 'clk_wiz_0'...
update_compile_order -fileset sources_1
generate_target all [get_files  c:/temp/NodeEEBench/Xilinx/EEBench/EEBench.srcs/sources_1/ip/clk_wiz_0_2/clk_wiz_0.xci]
INFO: [IP_Flow 19-1686] Generating 'Synthesis' target for IP 'clk_wiz_0'...
INFO: [IP_Flow 19-1686] Generating 'Simulation' target for IP 'clk_wiz_0'...
INFO: [IP_Flow 19-1686] Generating 'Implementation' target for IP 'clk_wiz_0'...
INFO: [IP_Flow 19-1686] Generating 'Change Log' target for IP 'clk_wiz_0'...
catch { config_ip_cache -export [get_ips -all clk_wiz_0] }
export_ip_user_files -of_objects [get_files c:/temp/NodeEEBench/Xilinx/EEBench/EEBench.srcs/sources_1/ip/clk_wiz_0_2/clk_wiz_0.xci] -no_script -sync -force -quiet
create_ip_run [get_files -of_objects [get_fileset sources_1] c:/temp/NodeEEBench/Xilinx/EEBench/EEBench.srcs/sources_1/ip/clk_wiz_0_2/clk_wiz_0.xci]
launch_runs -jobs 7 clk_wiz_0_synth_1
[Tue Jul  7 12:36:47 2026] Launched clk_wiz_0_synth_1...
Run output will be captured here: C:/temp/NodeEEBench/Xilinx/EEBench/EEBench.runs/clk_wiz_0_synth_1/runme.log
INFO: [Vivado 12-4357] Exporting simulation files for 'clk_wiz_0'... please wait for 'clk_wiz_0_synth_1' run to finish...
wait_on_run clk_wiz_0_synth_1
[Tue Jul  7 12:36:47 2026] Waiting for clk_wiz_0_synth_1 to finish...
[Tue Jul  7 12:36:53 2026] Waiting for clk_wiz_0_synth_1 to finish...
[Tue Jul  7 12:36:58 2026] Waiting for clk_wiz_0_synth_1 to finish...
[Tue Jul  7 12:37:03 2026] Waiting for clk_wiz_0_synth_1 to finish...
[Tue Jul  7 12:37:13 2026] Waiting for clk_wiz_0_synth_1 to finish...
[Tue Jul  7 12:37:23 2026] Waiting for clk_wiz_0_synth_1 to finish...
[Tue Jul  7 12:37:33 2026] Waiting for clk_wiz_0_synth_1 to finish...

*** Running vivado
    with args -log clk_wiz_0.vds -m64 -product Vivado -mode batch -messageDb vivado.pb -notrace -source clk_wiz_0.tcl


****** Vivado v2019.1 (64-bit)
  **** SW Build 2552052 on Fri May 24 14:49:42 MDT 2019
  **** IP Build 2548770 on Fri May 24 18:01:18 MDT 2019
    ** Copyright 1986-2019 Xilinx, Inc. All Rights Reserved.

source clk_wiz_0.tcl -notrace
Command: synth_design -top clk_wiz_0 -part xc7a35tcpg236-1 -mode out_of_context
Starting synth_design
Attempting to get a license for feature 'Synthesis' and/or device 'xc7a35t'
INFO: [Common 17-349] Got license for feature 'Synthesis' and/or device 'xc7a35t'
INFO: [Device 21-403] Loading part xc7a35tcpg236-1
INFO: Launching helper process for spawning children vivado processes
INFO: Helper process launched with PID 23092 
---------------------------------------------------------------------------------
Starting RTL Elaboration : Time (s): cpu = 00:00:04 ; elapsed = 00:00:05 . Memory (MB): peak = 740.496 ; gain = 177.504
---------------------------------------------------------------------------------
INFO: [Synth 8-6157] synthesizing module 'clk_wiz_0' [c:/temp/NodeEEBench/Xilinx/EEBench/EEBench.srcs/sources_1/ip/clk_wiz_0_2/clk_wiz_0.v:70]
INFO: [Synth 8-6157] synthesizing module 'clk_wiz_0_clk_wiz' [c:/temp/NodeEEBench/Xilinx/EEBench/EEBench.srcs/sources_1/ip/clk_wiz_0_2/clk_wiz_0_clk_wiz.v:68]
INFO: [Synth 8-6157] synthesizing module 'IBUF' [C:/Xilinx/Vivado/2019.1/scripts/rt/data/unisim_comp.v:32856]
	Parameter CAPACITANCE bound to: DONT_CARE - type: string 
	Parameter IBUF_DELAY_VALUE bound to: 0 - type: string 
	Parameter IBUF_LOW_PWR bound to: TRUE - type: string 
	Parameter IFD_DELAY_VALUE bound to: AUTO - type: string 
	Parameter IOSTANDARD bound to: DEFAULT - type: string 
INFO: [Synth 8-6155] done synthesizing module 'IBUF' (1#1) [C:/Xilinx/Vivado/2019.1/scripts/rt/data/unisim_comp.v:32856]
INFO: [Synth 8-6157] synthesizing module 'MMCME2_ADV' [C:/Xilinx/Vivado/2019.1/scripts/rt/data/unisim_comp.v:39813]
	Parameter BANDWIDTH bound to: OPTIMIZED - type: string 
	Parameter CLKFBOUT_MULT_F bound to: 64.000000 - type: float 
	Parameter CLKFBOUT_PHASE bound to: 0.000000 - type: float 
	Parameter CLKFBOUT_USE_FINE_PS bound to: FALSE - type: string 
	Parameter CLKIN1_PERIOD bound to: 80.000000 - type: float 
	Parameter CLKIN2_PERIOD bound to: 0.000000 - type: float 
	Parameter CLKOUT0_DIVIDE_F bound to: 8.000000 - type: float 
	Parameter CLKOUT0_DUTY_CYCLE bound to: 0.500000 - type: float 
	Parameter CLKOUT0_PHASE bound to: 0.000000 - type: float 
	Parameter CLKOUT0_USE_FINE_PS bound to: FALSE - type: string 
	Parameter CLKOUT1_DIVIDE bound to: 1 - type: integer 
	Parameter CLKOUT1_DUTY_CYCLE bound to: 0.500000 - type: float 
	Parameter CLKOUT1_PHASE bound to: 0.000000 - type: float 
	Parameter CLKOUT1_USE_FINE_PS bound to: FALSE - type: string 
	Parameter CLKOUT2_DIVIDE bound to: 1 - type: integer 
	Parameter CLKOUT2_DUTY_CYCLE bound to: 0.500000 - type: float 
	Parameter CLKOUT2_PHASE bound to: 0.000000 - type: float 
	Parameter CLKOUT2_USE_FINE_PS bound to: FALSE - type: string 
	Parameter CLKOUT3_DIVIDE bound to: 1 - type: integer 
	Parameter CLKOUT3_DUTY_CYCLE bound to: 0.500000 - type: float 
	Parameter CLKOUT3_PHASE bound to: 0.000000 - type: float 
	Parameter CLKOUT3_USE_FINE_PS bound to: FALSE - type: string 
	Parameter CLKOUT4_CASCADE bound to: FALSE - type: string 
	Parameter CLKOUT4_DIVIDE bound to: 1 - type: integer 
	Parameter CLKOUT4_DUTY_CYCLE bound to: 0.500000 - type: float 
	Parameter CLKOUT4_PHASE bound to: 0.000000 - type: float 
	Parameter CLKOUT4_USE_FINE_PS bound to: FALSE - type: string 
	Parameter CLKOUT5_DIVIDE bound to: 1 - type: integer 
	Parameter CLKOUT5_DUTY_CYCLE bound to: 0.500000 - type: float 
	Parameter CLKOUT5_PHASE bound to: 0.000000 - type: float 
	Parameter CLKOUT5_USE_FINE_PS bound to: FALSE - type: string 
	Parameter CLKOUT6_DIVIDE bound to: 1 - type: integer 
	Parameter CLKOUT6_DUTY_CYCLE bound to: 0.500000 - type: float 
	Parameter CLKOUT6_PHASE bound to: 0.000000 - type: float 
	Parameter CLKOUT6_USE_FINE_PS bound to: FALSE - type: string 
	Parameter COMPENSATION bound to: ZHOLD - type: string 
	Parameter DIVCLK_DIVIDE bound to: 1 - type: integer 
	Parameter IS_CLKINSEL_INVERTED bound to: 1'b0 
	Parameter IS_PSEN_INVERTED bound to: 1'b0 
	Parameter IS_PSINCDEC_INVERTED bound to: 1'b0 
	Parameter IS_PWRDWN_INVERTED bound to: 1'b0 
	Parameter IS_RST_INVERTED bound to: 1'b0 
	Parameter REF_JITTER1 bound to: 0.010000 - type: float 
	Parameter REF_JITTER2 bound to: 0.010000 - type: float 
	Parameter SS_EN bound to: FALSE - type: string 
	Parameter SS_MODE bound to: CENTER_HIGH - type: string 
	Parameter SS_MOD_PERIOD bound to: 10000 - type: integer 
	Parameter STARTUP_WAIT bound to: FALSE - type: string 
INFO: [Synth 8-6155] done synthesizing module 'MMCME2_ADV' (2#1) [C:/Xilinx/Vivado/2019.1/scripts/rt/data/unisim_comp.v:39813]
INFO: [Synth 8-6157] synthesizing module 'BUFG' [C:/Xilinx/Vivado/2019.1/scripts/rt/data/unisim_comp.v:1075]
INFO: [Synth 8-6155] done synthesizing module 'BUFG' (3#1) [C:/Xilinx/Vivado/2019.1/scripts/rt/data/unisim_comp.v:1075]
INFO: [Synth 8-6155] done synthesizing module 'clk_wiz_0_clk_wiz' (4#1) [c:/temp/NodeEEBench/Xilinx/EEBench/EEBench.srcs/sources_1/ip/clk_wiz_0_2/clk_wiz_0_clk_wiz.v:68]
INFO: [Synth 8-6155] done synthesizing module 'clk_wiz_0' (5#1) [c:/temp/NodeEEBench/Xilinx/EEBench/EEBench.srcs/sources_1/ip/clk_wiz_0_2/clk_wiz_0.v:70]
---------------------------------------------------------------------------------
Finished RTL Elaboration : Time (s): cpu = 00:00:05 ; elapsed = 00:00:06 . Memory (MB): peak = 804.867 ; gain = 241.875
---------------------------------------------------------------------------------

Report Check Netlist: 
+------+------------------+-------+---------+-------+------------------+
|      |Item              |Errors |Warnings |Status |Description       |
+------+------------------+-------+---------+-------+------------------+
|1     |multi_driven_nets |      0|        0|Passed |Multi driven nets |
+------+------------------+-------+---------+-------+------------------+
---------------------------------------------------------------------------------
Start Handling Custom Attributes
---------------------------------------------------------------------------------
---------------------------------------------------------------------------------
Finished Handling Custom Attributes : Time (s): cpu = 00:00:06 ; elapsed = 00:00:07 . Memory (MB): peak = 804.867 ; gain = 241.875
---------------------------------------------------------------------------------
---------------------------------------------------------------------------------
Finished RTL Optimization Phase 1 : Time (s): cpu = 00:00:06 ; elapsed = 00:00:07 . Memory (MB): peak = 804.867 ; gain = 241.875
---------------------------------------------------------------------------------
INFO: [Netlist 29-17] Analyzing 1 Unisim elements for replacement
INFO: [Netlist 29-28] Unisim Transformation completed in 0 CPU seconds
INFO: [Project 1-570] Preparing netlist for logic optimization

Processing XDC Constraints
Initializing timing engine
Parsing XDC File [c:/temp/NodeEEBench/Xilinx/EEBench/EEBench.srcs/sources_1/ip/clk_wiz_0_2/clk_wiz_0_ooc.xdc] for cell 'inst'
Finished Parsing XDC File [c:/temp/NodeEEBench/Xilinx/EEBench/EEBench.srcs/sources_1/ip/clk_wiz_0_2/clk_wiz_0_ooc.xdc] for cell 'inst'
Parsing XDC File [c:/temp/NodeEEBench/Xilinx/EEBench/EEBench.srcs/sources_1/ip/clk_wiz_0_2/clk_wiz_0_board.xdc] for cell 'inst'
Finished Parsing XDC File [c:/temp/NodeEEBench/Xilinx/EEBench/EEBench.srcs/sources_1/ip/clk_wiz_0_2/clk_wiz_0_board.xdc] for cell 'inst'
Parsing XDC File [c:/temp/NodeEEBench/Xilinx/EEBench/EEBench.srcs/sources_1/ip/clk_wiz_0_2/clk_wiz_0.xdc] for cell 'inst'
Finished Parsing XDC File [c:/temp/NodeEEBench/Xilinx/EEBench/EEBench.srcs/sources_1/ip/clk_wiz_0_2/clk_wiz_0.xdc] for cell 'inst'
INFO: [Project 1-236] Implementation specific constraints were found while reading constraint file [c:/temp/NodeEEBench/Xilinx/EEBench/EEBench.srcs/sources_1/ip/clk_wiz_0_2/clk_wiz_0.xdc]. These constraints will be ignored for synthesis but will be used in implementation. Impacted constraints are listed in the file [.Xil/clk_wiz_0_propImpl.xdc].
Resolution: To avoid this warning, move constraints listed in [.Xil/clk_wiz_0_propImpl.xdc] to another XDC file and exclude this new file from synthesis with the used_in_synthesis property (File Properties dialog in GUI) and re-run elaboration/synthesis.
INFO: [Timing 38-2] Deriving generated clocks
Parsing XDC File [C:/temp/NodeEEBench/Xilinx/EEBench/EEBench.runs/clk_wiz_0_synth_1/dont_touch.xdc]
Finished Parsing XDC File [C:/temp/NodeEEBench/Xilinx/EEBench/EEBench.runs/clk_wiz_0_synth_1/dont_touch.xdc]
Completed Processing XDC Constraints

Netlist sorting complete. Time (s): cpu = 00:00:00 ; elapsed = 00:00:00 . Memory (MB): peak = 843.469 ; gain = 0.000
INFO: [Project 1-111] Unisim Transformation Summary:
No Unisim elements were transformed.

Constraint Validation Runtime : Time (s): cpu = 00:00:00 ; elapsed = 00:00:00.029 . Memory (MB): peak = 843.469 ; gain = 0.000
---------------------------------------------------------------------------------
Finished Constraint Validation : Time (s): cpu = 00:00:13 ; elapsed = 00:00:15 . Memory (MB): peak = 843.469 ; gain = 280.477
---------------------------------------------------------------------------------
---------------------------------------------------------------------------------
Start Loading Part and Timing Information
---------------------------------------------------------------------------------
Loading part: xc7a35tcpg236-1
---------------------------------------------------------------------------------
Finished Loading Part and Timing Information : Time (s): cpu = 00:00:13 ; elapsed = 00:00:15 . Memory (MB): peak = 843.469 ; gain = 280.477
---------------------------------------------------------------------------------
---------------------------------------------------------------------------------
Start Applying 'set_property' XDC Constraints
---------------------------------------------------------------------------------
Applied set_property DONT_TOUCH = true for inst. (constraint file  C:/temp/NodeEEBench/Xilinx/EEBench/EEBench.runs/clk_wiz_0_synth_1/dont_touch.xdc, line 9).
---------------------------------------------------------------------------------
Finished applying 'set_property' XDC Constraints : Time (s): cpu = 00:00:13 ; elapsed = 00:00:15 . Memory (MB): peak = 843.469 ; gain = 280.477
---------------------------------------------------------------------------------
---------------------------------------------------------------------------------
Finished RTL Optimization Phase 2 : Time (s): cpu = 00:00:13 ; elapsed = 00:00:16 . Memory (MB): peak = 843.469 ; gain = 280.477
---------------------------------------------------------------------------------

Report RTL Partitions: 
+-+--------------+------------+----------+
| |RTL Partition |Replication |Instances |
+-+--------------+------------+----------+
+-+--------------+------------+----------+
---------------------------------------------------------------------------------
Start RTL Component Statistics 
---------------------------------------------------------------------------------
Detailed RTL Component Info : 
---------------------------------------------------------------------------------
Finished RTL Component Statistics 
---------------------------------------------------------------------------------
---------------------------------------------------------------------------------
Start RTL Hierarchical Component Statistics 
---------------------------------------------------------------------------------
Hierarchical RTL Component report 
---------------------------------------------------------------------------------
Finished RTL Hierarchical Component Statistics
---------------------------------------------------------------------------------
---------------------------------------------------------------------------------
Start Part Resource Summary
---------------------------------------------------------------------------------
Part Resources:
DSPs: 90 (col length:60)
BRAMs: 100 (col length: RAMB18 60 RAMB36 30)
---------------------------------------------------------------------------------
Finished Part Resource Summary
---------------------------------------------------------------------------------
---------------------------------------------------------------------------------
Start Cross Boundary and Area Optimization
---------------------------------------------------------------------------------
Warning: Parallel synthesis criteria is not met 
---------------------------------------------------------------------------------
Finished Cross Boundary and Area Optimization : Time (s): cpu = 00:00:14 ; elapsed = 00:00:17 . Memory (MB): peak = 843.469 ; gain = 280.477
---------------------------------------------------------------------------------

Report RTL Partitions: 
+-+--------------+------------+----------+
| |RTL Partition |Replication |Instances |
+-+--------------+------------+----------+
+-+--------------+------------+----------+
---------------------------------------------------------------------------------
Start Applying XDC Timing Constraints
---------------------------------------------------------------------------------
---------------------------------------------------------------------------------
Finished Applying XDC Timing Constraints : Time (s): cpu = 00:00:22 ; elapsed = 00:00:26 . Memory (MB): peak = 872.543 ; gain = 309.551
---------------------------------------------------------------------------------
---------------------------------------------------------------------------------
Start Timing Optimization
---------------------------------------------------------------------------------
---------------------------------------------------------------------------------
Finished Timing Optimization : Time (s): cpu = 00:00:22 ; elapsed = 00:00:26 . Memory (MB): peak = 872.543 ; gain = 309.551
---------------------------------------------------------------------------------

Report RTL Partitions: 
+-+--------------+------------+----------+
| |RTL Partition |Replication |Instances |
+-+--------------+------------+----------+
+-+--------------+------------+----------+
---------------------------------------------------------------------------------
Start Technology Mapping
---------------------------------------------------------------------------------
---------------------------------------------------------------------------------
Finished Technology Mapping : Time (s): cpu = 00:00:22 ; elapsed = 00:00:26 . Memory (MB): peak = 882.109 ; gain = 319.117
---------------------------------------------------------------------------------

Report RTL Partitions: 
+-+--------------+------------+----------+
| |RTL Partition |Replication |Instances |
+-+--------------+------------+----------+
+-+--------------+------------+----------+
---------------------------------------------------------------------------------
Start IO Insertion
---------------------------------------------------------------------------------
---------------------------------------------------------------------------------
Start Flattening Before IO Insertion
---------------------------------------------------------------------------------
---------------------------------------------------------------------------------
Finished Flattening Before IO Insertion
---------------------------------------------------------------------------------
---------------------------------------------------------------------------------
Start Final Netlist Cleanup
---------------------------------------------------------------------------------
---------------------------------------------------------------------------------
Finished Final Netlist Cleanup
---------------------------------------------------------------------------------
---------------------------------------------------------------------------------
Finished IO Insertion : Time (s): cpu = 00:00:24 ; elapsed = 00:00:27 . Memory (MB): peak = 896.883 ; gain = 333.891
---------------------------------------------------------------------------------

Report Check Netlist: 
+------+------------------+-------+---------+-------+------------------+
|      |Item              |Errors |Warnings |Status |Description       |
+------+------------------+-------+---------+-------+------------------+
|1     |multi_driven_nets |      0|        0|Passed |Multi driven nets |
+------+------------------+-------+---------+-------+------------------+
---------------------------------------------------------------------------------
Start Renaming Generated Instances
---------------------------------------------------------------------------------
---------------------------------------------------------------------------------
Finished Renaming Generated Instances : Time (s): cpu = 00:00:24 ; elapsed = 00:00:27 . Memory (MB): peak = 896.883 ; gain = 333.891
---------------------------------------------------------------------------------

Report RTL Partitions: 
+-+--------------+------------+----------+
| |RTL Partition |Replication |Instances |
+-+--------------+------------+----------+
+-+--------------+------------+----------+
---------------------------------------------------------------------------------
Start Rebuilding User Hierarchy
---------------------------------------------------------------------------------
---------------------------------------------------------------------------------
Finished Rebuilding User Hierarchy : Time (s): cpu = 00:00:24 ; elapsed = 00:00:27 . Memory (MB): peak = 896.883 ; gain = 333.891
---------------------------------------------------------------------------------
---------------------------------------------------------------------------------
Start Renaming Generated Ports
---------------------------------------------------------------------------------
---------------------------------------------------------------------------------
Finished Renaming Generated Ports : Time (s): cpu = 00:00:24 ; elapsed = 00:00:27 . Memory (MB): peak = 896.883 ; gain = 333.891
---------------------------------------------------------------------------------
---------------------------------------------------------------------------------
Start Handling Custom Attributes
---------------------------------------------------------------------------------
---------------------------------------------------------------------------------
Finished Handling Custom Attributes : Time (s): cpu = 00:00:24 ; elapsed = 00:00:27 . Memory (MB): peak = 896.883 ; gain = 333.891
---------------------------------------------------------------------------------
---------------------------------------------------------------------------------
Start Renaming Generated Nets
---------------------------------------------------------------------------------
---------------------------------------------------------------------------------
Finished Renaming Generated Nets : Time (s): cpu = 00:00:24 ; elapsed = 00:00:27 . Memory (MB): peak = 896.883 ; gain = 333.891
---------------------------------------------------------------------------------
---------------------------------------------------------------------------------
Start Writing Synthesis Report
---------------------------------------------------------------------------------

Report BlackBoxes: 
+-+--------------+----------+
| |BlackBox name |Instances |
+-+--------------+----------+
+-+--------------+----------+

Report Cell Usage: 
+------+-----------+------+
|      |Cell       |Count |
+------+-----------+------+
|1     |BUFG       |     2|
|2     |MMCME2_ADV |     1|
|3     |IBUF       |     1|
+------+-----------+------+

Report Instance Areas: 
+------+---------+------------------+------+
|      |Instance |Module            |Cells |
+------+---------+------------------+------+
|1     |top      |                  |     4|
|2     |  inst   |clk_wiz_0_clk_wiz |     4|
+------+---------+------------------+------+
---------------------------------------------------------------------------------
Finished Writing Synthesis Report : Time (s): cpu = 00:00:24 ; elapsed = 00:00:27 . Memory (MB): peak = 896.883 ; gain = 333.891
---------------------------------------------------------------------------------
Synthesis finished with 0 errors, 0 critical warnings and 0 warnings.
Synthesis Optimization Runtime : Time (s): cpu = 00:00:16 ; elapsed = 00:00:24 . Memory (MB): peak = 896.883 ; gain = 295.289
Synthesis Optimization Complete : Time (s): cpu = 00:00:24 ; elapsed = 00:00:27 . Memory (MB): peak = 896.883 ; gain = 333.891
INFO: [Project 1-571] Translating synthesized netlist
INFO: [Netlist 29-17] Analyzing 1 Unisim elements for replacement
INFO: [Netlist 29-28] Unisim Transformation completed in 0 CPU seconds
INFO: [Project 1-570] Preparing netlist for logic optimization
INFO: [Opt 31-138] Pushed 0 inverter(s) to 0 load pin(s).
Netlist sorting complete. Time (s): cpu = 00:00:00 ; elapsed = 00:00:00 . Memory (MB): peak = 915.918 ; gain = 0.000
INFO: [Project 1-111] Unisim Transformation Summary:
No Unisim elements were transformed.

INFO: [Common 17-83] Releasing license: Synthesis
25 Infos, 0 Warnings, 0 Critical Warnings and 0 Errors encountered.
synth_design completed successfully
synth_design: Time (s): cpu = 00:00:31 ; elapsed = 00:00:36 . Memory (MB): peak = 915.918 ; gain = 593.668
Netlist sorting complete. Time (s): cpu = 00:00:00 ; elapsed = 00:00:00.001 . Memory (MB): peak = 915.918 ; gain = 0.000
WARNING: [Constraints 18-5210] No constraints selected for write.
Resolution: This message can indicate that there are no constraints for the design, or it can indicate that the used_in flags are set such that the constraints are ignored. This later case is used when running synth_design to not write synthesis constraints to the resulting checkpoint. Instead, project constraints are read when the synthesized design is opened.
INFO: [Common 17-1381] The checkpoint 'C:/temp/NodeEEBench/Xilinx/EEBench/EEBench.runs/clk_wiz_0_synth_1/clk_wiz_0.dcp' has been generated.
WARNING: [Common 17-576] 'use_project_ipc' is deprecated. This option is deprecated and no longer used.
INFO: [Coretcl 2-1648] Added synthesis output to IP cache for IP clk_wiz_0, cache-ID = 95e40b165efc4ec1
Netlist sorting complete. Time (s): cpu = 00:00:00 ; elapsed = 00:00:00 . Memory (MB): peak = 915.918 ; gain = 0.000
WARNING: [Constraints 18-5210] No constraints selected for write.
Resolution: This message can indicate that there are no constraints for the design, or it can indicate that the used_in flags are set such that the constraints are ignored. This later case is used when running synth_design to not write synthesis constraints to the resulting checkpoint. Instead, project constraints are read when the synthesized design is opened.
INFO: [Common 17-1381] The checkpoint 'C:/temp/NodeEEBench/Xilinx/EEBench/EEBench.runs/clk_wiz_0_synth_1/clk_wiz_0.dcp' has been generated.
INFO: [runtcl-4] Executing : report_utilization -file clk_wiz_0_utilization_synth.rpt -pb clk_wiz_0_utilization_synth.pb
INFO: [Common 17-206] Exiting Vivado at Tue Jul  7 12:37:34 2026...
[Tue Jul  7 12:37:38 2026] clk_wiz_0_synth_1 finished
wait_on_run: Time (s): cpu = 00:00:06 ; elapsed = 00:00:50 . Memory (MB): peak = 3811.539 ; gain = 0.000
export_simulation -of_objects [get_files c:/temp/NodeEEBench/Xilinx/EEBench/EEBench.srcs/sources_1/ip/clk_wiz_0_2/clk_wiz_0.xci] -directory C:/temp/NodeEEBench/Xilinx/EEBench/EEBench.ip_user_files/sim_scripts -ip_user_files_dir C:/temp/NodeEEBench/Xilinx/EEBench/EEBench.ip_user_files -ipstatic_source_dir C:/temp/NodeEEBench/Xilinx/EEBench/EEBench.ip_user_files/ipstatic -lib_map_path [list {modelsim=C:/temp/NodeEEBench/Xilinx/EEBench/EEBench.cache/compile_simlib/modelsim} {questa=C:/temp/NodeEEBench/Xilinx/EEBench/EEBench.cache/compile_simlib/questa} {riviera=C:/temp/NodeEEBench/Xilinx/EEBench/EEBench.cache/compile_simlib/riviera} {activehdl=C:/temp/NodeEEBench/Xilinx/EEBench/EEBench.cache/compile_simlib/activehdl}] -use_ip_compiled_libs -force -quiet
reset_run synth_1
launch_runs impl_1 -to_step write_bitstream -jobs 7
[Tue Jul  7 12:38:17 2026] Launched synth_1...
Run output will be captured here: C:/temp/NodeEEBench/Xilinx/EEBench/EEBench.runs/synth_1/runme.log
[Tue Jul  7 12:38:17 2026] Launched impl_1...
Run output will be captured here: C:/temp/NodeEEBench/Xilinx/EEBench/EEBench.runs/impl_1/runme.log
set_property PROBES.FILE {} [get_hw_devices xc7a35t_0]
set_property FULL_PROBES.FILE {} [get_hw_devices xc7a35t_0]
set_property PROGRAM.FILE {C:/temp/NodeEEBench/Xilinx/EEBench/EEBench.runs/impl_1/EEBenchCA7.bit} [get_hw_devices xc7a35t_0]
program_hw_devices [get_hw_devices xc7a35t_0]
INFO: [Labtools 27-3164] End of startup status: HIGH
refresh_hw_device [lindex [get_hw_devices xc7a35t_0] 0]
INFO: [Labtools 27-1434] Device xc7a35t (JTAG device index = 0) is programmed with a design that has no supported debug core(s) in it.
exit
INFO: [Common 17-206] Exiting Vivado at Tue Jul  7 14:36:05 2026...
