#-----------------------------------------------------------
# Vivado v2019.1 (64-bit)
# SW Build 2552052 on Fri May 24 14:49:42 MDT 2019
# IP Build 2548770 on Fri May 24 18:01:18 MDT 2019
# Start of session at: Tue Jun 23 07:34:01 2026
# Process ID: 21548
# Current directory: C:/temp/NodeEEBench/Xilinx/EEBench
# Command line: vivado.exe -gui_launcher_event rodinguilauncherevent12760 C:\temp\NodeEEBench\Xilinx\EEBench\EEBench.xpr
# Log file: C:/temp/NodeEEBench/Xilinx/EEBench/vivado.log
# Journal file: C:/temp/NodeEEBench/Xilinx/EEBench\vivado.jou
#-----------------------------------------------------------
start_gui
open_project C:/temp/NodeEEBench/Xilinx/EEBench/EEBench.xpr
Scanning sources...
Finished scanning sources
INFO: [IP_Flow 19-234] Refreshing IP repositories
INFO: [IP_Flow 19-1704] No user IP repositories specified
INFO: [IP_Flow 19-2313] Loaded Vivado IP repository 'C:/Xilinx/Vivado/2019.1/data/ip'.
open_project: Time (s): cpu = 00:00:11 ; elapsed = 00:00:06 . Memory (MB): peak = 793.762 ; gain = 98.809
update_compile_order -fileset sources_1
import_files -norecurse C:/Users/vollratj/Documents/Vorlesung/Kempten/GET2/2026_Projekt/XilinsSrc/Int_Pmod_DA2.vhd
update_compile_order -fileset sources_1
update_compile_order -fileset sources_1
reset_run synth_1
launch_runs impl_1 -to_step write_bitstream -jobs 7
[Tue Jun 23 08:24:38 2026] Launched synth_1...
Run output will be captured here: C:/temp/NodeEEBench/Xilinx/EEBench/EEBench.runs/synth_1/runme.log
[Tue Jun 23 08:24:38 2026] Launched impl_1...
Run output will be captured here: C:/temp/NodeEEBench/Xilinx/EEBench/EEBench.runs/impl_1/runme.log
