#-----------------------------------------------------------
# Vivado v2019.1 (64-bit)
# SW Build 2552052 on Fri May 24 14:49:42 MDT 2019
# IP Build 2548770 on Fri May 24 18:01:18 MDT 2019
# Start of session at: Wed Mar 25 13:56:49 2026
# Process ID: 26272
# Current directory: C:/temp/NodeEEBench/Xilinx/EEBench
# Command line: vivado.exe -gui_launcher_event rodinguilauncherevent20700 C:\temp\NodeEEBench\Xilinx\EEBench\EEBench.xpr
# Log file: C:/temp/NodeEEBench/Xilinx/EEBench/vivado.log
# Journal file: C:/temp/NodeEEBench/Xilinx/EEBench\vivado.jou
#-----------------------------------------------------------
start_gui
open_project C:/temp/NodeEEBench/Xilinx/EEBench/EEBench.xpr
Scanning sources...
Finished scanning sources
INFO: [IP_Flow 19-234] Refreshing IP repositories
INFO: [IP_Flow 19-1704] No user IP repositories specified
INFO: [IP_Flow 19-2313] Loaded Vivado IP repository 'C:/Xilinx/Vivado/2019.1/data/ip'.
open_project: Time (s): cpu = 00:00:15 ; elapsed = 00:00:07 . Memory (MB): peak = 863.012 ; gain = 96.984
update_compile_order -fileset sources_1
open_run synth_1 -name synth_1
Design is defaulting to impl run constrset: constrs_1
Design is defaulting to synth run part: xc7a35tcpg236-1
INFO: [Device 21-403] Loading part xc7a35tcpg236-1
INFO: [Project 1-454] Reading design checkpoint 'c:/temp/NodeEEBench/Xilinx/EEBench/EEBench.srcs/sources_1/ip/XADC_EE/XADC_EE.dcp' for cell 'my_adc'
INFO: [Netlist 29-17] Analyzing 458 Unisim elements for replacement
INFO: [Netlist 29-28] Unisim Transformation completed in 0 CPU seconds
INFO: [Project 1-479] Netlist was created with Vivado 2019.1
INFO: [Project 1-570] Preparing netlist for logic optimization
Parsing XDC File [c:/temp/NodeEEBench/Xilinx/EEBench/EEBench.srcs/sources_1/ip/XADC_EE/XADC_EE.xdc] for cell 'my_adc/U0'
Finished Parsing XDC File [c:/temp/NodeEEBench/Xilinx/EEBench/EEBench.srcs/sources_1/ip/XADC_EE/XADC_EE.xdc] for cell 'my_adc/U0'
Parsing XDC File [C:/temp/NodeEEBench/Xilinx/EEBench/EEBench.srcs/constrs_1/imports/V03/Basys3_Master.xdc]
Finished Parsing XDC File [C:/temp/NodeEEBench/Xilinx/EEBench/EEBench.srcs/constrs_1/imports/V03/Basys3_Master.xdc]
INFO: [Opt 31-138] Pushed 0 inverter(s) to 0 load pin(s).
Netlist sorting complete. Time (s): cpu = 00:00:00 ; elapsed = 00:00:00.001 . Memory (MB): peak = 1175.863 ; gain = 0.000
INFO: [Project 1-111] Unisim Transformation Summary:
No Unisim elements were transformed.

open_run: Time (s): cpu = 00:00:17 ; elapsed = 00:00:12 . Memory (MB): peak = 1282.629 ; gain = 371.609
exit
INFO: [Common 17-206] Exiting Vivado at Wed Mar 25 13:58:33 2026...
