#-----------------------------------------------------------
# Vivado v2019.1 (64-bit)
# SW Build 2552052 on Fri May 24 14:49:42 MDT 2019
# IP Build 2548770 on Fri May 24 18:01:18 MDT 2019
# Start of session at: Tue Jul  7 18:07:25 2026
# Process ID: 19316
# Current directory: C:/temp/NodeEEBench/Xilinx/EEBench
# Command line: vivado.exe -gui_launcher_event rodinguilauncherevent11268 C:\temp\NodeEEBench\Xilinx\EEBench\EEBench.xpr
# Log file: C:/temp/NodeEEBench/Xilinx/EEBench/vivado.log
# Journal file: C:/temp/NodeEEBench/Xilinx/EEBench\vivado.jou
#-----------------------------------------------------------
start_gui
open_project C:/temp/NodeEEBench/Xilinx/EEBench/EEBench.xpr
Scanning sources...
Finished scanning sources
INFO: [IP_Flow 19-234] Refreshing IP repositories
INFO: [IP_Flow 19-1704] No user IP repositories specified
INFO: [IP_Flow 19-2313] Loaded Vivado IP repository 'C:/Xilinx/Vivado/2019.1/data/ip'.
open_project: Time (s): cpu = 00:00:12 ; elapsed = 00:00:07 . Memory (MB): peak = 784.078 ; gain = 85.219
update_compile_order -fileset sources_1
exit
INFO: [Common 17-206] Exiting Vivado at Tue Jul  7 22:31:37 2026...
