#-----------------------------------------------------------
# Vivado v2019.1 (64-bit)
# SW Build 2552052 on Fri May 24 14:49:42 MDT 2019
# IP Build 2548770 on Fri May 24 18:01:18 MDT 2019
# Start of session at: Thu Jun 25 17:18:10 2026
# Process ID: 14860
# Current directory: C:/temp/NodeEEBench/Xilinx/EEBench
# Command line: vivado.exe -gui_launcher_event rodinguilauncherevent11392 C:\temp\NodeEEBench\Xilinx\EEBench\EEBench.xpr
# Log file: C:/temp/NodeEEBench/Xilinx/EEBench/vivado.log
# Journal file: C:/temp/NodeEEBench/Xilinx/EEBench\vivado.jou
#-----------------------------------------------------------
start_gui
open_project C:/temp/NodeEEBench/Xilinx/EEBench/EEBench.xpr
Scanning sources...
Finished scanning sources
INFO: [IP_Flow 19-234] Refreshing IP repositories
INFO: [IP_Flow 19-1704] No user IP repositories specified
INFO: [IP_Flow 19-2313] Loaded Vivado IP repository 'C:/Xilinx/Vivado/2019.1/data/ip'.
open_project: Time (s): cpu = 00:00:09 ; elapsed = 00:00:06 . Memory (MB): peak = 740.348 ; gain = 67.367
update_compile_order -fileset sources_1
reset_run synth_1
launch_runs impl_1 -to_step write_bitstream -jobs 7
[Thu Jun 25 17:43:15 2026] Launched synth_1...
Run output will be captured here: C:/temp/NodeEEBench/Xilinx/EEBench/EEBench.runs/synth_1/runme.log
[Thu Jun 25 17:43:15 2026] Launched impl_1...
Run output will be captured here: C:/temp/NodeEEBench/Xilinx/EEBench/EEBench.runs/impl_1/runme.log
open_hw
connect_hw_server
INFO: [Labtools 27-2285] Connecting to hw_server url TCP:localhost:3121
INFO: [Labtools 27-2222] Launching hw_server...
INFO: [Labtools 27-2221] Launch Output:

****** Xilinx hw_server v2019.1
  **** Build date : May 24 2019 at 15:13:31
    ** Copyright 1986-2019 Xilinx, Inc. All Rights Reserved.


open_hw_target
INFO: [Labtoolstcl 44-466] Opening hw_target localhost:3121/xilinx_tcf/Digilent/210183A4D807A
set_property PROGRAM.FILE {C:/temp/NodeEEBench/Xilinx/EEBench/EEBench.runs/impl_1/EEBench.bit} [get_hw_devices xc7a35t_0]
current_hw_device [get_hw_devices xc7a35t_0]
refresh_hw_device -update_hw_probes false [lindex [get_hw_devices xc7a35t_0] 0]
INFO: [Labtools 27-1434] Device xc7a35t (JTAG device index = 0) is programmed with a design that has no supported debug core(s) in it.
create_hw_cfgmem -hw_device [get_hw_devices xc7a35t_0] -mem_dev [lindex [get_cfgmem_parts {mx25l3233f-spi-x1_x2_x4}] 0]
set_property PROBES.FILE {} [get_hw_devices xc7a35t_0]
set_property FULL_PROBES.FILE {} [get_hw_devices xc7a35t_0]
set_property PROGRAM.FILE {C:/temp/NodeEEBench/Xilinx/EEBench/EEBench.runs/impl_1/EEBench.bin} [get_hw_devices xc7a35t_0]
program_hw_devices [get_hw_devices xc7a35t_0]
INFO: [Labtools 27-3164] End of startup status: HIGH
refresh_hw_device [lindex [get_hw_devices xc7a35t_0] 0]
INFO: [Labtools 27-1434] Device xc7a35t (JTAG device index = 0) is programmed with a design that has no supported debug core(s) in it.
reset_run synth_1
launch_runs impl_1 -to_step write_bitstream -jobs 7
[Thu Jun 25 19:02:24 2026] Launched synth_1...
Run output will be captured here: C:/temp/NodeEEBench/Xilinx/EEBench/EEBench.runs/synth_1/runme.log
[Thu Jun 25 19:02:24 2026] Launched impl_1...
Run output will be captured here: C:/temp/NodeEEBench/Xilinx/EEBench/EEBench.runs/impl_1/runme.log
reset_run synth_1
launch_runs impl_1 -to_step write_bitstream -jobs 7
[Thu Jun 25 19:04:46 2026] Launched synth_1...
Run output will be captured here: C:/temp/NodeEEBench/Xilinx/EEBench/EEBench.runs/synth_1/runme.log
[Thu Jun 25 19:04:46 2026] Launched impl_1...
Run output will be captured here: C:/temp/NodeEEBench/Xilinx/EEBench/EEBench.runs/impl_1/runme.log
reset_run impl_1 -prev_step 
launch_runs impl_1 -to_step write_bitstream -jobs 7
[Thu Jun 25 19:24:57 2026] Launched impl_1...
Run output will be captured here: C:/temp/NodeEEBench/Xilinx/EEBench/EEBench.runs/impl_1/runme.log
set_property PROBES.FILE {} [get_hw_devices xc7a35t_0]
set_property FULL_PROBES.FILE {} [get_hw_devices xc7a35t_0]
set_property PROGRAM.FILE {C:/temp/NodeEEBench/Xilinx/EEBench/EEBench.runs/impl_1/EEBench.bin} [get_hw_devices xc7a35t_0]
program_hw_devices [get_hw_devices xc7a35t_0]
INFO: [Labtools 27-3164] End of startup status: HIGH
refresh_hw_device [lindex [get_hw_devices xc7a35t_0] 0]
INFO: [Labtools 27-1434] Device xc7a35t (JTAG device index = 0) is programmed with a design that has no supported debug core(s) in it.
set_property PROBES.FILE {} [get_hw_devices xc7a35t_0]
set_property FULL_PROBES.FILE {} [get_hw_devices xc7a35t_0]
set_property PROGRAM.FILE {C:/temp/NodeEEBench/Xilinx/EEBench/EEBench.runs/impl_1/EEBench.bin} [get_hw_devices xc7a35t_0]
program_hw_devices [get_hw_devices xc7a35t_0]
INFO: [Labtools 27-3164] End of startup status: HIGH
refresh_hw_device [lindex [get_hw_devices xc7a35t_0] 0]
INFO: [Labtools 27-1434] Device xc7a35t (JTAG device index = 0) is programmed with a design that has no supported debug core(s) in it.
launch_simulation
INFO: [Vivado 12-5698] Checking validity of IPs in the design for the 'XSim' simulator...
INFO: [Vivado 12-5682] Launching behavioral simulation in 'C:/temp/NodeEEBench/Xilinx/EEBench/EEBench.sim/sim_1/behav/xsim'
INFO: [Vivado 12-4795] Using compiled simulation libraries for IPs
INFO: [SIM-utils-51] Simulation object is 'sim_1'
INFO: [USF-XSim-7] Finding pre-compiled libraries...
INFO: [USF-XSim-11] File 'C:/Xilinx/Vivado/2019.1/data/xsim/xsim.ini' copied to run dir:'C:/temp/NodeEEBench/Xilinx/EEBench/EEBench.sim/sim_1/behav/xsim'
INFO: [SIM-utils-54] Inspecting design source files for 'tb_EEBench' in fileset 'sim_1'...
INFO: [USF-XSim-97] Finding global include files...
INFO: [USF-XSim-98] Fetching design files from 'sim_1'...
INFO: [USF-XSim-2] XSim::Compile design
INFO: [USF-XSim-61] Executing 'COMPILE and ANALYZE' step in 'C:/temp/NodeEEBench/Xilinx/EEBench/EEBench.sim/sim_1/behav/xsim'
"xvhdl --incr --relax -prj tb_EEBench_vhdl.prj"
INFO: [VRFC 10-163] Analyzing VHDL file "C:/temp/NodeEEBench/Xilinx/EEBench/EEBench.srcs/sources_1/ip/XADC_EE/XADC_EE.vhd" into library xil_defaultlib
INFO: [VRFC 10-3107] analyzing entity 'XADC_EE'
INFO: [VRFC 10-163] Analyzing VHDL file "C:/temp/NodeEEBench/Xilinx/EEBench/EEBench.srcs/sources_1/imports/Basys-3_XADC_VHDL/ButtonD.vhd" into library xil_defaultlib
INFO: [VRFC 10-3107] analyzing entity 'ButtonD'
INFO: [VRFC 10-163] Analyzing VHDL file "C:/temp/NodeEEBench/Xilinx/EEBench/EEBench.srcs/sources_1/imports/Sine_V00/CLK_DIV.vhd" into library xil_defaultlib
INFO: [VRFC 10-3107] analyzing entity 'CLK_DIV'
INFO: [VRFC 10-163] Analyzing VHDL file "C:/temp/NodeEEBench/Xilinx/EEBench/EEBench.srcs/sources_1/imports/Basys-3_XADC_VHDL/EEBench.vhd" into library xil_defaultlib
INFO: [VRFC 10-3107] analyzing entity 'EEBench'
INFO: [VRFC 10-163] Analyzing VHDL file "C:/temp/NodeEEBench/Xilinx/EEBench/EEBench.srcs/sources_1/imports/XilinsSrc/Int_Pmod_DA2.vhd" into library xil_defaultlib
INFO: [VRFC 10-3107] analyzing entity 'Int_Pmod_DA2'
INFO: [VRFC 10-163] Analyzing VHDL file "C:/temp/NodeEEBench/Xilinx/EEBench/EEBench.srcs/sources_1/new/One_port_ram.vhd" into library xil_defaultlib
INFO: [VRFC 10-3107] analyzing entity 'One_port_ram'
INFO: [VRFC 10-163] Analyzing VHDL file "C:/temp/NodeEEBench/Xilinx/EEBench/EEBench.srcs/sources_1/imports/Basys-3_XADC_VHDL/SevenSegDH.vhd" into library xil_defaultlib
INFO: [VRFC 10-3107] analyzing entity 'SevenSegDH'
INFO: [VRFC 10-163] Analyzing VHDL file "C:/temp/NodeEEBench/Xilinx/EEBench/EEBench.srcs/sources_1/imports/Basys-3_XADC_VHDL/debouncer.vhd" into library xil_defaultlib
INFO: [VRFC 10-3107] analyzing entity 'debouncer'
INFO: [VRFC 10-163] Analyzing VHDL file "C:/temp/NodeEEBench/Xilinx/EEBench/EEBench.srcs/sources_1/imports/SS2026EI/i2c_master.vhd" into library xil_defaultlib
INFO: [VRFC 10-3107] analyzing entity 'i2c_master'
WARNING: [VRFC 10-471] case choice must be a locally static expression [C:/temp/NodeEEBench/Xilinx/EEBench/EEBench.srcs/sources_1/imports/SS2026EI/i2c_master.vhd:86]
WARNING: [VRFC 10-471] case choice must be a locally static expression [C:/temp/NodeEEBench/Xilinx/EEBench/EEBench.srcs/sources_1/imports/SS2026EI/i2c_master.vhd:89]
WARNING: [VRFC 10-471] case choice must be a locally static expression [C:/temp/NodeEEBench/Xilinx/EEBench/EEBench.srcs/sources_1/imports/SS2026EI/i2c_master.vhd:92]
INFO: [VRFC 10-163] Analyzing VHDL file "C:/temp/NodeEEBench/Xilinx/EEBench/EEBench.srcs/sources_1/imports/UART/mod_m_counter.vhd" into library xil_defaultlib
INFO: [VRFC 10-3107] analyzing entity 'mod_m_counter'
INFO: [VRFC 10-163] Analyzing VHDL file "C:/temp/NodeEEBench/Xilinx/EEBench/EEBench.srcs/sources_1/imports/Sine_V02/mul_com.vhd" into library xil_defaultlib
INFO: [VRFC 10-3107] analyzing entity 'mul_com'
INFO: [VRFC 10-163] Analyzing VHDL file "C:/temp/NodeEEBench/Xilinx/EEBench/EEBench.srcs/sources_1/imports/Sine_V02/phi_export.vhd" into library xil_defaultlib
INFO: [VRFC 10-3107] analyzing entity 'phi_export'
INFO: [VRFC 10-163] Analyzing VHDL file "C:/temp/NodeEEBench/Xilinx/EEBench/EEBench.srcs/sources_1/imports/DT/Sine_Gen/Sine_Gen.srcs/sources_1/imports/Sine_V00/pipe_mul.vhd" into library xil_defaultlib
INFO: [VRFC 10-3107] analyzing entity 'pipe_mul'
INFO: [VRFC 10-163] Analyzing VHDL file "C:/temp/NodeEEBench/Xilinx/EEBench/EEBench.srcs/sources_1/imports/SS2026EI/pmod_adc_ad7991.vhd" into library xil_defaultlib
INFO: [VRFC 10-3107] analyzing entity 'pmod_adc_ad7991'
ERROR: [VRFC 10-3354] formal port 'ack_error' of mode buffer cannot be associated with actual port 'i2c_ack_err' of mode out [C:/temp/NodeEEBench/Xilinx/EEBench/EEBench.srcs/sources_1/imports/SS2026EI/pmod_adc_ad7991.vhd:90]
ERROR: [VRFC 10-3782] unit 'behavior' ignored due to previous errors [C:/temp/NodeEEBench/Xilinx/EEBench/EEBench.srcs/sources_1/imports/SS2026EI/pmod_adc_ad7991.vhd:42]
INFO: [VRFC 10-3070] VHDL file 'C:/temp/NodeEEBench/Xilinx/EEBench/EEBench.srcs/sources_1/imports/SS2026EI/pmod_adc_ad7991.vhd' ignored due to errors
INFO: [USF-XSim-69] 'compile' step finished in '2' seconds
INFO: [USF-XSim-99] Step results log file:'C:/temp/NodeEEBench/Xilinx/EEBench/EEBench.sim/sim_1/behav/xsim/xvhdl.log'
ERROR: [USF-XSim-62] 'compile' step failed with error(s). Please check the Tcl console output or 'C:/temp/NodeEEBench/Xilinx/EEBench/EEBench.sim/sim_1/behav/xsim/xvhdl.log' file for more information.
ERROR: [Vivado 12-4473] Detected error while running simulation. Please correct the issue and retry this operation.
ERROR: [Common 17-39] 'launch_simulation' failed due to earlier errors.
launch_simulation
INFO: [Vivado 12-5698] Checking validity of IPs in the design for the 'XSim' simulator...
INFO: [Vivado 12-5682] Launching behavioral simulation in 'C:/temp/NodeEEBench/Xilinx/EEBench/EEBench.sim/sim_1/behav/xsim'
INFO: [Vivado 12-4795] Using compiled simulation libraries for IPs
INFO: [SIM-utils-51] Simulation object is 'sim_1'
INFO: [USF-XSim-7] Finding pre-compiled libraries...
INFO: [USF-XSim-11] File 'C:/Xilinx/Vivado/2019.1/data/xsim/xsim.ini' copied to run dir:'C:/temp/NodeEEBench/Xilinx/EEBench/EEBench.sim/sim_1/behav/xsim'
INFO: [SIM-utils-54] Inspecting design source files for 'tb_EEBench' in fileset 'sim_1'...
INFO: [USF-XSim-97] Finding global include files...
INFO: [USF-XSim-98] Fetching design files from 'sim_1'...
INFO: [USF-XSim-2] XSim::Compile design
INFO: [USF-XSim-61] Executing 'COMPILE and ANALYZE' step in 'C:/temp/NodeEEBench/Xilinx/EEBench/EEBench.sim/sim_1/behav/xsim'
"xvhdl --incr --relax -prj tb_EEBench_vhdl.prj"
INFO: [VRFC 10-163] Analyzing VHDL file "C:/temp/NodeEEBench/Xilinx/EEBench/EEBench.srcs/sources_1/ip/XADC_EE/XADC_EE.vhd" into library xil_defaultlib
INFO: [VRFC 10-3107] analyzing entity 'XADC_EE'
INFO: [VRFC 10-163] Analyzing VHDL file "C:/temp/NodeEEBench/Xilinx/EEBench/EEBench.srcs/sources_1/imports/Basys-3_XADC_VHDL/ButtonD.vhd" into library xil_defaultlib
INFO: [VRFC 10-3107] analyzing entity 'ButtonD'
INFO: [VRFC 10-163] Analyzing VHDL file "C:/temp/NodeEEBench/Xilinx/EEBench/EEBench.srcs/sources_1/imports/Sine_V00/CLK_DIV.vhd" into library xil_defaultlib
INFO: [VRFC 10-3107] analyzing entity 'CLK_DIV'
INFO: [VRFC 10-163] Analyzing VHDL file "C:/temp/NodeEEBench/Xilinx/EEBench/EEBench.srcs/sources_1/imports/Basys-3_XADC_VHDL/EEBench.vhd" into library xil_defaultlib
INFO: [VRFC 10-3107] analyzing entity 'EEBench'
ERROR: [VRFC 10-3354] formal port 'i2c_ack_err' of mode buffer cannot be associated with actual port 'led' of mode out [C:/temp/NodeEEBench/Xilinx/EEBench/EEBench.srcs/sources_1/imports/Basys-3_XADC_VHDL/EEBench.vhd:657]
ERROR: [VRFC 10-3782] unit 'behavioral' ignored due to previous errors [C:/temp/NodeEEBench/Xilinx/EEBench/EEBench.srcs/sources_1/imports/Basys-3_XADC_VHDL/EEBench.vhd:47]
INFO: [VRFC 10-3070] VHDL file 'C:/temp/NodeEEBench/Xilinx/EEBench/EEBench.srcs/sources_1/imports/Basys-3_XADC_VHDL/EEBench.vhd' ignored due to errors
INFO: [USF-XSim-69] 'compile' step finished in '1' seconds
INFO: [USF-XSim-99] Step results log file:'C:/temp/NodeEEBench/Xilinx/EEBench/EEBench.sim/sim_1/behav/xsim/xvhdl.log'
ERROR: [USF-XSim-62] 'compile' step failed with error(s). Please check the Tcl console output or 'C:/temp/NodeEEBench/Xilinx/EEBench/EEBench.sim/sim_1/behav/xsim/xvhdl.log' file for more information.
ERROR: [Vivado 12-4473] Detected error while running simulation. Please correct the issue and retry this operation.
ERROR: [Common 17-39] 'launch_simulation' failed due to earlier errors.
launch_simulation
INFO: [Vivado 12-5698] Checking validity of IPs in the design for the 'XSim' simulator...
INFO: [Vivado 12-5682] Launching behavioral simulation in 'C:/temp/NodeEEBench/Xilinx/EEBench/EEBench.sim/sim_1/behav/xsim'
INFO: [Vivado 12-4795] Using compiled simulation libraries for IPs
INFO: [SIM-utils-51] Simulation object is 'sim_1'
INFO: [USF-XSim-7] Finding pre-compiled libraries...
INFO: [USF-XSim-11] File 'C:/Xilinx/Vivado/2019.1/data/xsim/xsim.ini' copied to run dir:'C:/temp/NodeEEBench/Xilinx/EEBench/EEBench.sim/sim_1/behav/xsim'
INFO: [SIM-utils-54] Inspecting design source files for 'tb_EEBench' in fileset 'sim_1'...
INFO: [USF-XSim-97] Finding global include files...
INFO: [USF-XSim-98] Fetching design files from 'sim_1'...
INFO: [USF-XSim-2] XSim::Compile design
INFO: [USF-XSim-61] Executing 'COMPILE and ANALYZE' step in 'C:/temp/NodeEEBench/Xilinx/EEBench/EEBench.sim/sim_1/behav/xsim'
"xvhdl --incr --relax -prj tb_EEBench_vhdl.prj"
INFO: [VRFC 10-163] Analyzing VHDL file "C:/temp/NodeEEBench/Xilinx/EEBench/EEBench.srcs/sources_1/ip/XADC_EE/XADC_EE.vhd" into library xil_defaultlib
INFO: [VRFC 10-3107] analyzing entity 'XADC_EE'
INFO: [VRFC 10-163] Analyzing VHDL file "C:/temp/NodeEEBench/Xilinx/EEBench/EEBench.srcs/sources_1/imports/Basys-3_XADC_VHDL/ButtonD.vhd" into library xil_defaultlib
INFO: [VRFC 10-3107] analyzing entity 'ButtonD'
INFO: [VRFC 10-163] Analyzing VHDL file "C:/temp/NodeEEBench/Xilinx/EEBench/EEBench.srcs/sources_1/imports/Sine_V00/CLK_DIV.vhd" into library xil_defaultlib
INFO: [VRFC 10-3107] analyzing entity 'CLK_DIV'
INFO: [VRFC 10-163] Analyzing VHDL file "C:/temp/NodeEEBench/Xilinx/EEBench/EEBench.srcs/sources_1/imports/Basys-3_XADC_VHDL/EEBench.vhd" into library xil_defaultlib
INFO: [VRFC 10-3107] analyzing entity 'EEBench'
INFO: [VRFC 10-163] Analyzing VHDL file "C:/temp/NodeEEBench/Xilinx/EEBench/EEBench.srcs/sources_1/imports/XilinsSrc/Int_Pmod_DA2.vhd" into library xil_defaultlib
INFO: [VRFC 10-3107] analyzing entity 'Int_Pmod_DA2'
INFO: [VRFC 10-163] Analyzing VHDL file "C:/temp/NodeEEBench/Xilinx/EEBench/EEBench.srcs/sources_1/new/One_port_ram.vhd" into library xil_defaultlib
INFO: [VRFC 10-3107] analyzing entity 'One_port_ram'
INFO: [VRFC 10-163] Analyzing VHDL file "C:/temp/NodeEEBench/Xilinx/EEBench/EEBench.srcs/sources_1/imports/Basys-3_XADC_VHDL/SevenSegDH.vhd" into library xil_defaultlib
INFO: [VRFC 10-3107] analyzing entity 'SevenSegDH'
INFO: [VRFC 10-163] Analyzing VHDL file "C:/temp/NodeEEBench/Xilinx/EEBench/EEBench.srcs/sources_1/imports/Basys-3_XADC_VHDL/debouncer.vhd" into library xil_defaultlib
INFO: [VRFC 10-3107] analyzing entity 'debouncer'
INFO: [VRFC 10-163] Analyzing VHDL file "C:/temp/NodeEEBench/Xilinx/EEBench/EEBench.srcs/sources_1/imports/SS2026EI/i2c_master.vhd" into library xil_defaultlib
INFO: [VRFC 10-3107] analyzing entity 'i2c_master'
WARNING: [VRFC 10-471] case choice must be a locally static expression [C:/temp/NodeEEBench/Xilinx/EEBench/EEBench.srcs/sources_1/imports/SS2026EI/i2c_master.vhd:87]
WARNING: [VRFC 10-471] case choice must be a locally static expression [C:/temp/NodeEEBench/Xilinx/EEBench/EEBench.srcs/sources_1/imports/SS2026EI/i2c_master.vhd:90]
WARNING: [VRFC 10-471] case choice must be a locally static expression [C:/temp/NodeEEBench/Xilinx/EEBench/EEBench.srcs/sources_1/imports/SS2026EI/i2c_master.vhd:93]
INFO: [VRFC 10-163] Analyzing VHDL file "C:/temp/NodeEEBench/Xilinx/EEBench/EEBench.srcs/sources_1/imports/UART/mod_m_counter.vhd" into library xil_defaultlib
INFO: [VRFC 10-3107] analyzing entity 'mod_m_counter'
INFO: [VRFC 10-163] Analyzing VHDL file "C:/temp/NodeEEBench/Xilinx/EEBench/EEBench.srcs/sources_1/imports/Sine_V02/mul_com.vhd" into library xil_defaultlib
INFO: [VRFC 10-3107] analyzing entity 'mul_com'
INFO: [VRFC 10-163] Analyzing VHDL file "C:/temp/NodeEEBench/Xilinx/EEBench/EEBench.srcs/sources_1/imports/Sine_V02/phi_export.vhd" into library xil_defaultlib
INFO: [VRFC 10-3107] analyzing entity 'phi_export'
INFO: [VRFC 10-163] Analyzing VHDL file "C:/temp/NodeEEBench/Xilinx/EEBench/EEBench.srcs/sources_1/imports/DT/Sine_Gen/Sine_Gen.srcs/sources_1/imports/Sine_V00/pipe_mul.vhd" into library xil_defaultlib
INFO: [VRFC 10-3107] analyzing entity 'pipe_mul'
INFO: [VRFC 10-163] Analyzing VHDL file "C:/temp/NodeEEBench/Xilinx/EEBench/EEBench.srcs/sources_1/imports/SS2026EI/pmod_adc_ad7991.vhd" into library xil_defaultlib
INFO: [VRFC 10-3107] analyzing entity 'pmod_adc_ad7991'
ERROR: [VRFC 10-3354] formal port 'ack_error' of mode buffer cannot be associated with actual port 'i2c_ack_err' of mode out [C:/temp/NodeEEBench/Xilinx/EEBench/EEBench.srcs/sources_1/imports/SS2026EI/pmod_adc_ad7991.vhd:90]
ERROR: [VRFC 10-3782] unit 'behavior' ignored due to previous errors [C:/temp/NodeEEBench/Xilinx/EEBench/EEBench.srcs/sources_1/imports/SS2026EI/pmod_adc_ad7991.vhd:42]
INFO: [VRFC 10-3070] VHDL file 'C:/temp/NodeEEBench/Xilinx/EEBench/EEBench.srcs/sources_1/imports/SS2026EI/pmod_adc_ad7991.vhd' ignored due to errors
INFO: [USF-XSim-69] 'compile' step finished in '1' seconds
INFO: [USF-XSim-99] Step results log file:'C:/temp/NodeEEBench/Xilinx/EEBench/EEBench.sim/sim_1/behav/xsim/xvhdl.log'
ERROR: [USF-XSim-62] 'compile' step failed with error(s). Please check the Tcl console output or 'C:/temp/NodeEEBench/Xilinx/EEBench/EEBench.sim/sim_1/behav/xsim/xvhdl.log' file for more information.
ERROR: [Vivado 12-4473] Detected error while running simulation. Please correct the issue and retry this operation.
ERROR: [Common 17-39] 'launch_simulation' failed due to earlier errors.
reset_run synth_1
launch_runs impl_1 -to_step write_bitstream -jobs 7
[Thu Jun 25 19:45:52 2026] Launched synth_1...
Run output will be captured here: C:/temp/NodeEEBench/Xilinx/EEBench/EEBench.runs/synth_1/runme.log
[Thu Jun 25 19:45:52 2026] Launched impl_1...
Run output will be captured here: C:/temp/NodeEEBench/Xilinx/EEBench/EEBench.runs/impl_1/runme.log
ERROR: [Labtoolstcl 44-513] HW Target shutdown. Closing target: localhost:3121/xilinx_tcf/Digilent/210183A4D807A
launch_simulation
INFO: [Vivado 12-5698] Checking validity of IPs in the design for the 'XSim' simulator...
INFO: [Vivado 12-5682] Launching behavioral simulation in 'C:/temp/NodeEEBench/Xilinx/EEBench/EEBench.sim/sim_1/behav/xsim'
INFO: [Vivado 12-4795] Using compiled simulation libraries for IPs
INFO: [SIM-utils-51] Simulation object is 'sim_1'
INFO: [USF-XSim-7] Finding pre-compiled libraries...
INFO: [USF-XSim-11] File 'C:/Xilinx/Vivado/2019.1/data/xsim/xsim.ini' copied to run dir:'C:/temp/NodeEEBench/Xilinx/EEBench/EEBench.sim/sim_1/behav/xsim'
INFO: [SIM-utils-54] Inspecting design source files for 'tb_EEBench' in fileset 'sim_1'...
INFO: [USF-XSim-97] Finding global include files...
INFO: [USF-XSim-98] Fetching design files from 'sim_1'...
INFO: [USF-XSim-2] XSim::Compile design
INFO: [USF-XSim-61] Executing 'COMPILE and ANALYZE' step in 'C:/temp/NodeEEBench/Xilinx/EEBench/EEBench.sim/sim_1/behav/xsim'
"xvhdl --incr --relax -prj tb_EEBench_vhdl.prj"
INFO: [VRFC 10-163] Analyzing VHDL file "C:/temp/NodeEEBench/Xilinx/EEBench/EEBench.srcs/sources_1/ip/XADC_EE/XADC_EE.vhd" into library xil_defaultlib
INFO: [VRFC 10-3107] analyzing entity 'XADC_EE'
INFO: [VRFC 10-163] Analyzing VHDL file "C:/temp/NodeEEBench/Xilinx/EEBench/EEBench.srcs/sources_1/imports/Basys-3_XADC_VHDL/ButtonD.vhd" into library xil_defaultlib
INFO: [VRFC 10-3107] analyzing entity 'ButtonD'
INFO: [VRFC 10-163] Analyzing VHDL file "C:/temp/NodeEEBench/Xilinx/EEBench/EEBench.srcs/sources_1/imports/Sine_V00/CLK_DIV.vhd" into library xil_defaultlib
INFO: [VRFC 10-3107] analyzing entity 'CLK_DIV'
INFO: [VRFC 10-163] Analyzing VHDL file "C:/temp/NodeEEBench/Xilinx/EEBench/EEBench.srcs/sources_1/imports/Basys-3_XADC_VHDL/EEBench.vhd" into library xil_defaultlib
INFO: [VRFC 10-3107] analyzing entity 'EEBench'
INFO: [VRFC 10-163] Analyzing VHDL file "C:/temp/NodeEEBench/Xilinx/EEBench/EEBench.srcs/sources_1/imports/XilinsSrc/Int_Pmod_DA2.vhd" into library xil_defaultlib
INFO: [VRFC 10-3107] analyzing entity 'Int_Pmod_DA2'
INFO: [VRFC 10-163] Analyzing VHDL file "C:/temp/NodeEEBench/Xilinx/EEBench/EEBench.srcs/sources_1/new/One_port_ram.vhd" into library xil_defaultlib
INFO: [VRFC 10-3107] analyzing entity 'One_port_ram'
INFO: [VRFC 10-163] Analyzing VHDL file "C:/temp/NodeEEBench/Xilinx/EEBench/EEBench.srcs/sources_1/imports/Basys-3_XADC_VHDL/SevenSegDH.vhd" into library xil_defaultlib
INFO: [VRFC 10-3107] analyzing entity 'SevenSegDH'
INFO: [VRFC 10-163] Analyzing VHDL file "C:/temp/NodeEEBench/Xilinx/EEBench/EEBench.srcs/sources_1/imports/Basys-3_XADC_VHDL/debouncer.vhd" into library xil_defaultlib
INFO: [VRFC 10-3107] analyzing entity 'debouncer'
INFO: [VRFC 10-163] Analyzing VHDL file "C:/temp/NodeEEBench/Xilinx/EEBench/EEBench.srcs/sources_1/imports/SS2026EI/i2c_master.vhd" into library xil_defaultlib
INFO: [VRFC 10-3107] analyzing entity 'i2c_master'
WARNING: [VRFC 10-471] case choice must be a locally static expression [C:/temp/NodeEEBench/Xilinx/EEBench/EEBench.srcs/sources_1/imports/SS2026EI/i2c_master.vhd:87]
WARNING: [VRFC 10-471] case choice must be a locally static expression [C:/temp/NodeEEBench/Xilinx/EEBench/EEBench.srcs/sources_1/imports/SS2026EI/i2c_master.vhd:90]
WARNING: [VRFC 10-471] case choice must be a locally static expression [C:/temp/NodeEEBench/Xilinx/EEBench/EEBench.srcs/sources_1/imports/SS2026EI/i2c_master.vhd:93]
INFO: [VRFC 10-163] Analyzing VHDL file "C:/temp/NodeEEBench/Xilinx/EEBench/EEBench.srcs/sources_1/imports/UART/mod_m_counter.vhd" into library xil_defaultlib
INFO: [VRFC 10-3107] analyzing entity 'mod_m_counter'
INFO: [VRFC 10-163] Analyzing VHDL file "C:/temp/NodeEEBench/Xilinx/EEBench/EEBench.srcs/sources_1/imports/Sine_V02/mul_com.vhd" into library xil_defaultlib
INFO: [VRFC 10-3107] analyzing entity 'mul_com'
INFO: [VRFC 10-163] Analyzing VHDL file "C:/temp/NodeEEBench/Xilinx/EEBench/EEBench.srcs/sources_1/imports/Sine_V02/phi_export.vhd" into library xil_defaultlib
INFO: [VRFC 10-3107] analyzing entity 'phi_export'
INFO: [VRFC 10-163] Analyzing VHDL file "C:/temp/NodeEEBench/Xilinx/EEBench/EEBench.srcs/sources_1/imports/DT/Sine_Gen/Sine_Gen.srcs/sources_1/imports/Sine_V00/pipe_mul.vhd" into library xil_defaultlib
INFO: [VRFC 10-3107] analyzing entity 'pipe_mul'
INFO: [VRFC 10-163] Analyzing VHDL file "C:/temp/NodeEEBench/Xilinx/EEBench/EEBench.srcs/sources_1/imports/SS2026EI/pmod_adc_ad7991.vhd" into library xil_defaultlib
INFO: [VRFC 10-3107] analyzing entity 'pmod_adc_ad7991'
ERROR: [VRFC 10-3354] formal port 'ack_error' of mode buffer cannot be associated with actual port 'i2c_ack_err' of mode out [C:/temp/NodeEEBench/Xilinx/EEBench/EEBench.srcs/sources_1/imports/SS2026EI/pmod_adc_ad7991.vhd:90]
ERROR: [VRFC 10-3782] unit 'behavior' ignored due to previous errors [C:/temp/NodeEEBench/Xilinx/EEBench/EEBench.srcs/sources_1/imports/SS2026EI/pmod_adc_ad7991.vhd:42]
INFO: [VRFC 10-3070] VHDL file 'C:/temp/NodeEEBench/Xilinx/EEBench/EEBench.srcs/sources_1/imports/SS2026EI/pmod_adc_ad7991.vhd' ignored due to errors
INFO: [USF-XSim-69] 'compile' step finished in '1' seconds
INFO: [USF-XSim-99] Step results log file:'C:/temp/NodeEEBench/Xilinx/EEBench/EEBench.sim/sim_1/behav/xsim/xvhdl.log'
ERROR: [USF-XSim-62] 'compile' step failed with error(s). Please check the Tcl console output or 'C:/temp/NodeEEBench/Xilinx/EEBench/EEBench.sim/sim_1/behav/xsim/xvhdl.log' file for more information.
ERROR: [Vivado 12-4473] Detected error while running simulation. Please correct the issue and retry this operation.
ERROR: [Common 17-39] 'launch_simulation' failed due to earlier errors.
launch_simulation
INFO: [Vivado 12-5698] Checking validity of IPs in the design for the 'XSim' simulator...
INFO: [Vivado 12-5682] Launching behavioral simulation in 'C:/temp/NodeEEBench/Xilinx/EEBench/EEBench.sim/sim_1/behav/xsim'
INFO: [Vivado 12-4795] Using compiled simulation libraries for IPs
INFO: [SIM-utils-51] Simulation object is 'sim_1'
INFO: [USF-XSim-7] Finding pre-compiled libraries...
INFO: [USF-XSim-11] File 'C:/Xilinx/Vivado/2019.1/data/xsim/xsim.ini' copied to run dir:'C:/temp/NodeEEBench/Xilinx/EEBench/EEBench.sim/sim_1/behav/xsim'
INFO: [SIM-utils-54] Inspecting design source files for 'tb_EEBench' in fileset 'sim_1'...
INFO: [USF-XSim-97] Finding global include files...
INFO: [USF-XSim-98] Fetching design files from 'sim_1'...
INFO: [USF-XSim-2] XSim::Compile design
INFO: [USF-XSim-61] Executing 'COMPILE and ANALYZE' step in 'C:/temp/NodeEEBench/Xilinx/EEBench/EEBench.sim/sim_1/behav/xsim'
"xvhdl --incr --relax -prj tb_EEBench_vhdl.prj"
INFO: [VRFC 10-163] Analyzing VHDL file "C:/temp/NodeEEBench/Xilinx/EEBench/EEBench.srcs/sources_1/ip/XADC_EE/XADC_EE.vhd" into library xil_defaultlib
INFO: [VRFC 10-3107] analyzing entity 'XADC_EE'
INFO: [VRFC 10-163] Analyzing VHDL file "C:/temp/NodeEEBench/Xilinx/EEBench/EEBench.srcs/sources_1/imports/Basys-3_XADC_VHDL/ButtonD.vhd" into library xil_defaultlib
INFO: [VRFC 10-3107] analyzing entity 'ButtonD'
INFO: [VRFC 10-163] Analyzing VHDL file "C:/temp/NodeEEBench/Xilinx/EEBench/EEBench.srcs/sources_1/imports/Sine_V00/CLK_DIV.vhd" into library xil_defaultlib
INFO: [VRFC 10-3107] analyzing entity 'CLK_DIV'
INFO: [VRFC 10-163] Analyzing VHDL file "C:/temp/NodeEEBench/Xilinx/EEBench/EEBench.srcs/sources_1/imports/Basys-3_XADC_VHDL/EEBench.vhd" into library xil_defaultlib
INFO: [VRFC 10-3107] analyzing entity 'EEBench'
INFO: [VRFC 10-163] Analyzing VHDL file "C:/temp/NodeEEBench/Xilinx/EEBench/EEBench.srcs/sources_1/imports/XilinsSrc/Int_Pmod_DA2.vhd" into library xil_defaultlib
INFO: [VRFC 10-3107] analyzing entity 'Int_Pmod_DA2'
INFO: [VRFC 10-163] Analyzing VHDL file "C:/temp/NodeEEBench/Xilinx/EEBench/EEBench.srcs/sources_1/new/One_port_ram.vhd" into library xil_defaultlib
INFO: [VRFC 10-3107] analyzing entity 'One_port_ram'
INFO: [VRFC 10-163] Analyzing VHDL file "C:/temp/NodeEEBench/Xilinx/EEBench/EEBench.srcs/sources_1/imports/Basys-3_XADC_VHDL/SevenSegDH.vhd" into library xil_defaultlib
INFO: [VRFC 10-3107] analyzing entity 'SevenSegDH'
INFO: [VRFC 10-163] Analyzing VHDL file "C:/temp/NodeEEBench/Xilinx/EEBench/EEBench.srcs/sources_1/imports/Basys-3_XADC_VHDL/debouncer.vhd" into library xil_defaultlib
INFO: [VRFC 10-3107] analyzing entity 'debouncer'
INFO: [VRFC 10-163] Analyzing VHDL file "C:/temp/NodeEEBench/Xilinx/EEBench/EEBench.srcs/sources_1/imports/SS2026EI/i2c_master.vhd" into library xil_defaultlib
INFO: [VRFC 10-3107] analyzing entity 'i2c_master'
WARNING: [VRFC 10-471] case choice must be a locally static expression [C:/temp/NodeEEBench/Xilinx/EEBench/EEBench.srcs/sources_1/imports/SS2026EI/i2c_master.vhd:87]
WARNING: [VRFC 10-471] case choice must be a locally static expression [C:/temp/NodeEEBench/Xilinx/EEBench/EEBench.srcs/sources_1/imports/SS2026EI/i2c_master.vhd:90]
WARNING: [VRFC 10-471] case choice must be a locally static expression [C:/temp/NodeEEBench/Xilinx/EEBench/EEBench.srcs/sources_1/imports/SS2026EI/i2c_master.vhd:93]
INFO: [VRFC 10-163] Analyzing VHDL file "C:/temp/NodeEEBench/Xilinx/EEBench/EEBench.srcs/sources_1/imports/UART/mod_m_counter.vhd" into library xil_defaultlib
INFO: [VRFC 10-3107] analyzing entity 'mod_m_counter'
INFO: [VRFC 10-163] Analyzing VHDL file "C:/temp/NodeEEBench/Xilinx/EEBench/EEBench.srcs/sources_1/imports/Sine_V02/mul_com.vhd" into library xil_defaultlib
INFO: [VRFC 10-3107] analyzing entity 'mul_com'
INFO: [VRFC 10-163] Analyzing VHDL file "C:/temp/NodeEEBench/Xilinx/EEBench/EEBench.srcs/sources_1/imports/Sine_V02/phi_export.vhd" into library xil_defaultlib
INFO: [VRFC 10-3107] analyzing entity 'phi_export'
INFO: [VRFC 10-163] Analyzing VHDL file "C:/temp/NodeEEBench/Xilinx/EEBench/EEBench.srcs/sources_1/imports/DT/Sine_Gen/Sine_Gen.srcs/sources_1/imports/Sine_V00/pipe_mul.vhd" into library xil_defaultlib
INFO: [VRFC 10-3107] analyzing entity 'pipe_mul'
INFO: [VRFC 10-163] Analyzing VHDL file "C:/temp/NodeEEBench/Xilinx/EEBench/EEBench.srcs/sources_1/imports/SS2026EI/pmod_adc_ad7991.vhd" into library xil_defaultlib
INFO: [VRFC 10-3107] analyzing entity 'pmod_adc_ad7991'
ERROR: [VRFC 10-3354] formal port 'ack_error' of mode buffer cannot be associated with actual port 'i2c_ack_err' of mode out [C:/temp/NodeEEBench/Xilinx/EEBench/EEBench.srcs/sources_1/imports/SS2026EI/pmod_adc_ad7991.vhd:90]
ERROR: [VRFC 10-3782] unit 'behavior' ignored due to previous errors [C:/temp/NodeEEBench/Xilinx/EEBench/EEBench.srcs/sources_1/imports/SS2026EI/pmod_adc_ad7991.vhd:42]
INFO: [VRFC 10-3070] VHDL file 'C:/temp/NodeEEBench/Xilinx/EEBench/EEBench.srcs/sources_1/imports/SS2026EI/pmod_adc_ad7991.vhd' ignored due to errors
INFO: [USF-XSim-69] 'compile' step finished in '1' seconds
INFO: [USF-XSim-99] Step results log file:'C:/temp/NodeEEBench/Xilinx/EEBench/EEBench.sim/sim_1/behav/xsim/xvhdl.log'
ERROR: [USF-XSim-62] 'compile' step failed with error(s). Please check the Tcl console output or 'C:/temp/NodeEEBench/Xilinx/EEBench/EEBench.sim/sim_1/behav/xsim/xvhdl.log' file for more information.
ERROR: [Vivado 12-4473] Detected error while running simulation. Please correct the issue and retry this operation.
ERROR: [Common 17-39] 'launch_simulation' failed due to earlier errors.
launch_simulation
INFO: [Vivado 12-5698] Checking validity of IPs in the design for the 'XSim' simulator...
INFO: [Vivado 12-5682] Launching behavioral simulation in 'C:/temp/NodeEEBench/Xilinx/EEBench/EEBench.sim/sim_1/behav/xsim'
INFO: [Vivado 12-4795] Using compiled simulation libraries for IPs
INFO: [SIM-utils-51] Simulation object is 'sim_1'
INFO: [USF-XSim-7] Finding pre-compiled libraries...
INFO: [USF-XSim-11] File 'C:/Xilinx/Vivado/2019.1/data/xsim/xsim.ini' copied to run dir:'C:/temp/NodeEEBench/Xilinx/EEBench/EEBench.sim/sim_1/behav/xsim'
INFO: [SIM-utils-54] Inspecting design source files for 'tb_EEBench' in fileset 'sim_1'...
INFO: [USF-XSim-97] Finding global include files...
INFO: [USF-XSim-98] Fetching design files from 'sim_1'...
INFO: [USF-XSim-2] XSim::Compile design
INFO: [USF-XSim-61] Executing 'COMPILE and ANALYZE' step in 'C:/temp/NodeEEBench/Xilinx/EEBench/EEBench.sim/sim_1/behav/xsim'
"xvhdl --incr --relax -prj tb_EEBench_vhdl.prj"
INFO: [VRFC 10-163] Analyzing VHDL file "C:/temp/NodeEEBench/Xilinx/EEBench/EEBench.srcs/sources_1/ip/XADC_EE/XADC_EE.vhd" into library xil_defaultlib
INFO: [VRFC 10-3107] analyzing entity 'XADC_EE'
INFO: [VRFC 10-163] Analyzing VHDL file "C:/temp/NodeEEBench/Xilinx/EEBench/EEBench.srcs/sources_1/imports/Basys-3_XADC_VHDL/ButtonD.vhd" into library xil_defaultlib
INFO: [VRFC 10-3107] analyzing entity 'ButtonD'
INFO: [VRFC 10-163] Analyzing VHDL file "C:/temp/NodeEEBench/Xilinx/EEBench/EEBench.srcs/sources_1/imports/Sine_V00/CLK_DIV.vhd" into library xil_defaultlib
INFO: [VRFC 10-3107] analyzing entity 'CLK_DIV'
INFO: [VRFC 10-163] Analyzing VHDL file "C:/temp/NodeEEBench/Xilinx/EEBench/EEBench.srcs/sources_1/imports/Basys-3_XADC_VHDL/EEBench.vhd" into library xil_defaultlib
INFO: [VRFC 10-3107] analyzing entity 'EEBench'
INFO: [VRFC 10-163] Analyzing VHDL file "C:/temp/NodeEEBench/Xilinx/EEBench/EEBench.srcs/sources_1/imports/XilinsSrc/Int_Pmod_DA2.vhd" into library xil_defaultlib
INFO: [VRFC 10-3107] analyzing entity 'Int_Pmod_DA2'
INFO: [VRFC 10-163] Analyzing VHDL file "C:/temp/NodeEEBench/Xilinx/EEBench/EEBench.srcs/sources_1/new/One_port_ram.vhd" into library xil_defaultlib
INFO: [VRFC 10-3107] analyzing entity 'One_port_ram'
INFO: [VRFC 10-163] Analyzing VHDL file "C:/temp/NodeEEBench/Xilinx/EEBench/EEBench.srcs/sources_1/imports/Basys-3_XADC_VHDL/SevenSegDH.vhd" into library xil_defaultlib
INFO: [VRFC 10-3107] analyzing entity 'SevenSegDH'
INFO: [VRFC 10-163] Analyzing VHDL file "C:/temp/NodeEEBench/Xilinx/EEBench/EEBench.srcs/sources_1/imports/Basys-3_XADC_VHDL/debouncer.vhd" into library xil_defaultlib
INFO: [VRFC 10-3107] analyzing entity 'debouncer'
INFO: [VRFC 10-163] Analyzing VHDL file "C:/temp/NodeEEBench/Xilinx/EEBench/EEBench.srcs/sources_1/imports/SS2026EI/i2c_master.vhd" into library xil_defaultlib
INFO: [VRFC 10-3107] analyzing entity 'i2c_master'
WARNING: [VRFC 10-471] case choice must be a locally static expression [C:/temp/NodeEEBench/Xilinx/EEBench/EEBench.srcs/sources_1/imports/SS2026EI/i2c_master.vhd:87]
WARNING: [VRFC 10-471] case choice must be a locally static expression [C:/temp/NodeEEBench/Xilinx/EEBench/EEBench.srcs/sources_1/imports/SS2026EI/i2c_master.vhd:90]
WARNING: [VRFC 10-471] case choice must be a locally static expression [C:/temp/NodeEEBench/Xilinx/EEBench/EEBench.srcs/sources_1/imports/SS2026EI/i2c_master.vhd:93]
INFO: [VRFC 10-163] Analyzing VHDL file "C:/temp/NodeEEBench/Xilinx/EEBench/EEBench.srcs/sources_1/imports/UART/mod_m_counter.vhd" into library xil_defaultlib
INFO: [VRFC 10-3107] analyzing entity 'mod_m_counter'
INFO: [VRFC 10-163] Analyzing VHDL file "C:/temp/NodeEEBench/Xilinx/EEBench/EEBench.srcs/sources_1/imports/Sine_V02/mul_com.vhd" into library xil_defaultlib
INFO: [VRFC 10-3107] analyzing entity 'mul_com'
INFO: [VRFC 10-163] Analyzing VHDL file "C:/temp/NodeEEBench/Xilinx/EEBench/EEBench.srcs/sources_1/imports/Sine_V02/phi_export.vhd" into library xil_defaultlib
INFO: [VRFC 10-3107] analyzing entity 'phi_export'
INFO: [VRFC 10-163] Analyzing VHDL file "C:/temp/NodeEEBench/Xilinx/EEBench/EEBench.srcs/sources_1/imports/DT/Sine_Gen/Sine_Gen.srcs/sources_1/imports/Sine_V00/pipe_mul.vhd" into library xil_defaultlib
INFO: [VRFC 10-3107] analyzing entity 'pipe_mul'
INFO: [VRFC 10-163] Analyzing VHDL file "C:/temp/NodeEEBench/Xilinx/EEBench/EEBench.srcs/sources_1/imports/SS2026EI/pmod_adc_ad7991.vhd" into library xil_defaultlib
INFO: [VRFC 10-3107] analyzing entity 'pmod_adc_ad7991'
INFO: [VRFC 10-163] Analyzing VHDL file "C:/temp/NodeEEBench/Xilinx/EEBench/EEBench.srcs/sources_1/imports/Sine_V02/sineX.vhd" into library xil_defaultlib
INFO: [VRFC 10-3107] analyzing entity 'sineX'
INFO: [VRFC 10-163] Analyzing VHDL file "C:/temp/NodeEEBench/Xilinx/EEBench/EEBench.srcs/sim_1/imports/Sine_V00/txt_util.vhd" into library xil_defaultlib
INFO: [VRFC 10-163] Analyzing VHDL file "C:/temp/NodeEEBench/Xilinx/EEBench/EEBench.srcs/sources_1/imports/DT/Tricount/Tricount.srcs/sources_1/imports/Tricount/tri_counter.vhd" into library xil_defaultlib
INFO: [VRFC 10-3107] analyzing entity 'tri_counter'
INFO: [VRFC 10-163] Analyzing VHDL file "C:/temp/NodeEEBench/Xilinx/EEBench/EEBench.srcs/sources_1/imports/UART/uart_mem.vhd" into library xil_defaultlib
INFO: [VRFC 10-3107] analyzing entity 'uart_mem'
INFO: [VRFC 10-163] Analyzing VHDL file "C:/temp/NodeEEBench/Xilinx/EEBench/EEBench.srcs/sources_1/imports/UART/uart_rx.vhd" into library xil_defaultlib
INFO: [VRFC 10-3107] analyzing entity 'uart_rx'
INFO: [VRFC 10-163] Analyzing VHDL file "C:/temp/NodeEEBench/Xilinx/EEBench/EEBench.srcs/sources_1/imports/UART/uart_tx.vhd" into library xil_defaultlib
INFO: [VRFC 10-3107] analyzing entity 'uart_tx'
INFO: [VRFC 10-163] Analyzing VHDL file "C:/temp/NodeEEBench/Xilinx/EEBench/EEBench.srcs/sim_1/new/tb_EEBench.vhd" into library xil_defaultlib
INFO: [VRFC 10-3107] analyzing entity 'tb_EEBench'
INFO: [USF-XSim-69] 'compile' step finished in '1' seconds
INFO: [USF-XSim-3] XSim::Elaborate design
INFO: [USF-XSim-61] Executing 'ELABORATE' step in 'C:/temp/NodeEEBench/Xilinx/EEBench/EEBench.sim/sim_1/behav/xsim'
"xelab -wto 9f8b9f7a936d4439b2b9fafd7a1e63dd --incr --debug typical --relax --mt 2 -L xil_defaultlib -L secureip -L xpm --snapshot tb_EEBench_behav xil_defaultlib.tb_EEBench -log elaborate.log"
Vivado Simulator 2019.1
Copyright 1986-1999, 2001-2019 Xilinx, Inc. All Rights Reserved.
Running: C:/Xilinx/Vivado/2019.1/bin/unwrapped/win64.o/xelab.exe -wto 9f8b9f7a936d4439b2b9fafd7a1e63dd --incr --debug typical --relax --mt 2 -L xil_defaultlib -L secureip -L xpm --snapshot tb_EEBench_behav xil_defaultlib.tb_EEBench -log elaborate.log 
Using 2 slave threads.
Starting static elaboration
ERROR: [VRFC 10-3354] formal port 'ja' of mode inout cannot be associated with actual port 'ja' of mode out [C:/temp/NodeEEBench/Xilinx/EEBench/EEBench.srcs/sim_1/new/tb_EEBench.vhd:53]
ERROR: [VRFC 10-3354] formal port 'jc' of mode inout cannot be associated with actual port 'jc' of mode out [C:/temp/NodeEEBench/Xilinx/EEBench/EEBench.srcs/sim_1/new/tb_EEBench.vhd:55]
ERROR: [XSIM 43-3321] Static elaboration of top level VHDL design unit tb_eebench in library work failed.
INFO: [USF-XSim-69] 'elaborate' step finished in '2' seconds
INFO: [USF-XSim-99] Step results log file:'C:/temp/NodeEEBench/Xilinx/EEBench/EEBench.sim/sim_1/behav/xsim/elaborate.log'
ERROR: [USF-XSim-62] 'elaborate' step failed with error(s). Please check the Tcl console output or 'C:/temp/NodeEEBench/Xilinx/EEBench/EEBench.sim/sim_1/behav/xsim/elaborate.log' file for more information.
ERROR: [Vivado 12-4473] Detected error while running simulation. Please correct the issue and retry this operation.
ERROR: [Common 17-39] 'launch_simulation' failed due to earlier errors.
launch_simulation
INFO: [Vivado 12-5698] Checking validity of IPs in the design for the 'XSim' simulator...
INFO: [Vivado 12-5682] Launching behavioral simulation in 'C:/temp/NodeEEBench/Xilinx/EEBench/EEBench.sim/sim_1/behav/xsim'
INFO: [Vivado 12-4795] Using compiled simulation libraries for IPs
INFO: [SIM-utils-51] Simulation object is 'sim_1'
INFO: [USF-XSim-7] Finding pre-compiled libraries...
INFO: [USF-XSim-11] File 'C:/Xilinx/Vivado/2019.1/data/xsim/xsim.ini' copied to run dir:'C:/temp/NodeEEBench/Xilinx/EEBench/EEBench.sim/sim_1/behav/xsim'
INFO: [SIM-utils-54] Inspecting design source files for 'tb_EEBench' in fileset 'sim_1'...
INFO: [USF-XSim-97] Finding global include files...
INFO: [USF-XSim-98] Fetching design files from 'sim_1'...
INFO: [USF-XSim-2] XSim::Compile design
INFO: [USF-XSim-61] Executing 'COMPILE and ANALYZE' step in 'C:/temp/NodeEEBench/Xilinx/EEBench/EEBench.sim/sim_1/behav/xsim'
"xvhdl --incr --relax -prj tb_EEBench_vhdl.prj"
INFO: [VRFC 10-163] Analyzing VHDL file "C:/temp/NodeEEBench/Xilinx/EEBench/EEBench.srcs/sim_1/new/tb_EEBench.vhd" into library xil_defaultlib
INFO: [VRFC 10-3107] analyzing entity 'tb_EEBench'
INFO: [USF-XSim-69] 'compile' step finished in '1' seconds
INFO: [USF-XSim-3] XSim::Elaborate design
INFO: [USF-XSim-61] Executing 'ELABORATE' step in 'C:/temp/NodeEEBench/Xilinx/EEBench/EEBench.sim/sim_1/behav/xsim'
"xelab -wto 9f8b9f7a936d4439b2b9fafd7a1e63dd --incr --debug typical --relax --mt 2 -L xil_defaultlib -L secureip -L xpm --snapshot tb_EEBench_behav xil_defaultlib.tb_EEBench -log elaborate.log"
Vivado Simulator 2019.1
Copyright 1986-1999, 2001-2019 Xilinx, Inc. All Rights Reserved.
Running: C:/Xilinx/Vivado/2019.1/bin/unwrapped/win64.o/xelab.exe -wto 9f8b9f7a936d4439b2b9fafd7a1e63dd --incr --debug typical --relax --mt 2 -L xil_defaultlib -L secureip -L xpm --snapshot tb_EEBench_behav xil_defaultlib.tb_EEBench -log elaborate.log 
Using 2 slave threads.
Starting static elaboration
Completed static elaboration
Starting simulation data flow analysis
Completed simulation data flow analysis
Time Resolution for simulation is 1ps
Compiling package std.standard
Compiling package std.textio
Compiling package ieee.std_logic_1164
Compiling package ieee.numeric_std
Compiling package xil_defaultlib.txt_util
Compiling package ieee.std_logic_arith
Compiling package ieee.std_logic_unsigned
Compiling package ieee.math_real
Compiling package unisim.vcomponents
Compiling package ieee.std_logic_signed
Compiling package ieee.vital_timing
Compiling package ieee.vital_primitives
Compiling package unisim.vpkg
Compiling architecture behavioral of entity xil_defaultlib.One_port_ram [one_port_ram_default]
Compiling architecture behavioral of entity xil_defaultlib.One_port_ram [\One_port_ram(addr_width=12)\]
Compiling architecture behavioral of entity xil_defaultlib.SevenSegDH [sevensegdh_default]
Compiling architecture behavioral of entity xil_defaultlib.debouncer [debouncer_default]
Compiling architecture behavioral of entity xil_defaultlib.ButtonD [buttond_default]
Compiling architecture xadc_v of entity unisim.XADC [\XADC(init_41="0010000110101111"...]
Compiling architecture xilinx of entity xil_defaultlib.XADC_EE [xadc_ee_default]
Compiling architecture logic of entity xil_defaultlib.i2c_master [\i2c_master(input_clk=100000000,...]
Compiling architecture behavior of entity xil_defaultlib.pmod_adc_ad7991 [pmod_adc_ad7991_default]
Compiling architecture arch of entity xil_defaultlib.mod_m_counter [\mod_m_counter(n=10,m=27)\]
Compiling architecture arch of entity xil_defaultlib.uart_rx [uart_rx_default]
Compiling architecture arch of entity xil_defaultlib.uart_tx [uart_tx_default]
Compiling architecture arch of entity xil_defaultlib.uart_mem [uart_mem_default]
Compiling architecture behavioral of entity xil_defaultlib.Int_Pmod_DA2 [int_pmod_da2_default]
Compiling architecture logic of entity xil_defaultlib.i2c_master [\i2c_master(input_clk=100000000)...]
Compiling architecture arch of entity xil_defaultlib.tri_counter [tri_counter_default]
Compiling architecture behavioral of entity xil_defaultlib.phi_export [phi_export_default]
Compiling architecture behavioral of entity xil_defaultlib.pipe_mul [pipe_mul_default]
Compiling architecture behavioral of entity xil_defaultlib.mul_com [mul_com_default]
Compiling architecture behavioral of entity xil_defaultlib.sineX [sinex_default]
Compiling architecture behavioral of entity xil_defaultlib.CLK_DIV [clk_div_default]
Compiling architecture behavioral of entity xil_defaultlib.EEBench [eebench_default]
Compiling architecture behavioral of entity xil_defaultlib.tb_eebench
Built simulation snapshot tb_EEBench_behav

****** Webtalk v2019.1 (64-bit)
  **** SW Build 2552052 on Fri May 24 14:49:42 MDT 2019
  **** IP Build 2548770 on Fri May 24 18:01:18 MDT 2019
    ** Copyright 1986-2019 Xilinx, Inc. All Rights Reserved.

source C:/temp/NodeEEBench/Xilinx/EEBench/EEBench.sim/sim_1/behav/xsim/xsim.dir/tb_EEBench_behav/webtalk/xsim_webtalk.tcl -notrace
INFO: [Common 17-206] Exiting Webtalk at Thu Jun 25 21:11:47 2026...
run_program: Time (s): cpu = 00:00:01 ; elapsed = 00:00:06 . Memory (MB): peak = 2085.484 ; gain = 0.000
INFO: [USF-XSim-69] 'elaborate' step finished in '6' seconds
INFO: [USF-XSim-4] XSim::Simulate design
INFO: [USF-XSim-61] Executing 'SIMULATE' step in 'C:/temp/NodeEEBench/Xilinx/EEBench/EEBench.sim/sim_1/behav/xsim'
INFO: [USF-XSim-98] *** Running xsim
   with args "tb_EEBench_behav -key {Behavioral:sim_1:Functional:tb_EEBench} -tclbatch {tb_EEBench.tcl} -log {simulate.log}"
INFO: [USF-XSim-8] Loading simulator feature
Vivado Simulator 2019.1
Time resolution is 1 ps
source tb_EEBench.tcl
# set curr_wave [current_wave_config]
# if { [string length $curr_wave] == 0 } {
#   if { [llength [get_objects]] > 0} {
#     add_wave /
#     set_property needs_save false [current_wave_config]
#   } else {
#      send_msg_id Add_Wave-1 WARNING "No top level signals found. Simulator will start without a wave window. If you want to open a wave window go to 'File->New Waveform Configuration' or type 'create_wave_config' in the TCL console."
#   }
# }
# run 1000ns
Warning: *** Warning: The analog data file for XADC was not found. Use the SIM_MONITOR_FILE generic to specify the input analog data file name or use default name: design.txt. 
Time: 0 ps  Iteration: 0  Process: /tb_EEBench/my_dut/my_adc/U0/READFILE_P  File: /wrk/2019.1/continuous/2019_05_24_2552052/data/vhdl/src/unisims/primitive/XADC.vhd
INFO: [USF-XSim-96] XSim completed. Design snapshot 'tb_EEBench_behav' loaded.
INFO: [USF-XSim-97] XSim simulation ran for 1000ns
launch_simulation: Time (s): cpu = 00:00:05 ; elapsed = 00:00:11 . Memory (MB): peak = 2118.734 ; gain = 33.250
restart
INFO: [Simtcl 6-17] Simulation restarted
run 10 us
Warning: *** Warning: The analog data file for XADC was not found. Use the SIM_MONITOR_FILE generic to specify the input analog data file name or use default name: design.txt. 
Time: 0 ps  Iteration: 0  Process: /tb_EEBench/my_dut/my_adc/U0/READFILE_P  File: /wrk/2019.1/continuous/2019_05_24_2552052/data/vhdl/src/unisims/primitive/XADC.vhd
run 10 us
restart
INFO: [Simtcl 6-17] Simulation restarted
run 10 us
Warning: *** Warning: The analog data file for XADC was not found. Use the SIM_MONITOR_FILE generic to specify the input analog data file name or use default name: design.txt. 
Time: 0 ps  Iteration: 0  Process: /tb_EEBench/my_dut/my_adc/U0/READFILE_P  File: /wrk/2019.1/continuous/2019_05_24_2552052/data/vhdl/src/unisims/primitive/XADC.vhd
restart
INFO: [Simtcl 6-17] Simulation restarted
run 100 us
Warning: *** Warning: The analog data file for XADC was not found. Use the SIM_MONITOR_FILE generic to specify the input analog data file name or use default name: design.txt. 
Time: 0 ps  Iteration: 0  Process: /tb_EEBench/my_dut/my_adc/U0/READFILE_P  File: /wrk/2019.1/continuous/2019_05_24_2552052/data/vhdl/src/unisims/primitive/XADC.vhd
run 10 us
run 10000 us
run: Time (s): cpu = 00:00:03 ; elapsed = 00:00:33 . Memory (MB): peak = 2213.695 ; gain = 0.000
restart
INFO: [Simtcl 6-17] Simulation restarted
run 1200 us
Warning: *** Warning: The analog data file for XADC was not found. Use the SIM_MONITOR_FILE generic to specify the input analog data file name or use default name: design.txt. 
Time: 0 ps  Iteration: 0  Process: /tb_EEBench/my_dut/my_adc/U0/READFILE_P  File: /wrk/2019.1/continuous/2019_05_24_2552052/data/vhdl/src/unisims/primitive/XADC.vhd
run: Time (s): cpu = 00:00:02 ; elapsed = 00:00:07 . Memory (MB): peak = 2213.695 ; gain = 0.000
close_sim
INFO: [Simtcl 6-16] Simulation closed
launch_simulation
INFO: [Vivado 12-5698] Checking validity of IPs in the design for the 'XSim' simulator...
INFO: [Vivado 12-5682] Launching behavioral simulation in 'C:/temp/NodeEEBench/Xilinx/EEBench/EEBench.sim/sim_1/behav/xsim'
INFO: [Vivado 12-4795] Using compiled simulation libraries for IPs
INFO: [SIM-utils-51] Simulation object is 'sim_1'
INFO: [USF-XSim-7] Finding pre-compiled libraries...
INFO: [USF-XSim-11] File 'C:/Xilinx/Vivado/2019.1/data/xsim/xsim.ini' copied to run dir:'C:/temp/NodeEEBench/Xilinx/EEBench/EEBench.sim/sim_1/behav/xsim'
INFO: [SIM-utils-54] Inspecting design source files for 'tb_EEBench' in fileset 'sim_1'...
INFO: [USF-XSim-97] Finding global include files...
INFO: [USF-XSim-98] Fetching design files from 'sim_1'...
INFO: [USF-XSim-2] XSim::Compile design
INFO: [USF-XSim-61] Executing 'COMPILE and ANALYZE' step in 'C:/temp/NodeEEBench/Xilinx/EEBench/EEBench.sim/sim_1/behav/xsim'
"xvhdl --incr --relax -prj tb_EEBench_vhdl.prj"
INFO: [VRFC 10-163] Analyzing VHDL file "C:/temp/NodeEEBench/Xilinx/EEBench/EEBench.srcs/sources_1/imports/Basys-3_XADC_VHDL/EEBench.vhd" into library xil_defaultlib
INFO: [VRFC 10-3107] analyzing entity 'EEBench'
INFO: [USF-XSim-69] 'compile' step finished in '1' seconds
INFO: [USF-XSim-3] XSim::Elaborate design
INFO: [USF-XSim-61] Executing 'ELABORATE' step in 'C:/temp/NodeEEBench/Xilinx/EEBench/EEBench.sim/sim_1/behav/xsim'
"xelab -wto 9f8b9f7a936d4439b2b9fafd7a1e63dd --incr --debug typical --relax --mt 2 -L xil_defaultlib -L secureip -L xpm --snapshot tb_EEBench_behav xil_defaultlib.tb_EEBench -log elaborate.log"
Vivado Simulator 2019.1
Copyright 1986-1999, 2001-2019 Xilinx, Inc. All Rights Reserved.
Running: C:/Xilinx/Vivado/2019.1/bin/unwrapped/win64.o/xelab.exe -wto 9f8b9f7a936d4439b2b9fafd7a1e63dd --incr --debug typical --relax --mt 2 -L xil_defaultlib -L secureip -L xpm --snapshot tb_EEBench_behav xil_defaultlib.tb_EEBench -log elaborate.log 
Using 2 slave threads.
Starting static elaboration
Completed static elaboration
Starting simulation data flow analysis
Completed simulation data flow analysis
Time Resolution for simulation is 1ps
Compiling package std.standard
Compiling package std.textio
Compiling package ieee.std_logic_1164
Compiling package ieee.numeric_std
Compiling package xil_defaultlib.txt_util
Compiling package ieee.std_logic_arith
Compiling package ieee.std_logic_unsigned
Compiling package ieee.math_real
Compiling package unisim.vcomponents
Compiling package ieee.std_logic_signed
Compiling package ieee.vital_timing
Compiling package ieee.vital_primitives
Compiling package unisim.vpkg
Compiling architecture behavioral of entity xil_defaultlib.One_port_ram [one_port_ram_default]
Compiling architecture behavioral of entity xil_defaultlib.One_port_ram [\One_port_ram(addr_width=12)\]
Compiling architecture behavioral of entity xil_defaultlib.SevenSegDH [sevensegdh_default]
Compiling architecture behavioral of entity xil_defaultlib.debouncer [debouncer_default]
Compiling architecture behavioral of entity xil_defaultlib.ButtonD [buttond_default]
Compiling architecture xadc_v of entity unisim.XADC [\XADC(init_41="0010000110101111"...]
Compiling architecture xilinx of entity xil_defaultlib.XADC_EE [xadc_ee_default]
Compiling architecture logic of entity xil_defaultlib.i2c_master [\i2c_master(input_clk=100000000,...]
Compiling architecture behavior of entity xil_defaultlib.pmod_adc_ad7991 [pmod_adc_ad7991_default]
Compiling architecture arch of entity xil_defaultlib.mod_m_counter [\mod_m_counter(n=10,m=27)\]
Compiling architecture arch of entity xil_defaultlib.uart_rx [uart_rx_default]
Compiling architecture arch of entity xil_defaultlib.uart_tx [uart_tx_default]
Compiling architecture arch of entity xil_defaultlib.uart_mem [uart_mem_default]
Compiling architecture behavioral of entity xil_defaultlib.Int_Pmod_DA2 [int_pmod_da2_default]
Compiling architecture logic of entity xil_defaultlib.i2c_master [\i2c_master(input_clk=100000000)...]
Compiling architecture arch of entity xil_defaultlib.tri_counter [tri_counter_default]
Compiling architecture behavioral of entity xil_defaultlib.phi_export [phi_export_default]
Compiling architecture behavioral of entity xil_defaultlib.pipe_mul [pipe_mul_default]
Compiling architecture behavioral of entity xil_defaultlib.mul_com [mul_com_default]
Compiling architecture behavioral of entity xil_defaultlib.sineX [sinex_default]
Compiling architecture behavioral of entity xil_defaultlib.CLK_DIV [clk_div_default]
Compiling architecture behavioral of entity xil_defaultlib.EEBench [eebench_default]
Compiling architecture behavioral of entity xil_defaultlib.tb_eebench
Built simulation snapshot tb_EEBench_behav
INFO: [USF-XSim-69] 'elaborate' step finished in '3' seconds
INFO: [USF-XSim-4] XSim::Simulate design
INFO: [USF-XSim-61] Executing 'SIMULATE' step in 'C:/temp/NodeEEBench/Xilinx/EEBench/EEBench.sim/sim_1/behav/xsim'
INFO: [USF-XSim-98] *** Running xsim
   with args "tb_EEBench_behav -key {Behavioral:sim_1:Functional:tb_EEBench} -tclbatch {tb_EEBench.tcl} -log {simulate.log}"
INFO: [USF-XSim-8] Loading simulator feature
Vivado Simulator 2019.1
Time resolution is 1 ps
source tb_EEBench.tcl
# set curr_wave [current_wave_config]
# if { [string length $curr_wave] == 0 } {
#   if { [llength [get_objects]] > 0} {
#     add_wave /
#     set_property needs_save false [current_wave_config]
#   } else {
#      send_msg_id Add_Wave-1 WARNING "No top level signals found. Simulator will start without a wave window. If you want to open a wave window go to 'File->New Waveform Configuration' or type 'create_wave_config' in the TCL console."
#   }
# }
# run 1000ns
Warning: *** Warning: The analog data file for XADC was not found. Use the SIM_MONITOR_FILE generic to specify the input analog data file name or use default name: design.txt. 
Time: 0 ps  Iteration: 0  Process: /tb_EEBench/my_dut/my_adc/U0/READFILE_P  File: /wrk/2019.1/continuous/2019_05_24_2552052/data/vhdl/src/unisims/primitive/XADC.vhd
INFO: [USF-XSim-96] XSim completed. Design snapshot 'tb_EEBench_behav' loaded.
INFO: [USF-XSim-97] XSim simulation ran for 1000ns
launch_simulation: Time (s): cpu = 00:00:02 ; elapsed = 00:00:07 . Memory (MB): peak = 2213.695 ; gain = 0.000
run 1200 us
run: Time (s): cpu = 00:00:01 ; elapsed = 00:00:07 . Memory (MB): peak = 2213.695 ; gain = 0.000
restart
INFO: [Simtcl 6-17] Simulation restarted
run 1200 us
Warning: *** Warning: The analog data file for XADC was not found. Use the SIM_MONITOR_FILE generic to specify the input analog data file name or use default name: design.txt. 
Time: 0 ps  Iteration: 0  Process: /tb_EEBench/my_dut/my_adc/U0/READFILE_P  File: /wrk/2019.1/continuous/2019_05_24_2552052/data/vhdl/src/unisims/primitive/XADC.vhd
run: Time (s): cpu = 00:00:01 ; elapsed = 00:00:07 . Memory (MB): peak = 2213.695 ; gain = 0.000
close_sim
INFO: [Simtcl 6-16] Simulation closed
launch_simulation
INFO: [Vivado 12-5698] Checking validity of IPs in the design for the 'XSim' simulator...
INFO: [Vivado 12-5682] Launching behavioral simulation in 'C:/temp/NodeEEBench/Xilinx/EEBench/EEBench.sim/sim_1/behav/xsim'
INFO: [Vivado 12-4795] Using compiled simulation libraries for IPs
INFO: [SIM-utils-51] Simulation object is 'sim_1'
INFO: [USF-XSim-7] Finding pre-compiled libraries...
INFO: [USF-XSim-11] File 'C:/Xilinx/Vivado/2019.1/data/xsim/xsim.ini' copied to run dir:'C:/temp/NodeEEBench/Xilinx/EEBench/EEBench.sim/sim_1/behav/xsim'
INFO: [SIM-utils-54] Inspecting design source files for 'tb_EEBench' in fileset 'sim_1'...
INFO: [USF-XSim-97] Finding global include files...
INFO: [USF-XSim-98] Fetching design files from 'sim_1'...
INFO: [USF-XSim-2] XSim::Compile design
INFO: [USF-XSim-61] Executing 'COMPILE and ANALYZE' step in 'C:/temp/NodeEEBench/Xilinx/EEBench/EEBench.sim/sim_1/behav/xsim'
"xvhdl --incr --relax -prj tb_EEBench_vhdl.prj"
INFO: [VRFC 10-163] Analyzing VHDL file "C:/temp/NodeEEBench/Xilinx/EEBench/EEBench.srcs/sources_1/imports/Basys-3_XADC_VHDL/EEBench.vhd" into library xil_defaultlib
INFO: [VRFC 10-3107] analyzing entity 'EEBench'
INFO: [VRFC 10-163] Analyzing VHDL file "C:/temp/NodeEEBench/Xilinx/EEBench/EEBench.srcs/sources_1/imports/SS2026EI/i2c_master.vhd" into library xil_defaultlib
INFO: [VRFC 10-3107] analyzing entity 'i2c_master'
WARNING: [VRFC 10-471] case choice must be a locally static expression [C:/temp/NodeEEBench/Xilinx/EEBench/EEBench.srcs/sources_1/imports/SS2026EI/i2c_master.vhd:87]
WARNING: [VRFC 10-471] case choice must be a locally static expression [C:/temp/NodeEEBench/Xilinx/EEBench/EEBench.srcs/sources_1/imports/SS2026EI/i2c_master.vhd:90]
WARNING: [VRFC 10-471] case choice must be a locally static expression [C:/temp/NodeEEBench/Xilinx/EEBench/EEBench.srcs/sources_1/imports/SS2026EI/i2c_master.vhd:93]
INFO: [USF-XSim-69] 'compile' step finished in '1' seconds
INFO: [USF-XSim-3] XSim::Elaborate design
INFO: [USF-XSim-61] Executing 'ELABORATE' step in 'C:/temp/NodeEEBench/Xilinx/EEBench/EEBench.sim/sim_1/behav/xsim'
"xelab -wto 9f8b9f7a936d4439b2b9fafd7a1e63dd --incr --debug typical --relax --mt 2 -L xil_defaultlib -L secureip -L xpm --snapshot tb_EEBench_behav xil_defaultlib.tb_EEBench -log elaborate.log"
Vivado Simulator 2019.1
Copyright 1986-1999, 2001-2019 Xilinx, Inc. All Rights Reserved.
Running: C:/Xilinx/Vivado/2019.1/bin/unwrapped/win64.o/xelab.exe -wto 9f8b9f7a936d4439b2b9fafd7a1e63dd --incr --debug typical --relax --mt 2 -L xil_defaultlib -L secureip -L xpm --snapshot tb_EEBench_behav xil_defaultlib.tb_EEBench -log elaborate.log 
Using 2 slave threads.
Starting static elaboration
Completed static elaboration
Starting simulation data flow analysis
Completed simulation data flow analysis
Time Resolution for simulation is 1ps
Compiling package std.standard
Compiling package std.textio
Compiling package ieee.std_logic_1164
Compiling package ieee.numeric_std
Compiling package xil_defaultlib.txt_util
Compiling package ieee.std_logic_arith
Compiling package ieee.std_logic_unsigned
Compiling package ieee.math_real
Compiling package unisim.vcomponents
Compiling package ieee.std_logic_signed
Compiling package ieee.vital_timing
Compiling package ieee.vital_primitives
Compiling package unisim.vpkg
Compiling architecture behavioral of entity xil_defaultlib.One_port_ram [one_port_ram_default]
Compiling architecture behavioral of entity xil_defaultlib.One_port_ram [\One_port_ram(addr_width=12)\]
Compiling architecture behavioral of entity xil_defaultlib.SevenSegDH [sevensegdh_default]
Compiling architecture behavioral of entity xil_defaultlib.debouncer [debouncer_default]
Compiling architecture behavioral of entity xil_defaultlib.ButtonD [buttond_default]
Compiling architecture xadc_v of entity unisim.XADC [\XADC(init_41="0010000110101111"...]
Compiling architecture xilinx of entity xil_defaultlib.XADC_EE [xadc_ee_default]
Compiling architecture logic of entity xil_defaultlib.i2c_master [\i2c_master(input_clk=100000000,...]
Compiling architecture behavior of entity xil_defaultlib.pmod_adc_ad7991 [pmod_adc_ad7991_default]
Compiling architecture arch of entity xil_defaultlib.mod_m_counter [\mod_m_counter(n=10,m=27)\]
Compiling architecture arch of entity xil_defaultlib.uart_rx [uart_rx_default]
Compiling architecture arch of entity xil_defaultlib.uart_tx [uart_tx_default]
Compiling architecture arch of entity xil_defaultlib.uart_mem [uart_mem_default]
Compiling architecture behavioral of entity xil_defaultlib.Int_Pmod_DA2 [int_pmod_da2_default]
Compiling architecture logic of entity xil_defaultlib.i2c_master [\i2c_master(input_clk=100000000)...]
Compiling architecture arch of entity xil_defaultlib.tri_counter [tri_counter_default]
Compiling architecture behavioral of entity xil_defaultlib.phi_export [phi_export_default]
Compiling architecture behavioral of entity xil_defaultlib.pipe_mul [pipe_mul_default]
Compiling architecture behavioral of entity xil_defaultlib.mul_com [mul_com_default]
Compiling architecture behavioral of entity xil_defaultlib.sineX [sinex_default]
Compiling architecture behavioral of entity xil_defaultlib.CLK_DIV [clk_div_default]
Compiling architecture behavioral of entity xil_defaultlib.EEBench [eebench_default]
Compiling architecture behavioral of entity xil_defaultlib.tb_eebench
Built simulation snapshot tb_EEBench_behav
INFO: [USF-XSim-69] 'elaborate' step finished in '3' seconds
INFO: [USF-XSim-4] XSim::Simulate design
INFO: [USF-XSim-61] Executing 'SIMULATE' step in 'C:/temp/NodeEEBench/Xilinx/EEBench/EEBench.sim/sim_1/behav/xsim'
INFO: [USF-XSim-98] *** Running xsim
   with args "tb_EEBench_behav -key {Behavioral:sim_1:Functional:tb_EEBench} -tclbatch {tb_EEBench.tcl} -log {simulate.log}"
INFO: [USF-XSim-8] Loading simulator feature
Vivado Simulator 2019.1
Time resolution is 1 ps
source tb_EEBench.tcl
# set curr_wave [current_wave_config]
# if { [string length $curr_wave] == 0 } {
#   if { [llength [get_objects]] > 0} {
#     add_wave /
#     set_property needs_save false [current_wave_config]
#   } else {
#      send_msg_id Add_Wave-1 WARNING "No top level signals found. Simulator will start without a wave window. If you want to open a wave window go to 'File->New Waveform Configuration' or type 'create_wave_config' in the TCL console."
#   }
# }
# run 1000ns
Warning: *** Warning: The analog data file for XADC was not found. Use the SIM_MONITOR_FILE generic to specify the input analog data file name or use default name: design.txt. 
Time: 0 ps  Iteration: 0  Process: /tb_EEBench/my_dut/my_adc/U0/READFILE_P  File: /wrk/2019.1/continuous/2019_05_24_2552052/data/vhdl/src/unisims/primitive/XADC.vhd
INFO: [USF-XSim-96] XSim completed. Design snapshot 'tb_EEBench_behav' loaded.
INFO: [USF-XSim-97] XSim simulation ran for 1000ns
launch_simulation: Time (s): cpu = 00:00:02 ; elapsed = 00:00:07 . Memory (MB): peak = 2213.695 ; gain = 0.000
restart
INFO: [Simtcl 6-17] Simulation restarted
run 1200 us
Warning: *** Warning: The analog data file for XADC was not found. Use the SIM_MONITOR_FILE generic to specify the input analog data file name or use default name: design.txt. 
Time: 0 ps  Iteration: 0  Process: /tb_EEBench/my_dut/my_adc/U0/READFILE_P  File: /wrk/2019.1/continuous/2019_05_24_2552052/data/vhdl/src/unisims/primitive/XADC.vhd
run: Time (s): cpu = 00:00:01 ; elapsed = 00:00:07 . Memory (MB): peak = 2213.695 ; gain = 0.000
reset_run synth_1
WARNING: [Vivado 12-1017] Problems encountered:
1. Failed to delete one or more files in run directory C:/temp/NodeEEBench/Xilinx/EEBench/EEBench.runs/synth_1

launch_runs impl_1 -to_step write_bitstream -jobs 7
[Thu Jun 25 22:47:54 2026] Launched synth_1...
Run output will be captured here: C:/temp/NodeEEBench/Xilinx/EEBench/EEBench.runs/synth_1/runme.log
[Thu Jun 25 22:47:54 2026] Launched impl_1...
Run output will be captured here: C:/temp/NodeEEBench/Xilinx/EEBench/EEBench.runs/impl_1/runme.log
run 200 us
close_sim
INFO: [Simtcl 6-16] Simulation closed
launch_simulation
INFO: [Vivado 12-5698] Checking validity of IPs in the design for the 'XSim' simulator...
INFO: [Vivado 12-5682] Launching behavioral simulation in 'C:/temp/NodeEEBench/Xilinx/EEBench/EEBench.sim/sim_1/behav/xsim'
INFO: [Vivado 12-4795] Using compiled simulation libraries for IPs
INFO: [SIM-utils-51] Simulation object is 'sim_1'
INFO: [USF-XSim-7] Finding pre-compiled libraries...
INFO: [USF-XSim-11] File 'C:/Xilinx/Vivado/2019.1/data/xsim/xsim.ini' copied to run dir:'C:/temp/NodeEEBench/Xilinx/EEBench/EEBench.sim/sim_1/behav/xsim'
INFO: [SIM-utils-54] Inspecting design source files for 'tb_EEBench' in fileset 'sim_1'...
INFO: [USF-XSim-97] Finding global include files...
INFO: [USF-XSim-98] Fetching design files from 'sim_1'...
INFO: [USF-XSim-2] XSim::Compile design
INFO: [USF-XSim-61] Executing 'COMPILE and ANALYZE' step in 'C:/temp/NodeEEBench/Xilinx/EEBench/EEBench.sim/sim_1/behav/xsim'
"xvhdl --incr --relax -prj tb_EEBench_vhdl.prj"
INFO: [VRFC 10-163] Analyzing VHDL file "C:/temp/NodeEEBench/Xilinx/EEBench/EEBench.srcs/sources_1/imports/Basys-3_XADC_VHDL/EEBench.vhd" into library xil_defaultlib
INFO: [VRFC 10-3107] analyzing entity 'EEBench'
INFO: [USF-XSim-69] 'compile' step finished in '1' seconds
INFO: [USF-XSim-3] XSim::Elaborate design
INFO: [USF-XSim-61] Executing 'ELABORATE' step in 'C:/temp/NodeEEBench/Xilinx/EEBench/EEBench.sim/sim_1/behav/xsim'
"xelab -wto 9f8b9f7a936d4439b2b9fafd7a1e63dd --incr --debug typical --relax --mt 2 -L xil_defaultlib -L secureip -L xpm --snapshot tb_EEBench_behav xil_defaultlib.tb_EEBench -log elaborate.log"
Vivado Simulator 2019.1
Copyright 1986-1999, 2001-2019 Xilinx, Inc. All Rights Reserved.
Running: C:/Xilinx/Vivado/2019.1/bin/unwrapped/win64.o/xelab.exe -wto 9f8b9f7a936d4439b2b9fafd7a1e63dd --incr --debug typical --relax --mt 2 -L xil_defaultlib -L secureip -L xpm --snapshot tb_EEBench_behav xil_defaultlib.tb_EEBench -log elaborate.log 
Using 2 slave threads.
Starting static elaboration
Completed static elaboration
Starting simulation data flow analysis
Completed simulation data flow analysis
Time Resolution for simulation is 1ps
Compiling package std.standard
Compiling package std.textio
Compiling package ieee.std_logic_1164
Compiling package ieee.numeric_std
Compiling package xil_defaultlib.txt_util
Compiling package ieee.std_logic_arith
Compiling package ieee.std_logic_unsigned
Compiling package ieee.math_real
Compiling package unisim.vcomponents
Compiling package ieee.std_logic_signed
Compiling package ieee.vital_timing
Compiling package ieee.vital_primitives
Compiling package unisim.vpkg
Compiling architecture behavioral of entity xil_defaultlib.One_port_ram [one_port_ram_default]
Compiling architecture behavioral of entity xil_defaultlib.One_port_ram [\One_port_ram(addr_width=12)\]
Compiling architecture behavioral of entity xil_defaultlib.SevenSegDH [sevensegdh_default]
Compiling architecture behavioral of entity xil_defaultlib.debouncer [debouncer_default]
Compiling architecture behavioral of entity xil_defaultlib.ButtonD [buttond_default]
Compiling architecture xadc_v of entity unisim.XADC [\XADC(init_41="0010000110101111"...]
Compiling architecture xilinx of entity xil_defaultlib.XADC_EE [xadc_ee_default]
Compiling architecture logic of entity xil_defaultlib.i2c_master [\i2c_master(input_clk=100000000,...]
Compiling architecture behavior of entity xil_defaultlib.pmod_adc_ad7991 [pmod_adc_ad7991_default]
Compiling architecture arch of entity xil_defaultlib.mod_m_counter [\mod_m_counter(n=10,m=27)\]
Compiling architecture arch of entity xil_defaultlib.uart_rx [uart_rx_default]
Compiling architecture arch of entity xil_defaultlib.uart_tx [uart_tx_default]
Compiling architecture arch of entity xil_defaultlib.uart_mem [uart_mem_default]
Compiling architecture behavioral of entity xil_defaultlib.Int_Pmod_DA2 [int_pmod_da2_default]
Compiling architecture logic of entity xil_defaultlib.i2c_master [\i2c_master(input_clk=100000000)...]
Compiling architecture arch of entity xil_defaultlib.tri_counter [tri_counter_default]
Compiling architecture behavioral of entity xil_defaultlib.phi_export [phi_export_default]
Compiling architecture behavioral of entity xil_defaultlib.pipe_mul [pipe_mul_default]
Compiling architecture behavioral of entity xil_defaultlib.mul_com [mul_com_default]
Compiling architecture behavioral of entity xil_defaultlib.sineX [sinex_default]
Compiling architecture behavioral of entity xil_defaultlib.CLK_DIV [clk_div_default]
Compiling architecture behavioral of entity xil_defaultlib.EEBench [eebench_default]
Compiling architecture behavioral of entity xil_defaultlib.tb_eebench
Built simulation snapshot tb_EEBench_behav
INFO: [USF-XSim-69] 'elaborate' step finished in '3' seconds
INFO: [USF-XSim-4] XSim::Simulate design
INFO: [USF-XSim-61] Executing 'SIMULATE' step in 'C:/temp/NodeEEBench/Xilinx/EEBench/EEBench.sim/sim_1/behav/xsim'
INFO: [USF-XSim-98] *** Running xsim
   with args "tb_EEBench_behav -key {Behavioral:sim_1:Functional:tb_EEBench} -tclbatch {tb_EEBench.tcl} -log {simulate.log}"
INFO: [USF-XSim-8] Loading simulator feature
Vivado Simulator 2019.1
Time resolution is 1 ps
source tb_EEBench.tcl
# set curr_wave [current_wave_config]
# if { [string length $curr_wave] == 0 } {
#   if { [llength [get_objects]] > 0} {
#     add_wave /
#     set_property needs_save false [current_wave_config]
#   } else {
#      send_msg_id Add_Wave-1 WARNING "No top level signals found. Simulator will start without a wave window. If you want to open a wave window go to 'File->New Waveform Configuration' or type 'create_wave_config' in the TCL console."
#   }
# }
# run 1000ns
Warning: *** Warning: The analog data file for XADC was not found. Use the SIM_MONITOR_FILE generic to specify the input analog data file name or use default name: design.txt. 
Time: 0 ps  Iteration: 0  Process: /tb_EEBench/my_dut/my_adc/U0/READFILE_P  File: /wrk/2019.1/continuous/2019_05_24_2552052/data/vhdl/src/unisims/primitive/XADC.vhd
INFO: [USF-XSim-96] XSim completed. Design snapshot 'tb_EEBench_behav' loaded.
INFO: [USF-XSim-97] XSim simulation ran for 1000ns
launch_simulation: Time (s): cpu = 00:00:02 ; elapsed = 00:00:06 . Memory (MB): peak = 2213.695 ; gain = 0.000
restart
INFO: [Simtcl 6-17] Simulation restarted
run 1500 us
Warning: *** Warning: The analog data file for XADC was not found. Use the SIM_MONITOR_FILE generic to specify the input analog data file name or use default name: design.txt. 
Time: 0 ps  Iteration: 0  Process: /tb_EEBench/my_dut/my_adc/U0/READFILE_P  File: /wrk/2019.1/continuous/2019_05_24_2552052/data/vhdl/src/unisims/primitive/XADC.vhd
run: Time (s): cpu = 00:00:01 ; elapsed = 00:00:09 . Memory (MB): peak = 2213.695 ; gain = 0.000
reset_run synth_1
WARNING: [Vivado 12-1017] Problems encountered:
1. Failed to delete one or more files in run directory C:/temp/NodeEEBench/Xilinx/EEBench/EEBench.runs/synth_1

launch_runs impl_1 -to_step write_bitstream -jobs 7
[Thu Jun 25 22:54:06 2026] Launched synth_1...
Run output will be captured here: C:/temp/NodeEEBench/Xilinx/EEBench/EEBench.runs/synth_1/runme.log
[Thu Jun 25 22:54:06 2026] Launched impl_1...
Run output will be captured here: C:/temp/NodeEEBench/Xilinx/EEBench/EEBench.runs/impl_1/runme.log
add_bp {C:/temp/NodeEEBench/Xilinx/EEBench/EEBench.srcs/sources_1/imports/Basys-3_XADC_VHDL/EEBench.vhd} 508
restart
INFO: [Simtcl 6-17] Simulation restarted
run 1500 us
Warning: *** Warning: The analog data file for XADC was not found. Use the SIM_MONITOR_FILE generic to specify the input analog data file name or use default name: design.txt. 
Time: 0 ps  Iteration: 0  Process: /tb_EEBench/my_dut/my_adc/U0/READFILE_P  File: /wrk/2019.1/continuous/2019_05_24_2552052/data/vhdl/src/unisims/primitive/XADC.vhd
Stopped at time : 0 fs : File "C:/temp/NodeEEBench/Xilinx/EEBench/EEBench.srcs/sources_1/imports/Basys-3_XADC_VHDL/EEBench.vhd" Line 508
run 1500 us
Stopped at time : 50 ns : File "C:/temp/NodeEEBench/Xilinx/EEBench/EEBench.srcs/sources_1/imports/Basys-3_XADC_VHDL/EEBench.vhd" Line 508
remove_bps -file {C:/temp/NodeEEBench/Xilinx/EEBench/EEBench.srcs/sources_1/imports/Basys-3_XADC_VHDL/EEBench.vhd} -line 508
run 1500 us
run: Time (s): cpu = 00:00:01 ; elapsed = 00:00:08 . Memory (MB): peak = 2213.695 ; gain = 0.000
INFO: [Labtoolstcl 44-466] Opening hw_target localhost:3121/xilinx_tcf/Digilent/210183A4D807A
INFO: [Labtools 27-1434] Device xc7a35t (JTAG device index = 0) is programmed with a design that has no supported debug core(s) in it.
WARNING: [Labtoolstcl 44-129] No matching hw_ila_data was found.
reset_run synth_1
WARNING: [Vivado 12-1017] Problems encountered:
1. Failed to delete one or more files in run directory C:/temp/NodeEEBench/Xilinx/EEBench/EEBench.runs/synth_1

launch_runs impl_1 -to_step write_bitstream -jobs 7
[Fri Jun 26 12:23:58 2026] Launched synth_1...
Run output will be captured here: C:/temp/NodeEEBench/Xilinx/EEBench/EEBench.runs/synth_1/runme.log
[Fri Jun 26 12:23:58 2026] Launched impl_1...
Run output will be captured here: C:/temp/NodeEEBench/Xilinx/EEBench/EEBench.runs/impl_1/runme.log
set_property PROBES.FILE {} [get_hw_devices xc7a35t_0]
set_property FULL_PROBES.FILE {} [get_hw_devices xc7a35t_0]
set_property PROGRAM.FILE {C:/temp/NodeEEBench/Xilinx/EEBench/EEBench.runs/impl_1/EEBench.bin} [get_hw_devices xc7a35t_0]
program_hw_devices [get_hw_devices xc7a35t_0]
INFO: [Labtools 27-3164] End of startup status: HIGH
refresh_hw_device [lindex [get_hw_devices xc7a35t_0] 0]
INFO: [Labtools 27-1434] Device xc7a35t (JTAG device index = 0) is programmed with a design that has no supported debug core(s) in it.
ERROR: [Labtoolstcl 44-513] HW Target shutdown. Closing target: localhost:3121/xilinx_tcf/Digilent/210183A4D807A
INFO: [Labtoolstcl 44-466] Opening hw_target localhost:3121/xilinx_tcf/Digilent/210183A4D807A
INFO: [Labtools 27-1434] Device xc7a35t (JTAG device index = 0) is programmed with a design that has no supported debug core(s) in it.
WARNING: [Labtoolstcl 44-129] No matching hw_ila_data was found.
set_property PROBES.FILE {} [get_hw_devices xc7a35t_0]
set_property FULL_PROBES.FILE {} [get_hw_devices xc7a35t_0]
set_property PROGRAM.FILE {C:/temp/NodeEEBench/Xilinx/EEBench/EEBench.runs/impl_1/EEBench.bin} [get_hw_devices xc7a35t_0]
program_hw_devices [get_hw_devices xc7a35t_0]
INFO: [Labtools 27-3164] End of startup status: HIGH
refresh_hw_device [lindex [get_hw_devices xc7a35t_0] 0]
INFO: [Labtools 27-1434] Device xc7a35t (JTAG device index = 0) is programmed with a design that has no supported debug core(s) in it.
close_hw
close_sim
INFO: [Simtcl 6-16] Simulation closed
exit
INFO: [Common 17-206] Exiting Vivado at Fri Jun 26 14:09:05 2026...
